Archive member included to satisfy reference by file (symbol)

C:/ST/STM32CubeIDE_1.10.1/STM32CubeIDE/plugins/com.st.stm32cube.ide.mcu.externaltools.gnu-tools-for-stm32.11.3.rel1.win32_1.1.0.202305231506/tools/bin/../lib/gcc/arm-none-eabi/11.3.1/../../../../arm-none-eabi/lib/thumb/v6-m/nofp\libstdc++_nano.a(del_ops.o)
                              ./Core/Src/Screen.o (operator delete(void*, unsigned int))
C:/ST/STM32CubeIDE_1.10.1/STM32CubeIDE/plugins/com.st.stm32cube.ide.mcu.externaltools.gnu-tools-for-stm32.11.3.rel1.win32_1.1.0.202305231506/tools/bin/../lib/gcc/arm-none-eabi/11.3.1/../../../../arm-none-eabi/lib/thumb/v6-m/nofp\libstdc++_nano.a(new_op.o)
                              ./Core/Src/Screen.o (operator new(unsigned int))
C:/ST/STM32CubeIDE_1.10.1/STM32CubeIDE/plugins/com.st.stm32cube.ide.mcu.externaltools.gnu-tools-for-stm32.11.3.rel1.win32_1.1.0.202305231506/tools/bin/../lib/gcc/arm-none-eabi/11.3.1/../../../../arm-none-eabi/lib/thumb/v6-m/nofp\libstdc++_nano.a(allocator-inst.o)
                              ./Core/Src/main.o (std::allocator<char>::allocator())
C:/ST/STM32CubeIDE_1.10.1/STM32CubeIDE/plugins/com.st.stm32cube.ide.mcu.externaltools.gnu-tools-for-stm32.11.3.rel1.win32_1.1.0.202305231506/tools/bin/../lib/gcc/arm-none-eabi/11.3.1/../../../../arm-none-eabi/lib/thumb/v6-m/nofp\libstdc++_nano.a(functexcept.o)
                              ./Core/Src/Screen.o (std::__throw_bad_alloc())
C:/ST/STM32CubeIDE_1.10.1/STM32CubeIDE/plugins/com.st.stm32cube.ide.mcu.externaltools.gnu-tools-for-stm32.11.3.rel1.win32_1.1.0.202305231506/tools/bin/../lib/gcc/arm-none-eabi/11.3.1/../../../../arm-none-eabi/lib/thumb/v6-m/nofp\libstdc++_nano.a(snprintf_lite.o)
                              C:/ST/STM32CubeIDE_1.10.1/STM32CubeIDE/plugins/com.st.stm32cube.ide.mcu.externaltools.gnu-tools-for-stm32.11.3.rel1.win32_1.1.0.202305231506/tools/bin/../lib/gcc/arm-none-eabi/11.3.1/../../../../arm-none-eabi/lib/thumb/v6-m/nofp\libstdc++_nano.a(functexcept.o) (__gnu_cxx::__snprintf_lite(char*, unsigned int, char const*, std::__va_list))
C:/ST/STM32CubeIDE_1.10.1/STM32CubeIDE/plugins/com.st.stm32cube.ide.mcu.externaltools.gnu-tools-for-stm32.11.3.rel1.win32_1.1.0.202305231506/tools/bin/../lib/gcc/arm-none-eabi/11.3.1/../../../../arm-none-eabi/lib/thumb/v6-m/nofp\libstdc++_nano.a(string-inst.o)
                              ./Core/Src/Screen.o (std::__cxx11::basic_string<char, std::char_traits<char>, std::allocator<char> >::basic_string())
C:/ST/STM32CubeIDE_1.10.1/STM32CubeIDE/plugins/com.st.stm32cube.ide.mcu.externaltools.gnu-tools-for-stm32.11.3.rel1.win32_1.1.0.202305231506/tools/bin/../lib/gcc/arm-none-eabi/11.3.1/../../../../arm-none-eabi/lib/thumb/v6-m/nofp\libstdc++_nano.a(del_op.o)
                              C:/ST/STM32CubeIDE_1.10.1/STM32CubeIDE/plugins/com.st.stm32cube.ide.mcu.externaltools.gnu-tools-for-stm32.11.3.rel1.win32_1.1.0.202305231506/tools/bin/../lib/gcc/arm-none-eabi/11.3.1/../../../../arm-none-eabi/lib/thumb/v6-m/nofp\libstdc++_nano.a(del_ops.o) (operator delete(void*))
C:/ST/STM32CubeIDE_1.10.1/STM32CubeIDE/plugins/com.st.stm32cube.ide.mcu.externaltools.gnu-tools-for-stm32.11.3.rel1.win32_1.1.0.202305231506/tools/bin/../lib/gcc/arm-none-eabi/11.3.1/../../../../arm-none-eabi/lib/thumb/v6-m/nofp\libstdc++_nano.a(new_handler.o)
                              C:/ST/STM32CubeIDE_1.10.1/STM32CubeIDE/plugins/com.st.stm32cube.ide.mcu.externaltools.gnu-tools-for-stm32.11.3.rel1.win32_1.1.0.202305231506/tools/bin/../lib/gcc/arm-none-eabi/11.3.1/../../../../arm-none-eabi/lib/thumb/v6-m/nofp\libstdc++_nano.a(new_op.o) (std::get_new_handler())
C:/ST/STM32CubeIDE_1.10.1/STM32CubeIDE/plugins/com.st.stm32cube.ide.mcu.externaltools.gnu-tools-for-stm32.11.3.rel1.win32_1.1.0.202305231506/tools/bin/../lib/gcc/arm-none-eabi/11.3.1/../../../../arm-none-eabi/lib/thumb/v6-m/nofp\libc_nano.a(libc_a-abort.o)
                              C:/ST/STM32CubeIDE_1.10.1/STM32CubeIDE/plugins/com.st.stm32cube.ide.mcu.externaltools.gnu-tools-for-stm32.11.3.rel1.win32_1.1.0.202305231506/tools/bin/../lib/gcc/arm-none-eabi/11.3.1/../../../../arm-none-eabi/lib/thumb/v6-m/nofp\libstdc++_nano.a(new_op.o) (abort)
C:/ST/STM32CubeIDE_1.10.1/STM32CubeIDE/plugins/com.st.stm32cube.ide.mcu.externaltools.gnu-tools-for-stm32.11.3.rel1.win32_1.1.0.202305231506/tools/bin/../lib/gcc/arm-none-eabi/11.3.1/../../../../arm-none-eabi/lib/thumb/v6-m/nofp\libc_nano.a(libc_a-exit.o)
                              C:/ST/STM32CubeIDE_1.10.1/STM32CubeIDE/plugins/com.st.stm32cube.ide.mcu.externaltools.gnu-tools-for-stm32.11.3.rel1.win32_1.1.0.202305231506/tools/bin/../lib/gcc/arm-none-eabi/11.3.1/../../../../arm-none-eabi/lib/thumb/v6-m/nofp/crt0.o (exit)
C:/ST/STM32CubeIDE_1.10.1/STM32CubeIDE/plugins/com.st.stm32cube.ide.mcu.externaltools.gnu-tools-for-stm32.11.3.rel1.win32_1.1.0.202305231506/tools/bin/../lib/gcc/arm-none-eabi/11.3.1/../../../../arm-none-eabi/lib/thumb/v6-m/nofp\libc_nano.a(libc_a-malloc.o)
[...]
Memory Configuration

Name             Origin             Length             Attributes
RAM              0x0000000020000000 0x0000000000002000 xrw
FLASH            0x0000000008000000 0x0000000000010000 xr
*default*        0x0000000000000000 0xffffffffffffffff

Linker script and memory map

LOAD C:/ST/STM32CubeIDE_1.10.1/STM32CubeIDE/plugins/com.st.stm32cube.ide.mcu.externaltools.gnu-tools-for-stm32.11.3.rel1.win32_1.1.0.202305231506/tools/bin/../lib/gcc/arm-none-eabi/11.3.1/thumb/v6-m/nofp/crti.o
LOAD C:/ST/STM32CubeIDE_1.10.1/STM32CubeIDE/plugins/com.st.stm32cube.ide.mcu.externaltools.gnu-tools-for-stm32.11.3.rel1.win32_1.1.0.202305231506/tools/bin/../lib/gcc/arm-none-eabi/11.3.1/thumb/v6-m/nofp/crtbegin.o
LOAD C:/ST/STM32CubeIDE_1.10.1/STM32CubeIDE/plugins/com.st.stm32cube.ide.mcu.externaltools.gnu-tools-for-stm32.11.3.rel1.win32_1.1.0.202305231506/tools/bin/../lib/gcc/arm-none-eabi/11.3.1/../../../../arm-none-eabi/lib/thumb/v6-m/nofp/crt0.o
LOAD ./Core/Src/Button.o
LOAD ./Core/Src/DateTimeScreen.o
LOAD ./Core/Src/FourColScreen.o
LOAD ./Core/Src/OneColMenuScreen.o
LOAD ./Core/Src/Screen.o
LOAD ./Core/Src/TwoColMenuScreen.o
LOAD ./Core/Src/lcd_i2c_lib.o
LOAD ./Core/Src/main.o
LOAD ./Core/Src/rtc.o
LOAD ./Core/Src/stm32f0xx_hal_msp.o
LOAD ./Core/Src/stm32f0xx_it.o
LOAD ./Core/Src/syscalls.o
LOAD ./Core/Src/sysmem.o
LOAD ./Core/Src/system_stm32f0xx.o
LOAD ./Core/Src/timer.o
LOAD ./Core/Startup/startup_stm32f030r8tx.o
LOAD ./Drivers/STM32F0xx_HAL_Driver/Src/stm32f0xx_hal.o
LOAD ./Drivers/STM32F0xx_HAL_Driver/Src/stm32f0xx_hal_cortex.o
LOAD ./Drivers/STM32F0xx_HAL_Driver/Src/stm32f0xx_hal_dma.o
LOAD ./Drivers/STM32F0xx_HAL_Driver/Src/stm32f0xx_hal_exti.o
LOAD ./Drivers/STM32F0xx_HAL_Driver/Src/stm32f0xx_hal_flash.o
LOAD ./Drivers/STM32F0xx_HAL_Driver/Src/stm32f0xx_hal_flash_ex.o
LOAD ./Drivers/STM32F0xx_HAL_Driver/Src/stm32f0xx_hal_gpio.o
LOAD ./Drivers/STM32F0xx_HAL_Driver/Src/stm32f0xx_hal_i2c.o
LOAD ./Drivers/STM32F0xx_HAL_Driver/Src/stm32f0xx_hal_i2c_ex.o
LOAD ./Drivers/STM32F0xx_HAL_Driver/Src/stm32f0xx_hal_pwr.o
LOAD ./Drivers/STM32F0xx_HAL_Driver/Src/stm32f0xx_hal_pwr_ex.o
LOAD ./Drivers/STM32F0xx_HAL_Driver/Src/stm32f0xx_hal_rcc.o
LOAD ./Drivers/STM32F0xx_HAL_Driver/Src/stm32f0xx_hal_rcc_ex.o
LOAD ./Drivers/STM32F0xx_HAL_Driver/Src/stm32f0xx_hal_rtc.o
LOAD ./Drivers/STM32F0xx_HAL_Driver/Src/stm32f0xx_hal_rtc_ex.o
LOAD ./Drivers/STM32F0xx_HAL_Driver/Src/stm32f0xx_hal_tim.o
LOAD ./Drivers/STM32F0xx_HAL_Driver/Src/stm32f0xx_hal_tim_ex.o
LOAD ./Drivers/STM32F0xx_HAL_Driver/Src/stm32f0xx_hal_uart.o
LOAD ./Drivers/STM32F0xx_HAL_Driver/Src/stm32f0xx_hal_uart_ex.o
START GROUP
LOAD C:/ST/STM32CubeIDE_1.10.1/STM32CubeIDE/plugins/com.st.stm32cube.ide.mcu.externaltools.gnu-tools-for-stm32.11.3.rel1.win32_1.1.0.202305231506/tools/bin/../lib/gcc/arm-none-eabi/11.3.1/../../../../arm-none-eabi/lib/thumb/v6-m/nofp\libstdc++_nano.a
LOAD C:/ST/STM32CubeIDE_1.10.1/STM32CubeIDE/plugins/com.st.stm32cube.ide.mcu.externaltools.gnu-tools-for-stm32.11.3.rel1.win32_1.1.0.202305231506/tools/bin/../lib/gcc/arm-none-eabi/11.3.1/../../../../arm-none-eabi/lib/thumb/v6-m/nofp\libsupc++_nano.a
END GROUP
LOAD C:/ST/STM32CubeIDE_1.10.1/STM32CubeIDE/plugins/com.st.stm32cube.ide.mcu.externaltools.gnu-tools-for-stm32.11.3.rel1.win32_1.1.0.202305231506/tools/bin/../lib/gcc/arm-none-eabi/11.3.1/../../../../arm-none-eabi/lib/thumb/v6-m/nofp\libstdc++_nano.a
LOAD C:/ST/STM32CubeIDE_1.10.1/STM32CubeIDE/plugins/com.st.stm32cube.ide.mcu.externaltools.gnu-tools-for-stm32.11.3.rel1.win32_1.1.0.202305231506/tools/bin/../lib/gcc/arm-none-eabi/11.3.1/../../../../arm-none-eabi/lib/thumb/v6-m/nofp\libm.a
LOAD C:/ST/STM32CubeIDE_1.10.1/STM32CubeIDE/plugins/com.st.stm32cube.ide.mcu.externaltools.gnu-tools-for-stm32.11.3.rel1.win32_1.1.0.202305231506/tools/bin/../lib/gcc/arm-none-eabi/11.3.1/../../../../arm-none-eabi/lib/thumb/v6-m/nofp\libc_nano.a
START GROUP
LOAD C:/ST/STM32CubeIDE_1.10.1/STM32CubeIDE/plugins/com.st.stm32cube.ide.mcu.externaltools.gnu-tools-for-stm32.11.3.rel1.win32_1.1.0.202305231506/tools/bin/../lib/gcc/arm-none-eabi/11.3.1/thumb/v6-m/nofp\libgcc.a
LOAD C:/ST/STM32CubeIDE_1.10.1/STM32CubeIDE/plugins/com.st.stm32cube.ide.mcu.externaltools.gnu-tools-for-stm32.11.3.rel1.win32_1.1.0.202305231506/tools/bin/../lib/gcc/arm-none-eabi/11.3.1/../../../../arm-none-eabi/lib/thumb/v6-m/nofp\libc_nano.a
END GROUP
START GROUP
LOAD C:/ST/STM32CubeIDE_1.10.1/STM32CubeIDE/plugins/com.st.stm32cube.ide.mcu.externaltools.gnu-tools-for-stm32.11.3.rel1.win32_1.1.0.202305231506/tools/bin/../lib/gcc/arm-none-eabi/11.3.1/thumb/v6-m/nofp\libgcc.a
LOAD C:/ST/STM32CubeIDE_1.10.1/STM32CubeIDE/plugins/com.st.stm32cube.ide.mcu.externaltools.gnu-tools-for-stm32.11.3.rel1.win32_1.1.0.202305231506/tools/bin/../lib/gcc/arm-none-eabi/11.3.1/../../../../arm-none-eabi/lib/thumb/v6-m/nofp\libc_nano.a
LOAD C:/ST/STM32CubeIDE_1.10.1/STM32CubeIDE/plugins/com.st.stm32cube.ide.mcu.externaltools.gnu-tools-for-stm32.11.3.rel1.win32_1.1.0.202305231506/tools/bin/../lib/gcc/arm-none-eabi/11.3.1/../../../../arm-none-eabi/lib/thumb/v6-m/nofp\libnosys.a
END GROUP
START GROUP
LOAD C:/ST/STM32CubeIDE_1.10.1/STM32CubeIDE/plugins/com.st.stm32cube.ide.mcu.externaltools.gnu-tools-for-stm32.11.3.rel1.win32_1.1.0.202305231506/tools/bin/../lib/gcc/arm-none-eabi/11.3.1/thumb/v6-m/nofp\libgcc.a
LOAD C:/ST/STM32CubeIDE_1.10.1/STM32CubeIDE/plugins/com.st.stm32cube.ide.mcu.externaltools.gnu-tools-for-stm32.11.3.rel1.win32_1.1.0.202305231506/tools/bin/../lib/gcc/arm-none-eabi/11.3.1/../../../../arm-none-eabi/lib/thumb/v6-m/nofp\libc_nano.a
LOAD C:/ST/STM32CubeIDE_1.10.1/STM32CubeIDE/plugins/com.st.stm32cube.ide.mcu.externaltools.gnu-tools-for-stm32.11.3.rel1.win32_1.1.0.202305231506/tools/bin/../lib/gcc/arm-none-eabi/11.3.1/../../../../arm-none-eabi/lib/thumb/v6-m/nofp\libnosys.a
END GROUP
LOAD C:/ST/STM32CubeIDE_1.10.1/STM32CubeIDE/plugins/com.st.stm32cube.ide.mcu.externaltools.gnu-tools-for-stm32.11.3.rel1.win32_1.1.0.202305231506/tools/bin/../lib/gcc/arm-none-eabi/11.3.1/thumb/v6-m/nofp/crtend.o
LOAD C:/ST/STM32CubeIDE_1.10.1/STM32CubeIDE/plugins/com.st.stm32cube.ide.mcu.externaltools.gnu-tools-for-stm32.11.3.rel1.win32_1.1.0.202305231506/tools/bin/../lib/gcc/arm-none-eabi/11.3.1/thumb/v6-m/nofp/crtn.o
                0x0000000020002000                _estack = (ORIGIN (RAM) + LENGTH (RAM))
                0x0000000000000200                _Min_Heap_Size = 0x200
                0x0000000000000400                _Min_Stack_Size = 0x400

.isr_vector     0x0000000008000000       0xc0
                0x0000000008000000                . = ALIGN (0x4)
 *(.isr_vector)
 .isr_vector    0x0000000008000000       0xc0 ./Core/Startup/startup_stm32f030r8tx.o
                0x0000000008000000                g_pfnVectors
                0x00000000080000c0                . = ALIGN (0x4)

.text           0x00000000080000c0     0xa250
                0x00000000080000c0                . = ALIGN (0x4)
 *(.text)
 .text          0x00000000080000c0       0x48 C:/ST/STM32CubeIDE_1.10.1/STM32CubeIDE/plugins/com.st.stm32cube.ide.mcu.externaltools.gnu-tools-for-stm32.11.3.rel1.win32_1.1.0.202305231506/tools/bin/../lib/gcc/arm-none-eabi/11.3.1/thumb/v6-m/nofp/crtbegin.o
 .text          0x0000000008000108        0xe C:/ST/STM32CubeIDE_1.10.1/STM32CubeIDE/plugins/com.st.stm32cube.ide.mcu.externaltools.gnu-tools-for-stm32.11.3.rel1.win32_1.1.0.202305231506/tools/bin/../lib/gcc/arm-none-eabi/11.3.1/../../../../arm-none-eabi/lib/thumb/v6-m/nofp\libc_nano.a(libc_a-strlen.o)
                0x0000000008000108                strlen
 *fill*         0x0000000008000116        0x2 
 .text          0x0000000008000118       0x14 C:/ST/STM32CubeIDE_1.10.1/STM32CubeIDE/plugins/com.st.stm32cube.ide.mcu.externaltools.gnu-tools-for-stm32.11.3.rel1.win32_1.1.0.202305231506/tools/bin/../lib/gcc/arm-none-eabi/11.3.1/thumb/v6-m/nofp\libgcc.a(_thumb1_case_shi.o)
                0x0000000008000118                __gnu_thumb1_case_shi
 .text          0x000000000800012c      0x114 C:/ST/STM32CubeIDE_1.10.1/STM32CubeIDE/plugins/com.st.stm32cube.ide.mcu.externaltools.gnu-tools-for-stm32.11.3.rel1.win32_1.1.0.202305231506/tools/bin/../lib/gcc/arm-none-eabi/11.3.1/thumb/v6-m/nofp\libgcc.a(_udivsi3.o)
                0x000000000800012c                __aeabi_uidiv
                0x000000000800012c                __udivsi3
                0x0000000008000238                __aeabi_uidivmod
 .text          0x0000000008000240        0x4 C:/ST/STM32CubeIDE_1.10.1/STM32CubeIDE/plugins/com.st.stm32cube.ide.mcu.externaltools.gnu-tools-for-stm32.11.3.rel1.win32_1.1.0.202305231506/tools/bin/../lib/gcc/arm-none-eabi/11.3.1/thumb/v6-m/nofp\libgcc.a(_dvmd_tls.o)
                0x0000000008000240                __aeabi_idiv0
                0x0000000008000240                __aeabi_ldiv0
 *(.text*)
 .text._ZN6ButtonC2EP12GPIO_TypeDefhh
                0x0000000008000244       0x6c ./Core/Src/Button.o
                0x0000000008000244                Button::Button(GPIO_TypeDef*, unsigned char, unsigned char)
                0x0000000008000244                Button::Button(GPIO_TypeDef*, unsigned char, unsigned char)
 .text._ZN6Button7clickedEv
                0x00000000080002b0       0x60 ./Core/Src/Button.o
                0x00000000080002b0                Button::clicked()
 .text._ZN6Button7pressedEv
                0x0000000008000310       0x64 ./Core/Src/Button.o
                0x0000000008000310                Button::pressed()
 .text._ZN6Button9unpressedEv
                0x0000000008000374       0x64 ./Core/Src/Button.o
                0x0000000008000374                Button::unpressed()
 .text._ZN6Screen10cursorDownEv
                0x00000000080003d8       0x10 ./Core/Src/DateTimeScreen.o
                0x00000000080003d8                Screen::cursorDown()
 .text._ZN6Screen8cursorUpEv
                0x00000000080003e8       0x10 ./Core/Src/DateTimeScreen.o
                0x00000000080003e8                Screen::cursorUp()
 .text._ZN14DateTimeScreenC2EP6Screen
                0x00000000080003f8       0x2c ./Core/Src/DateTimeScreen.o
                0x00000000080003f8                DateTimeScreen::DateTimeScreen(Screen*)
                0x00000000080003f8                DateTimeScreen::DateTimeScreen(Screen*)
 .text._ZN14DateTimeScreen4showEa
                0x0000000008000424       0x88 ./Core/Src/DateTimeScreen.o
                0x0000000008000424                DateTimeScreen::show(signed char)
 .text._ZNSt6vectorIN6Screen4LineESaIS1_EEixEj
                0x00000000080004ac       0x22 ./Core/Src/DateTimeScreen.o
                0x00000000080004ac                std::vector<Screen::Line, std::allocator<Screen::Line> >::operator[](unsigned int)
 *fill*         0x00000000080004ce        0x2 
 .text._ZN13FourColScreenC2EP6Screen
                0x00000000080004d0       0x2c ./Core/Src/FourColScreen.o
                0x00000000080004d0                FourColScreen::FourColScreen(Screen*)
                0x00000000080004d0                FourColScreen::FourColScreen(Screen*)
 .text._ZN13FourColScreen4showEa
                0x00000000080004fc      0x2dc ./Core/Src/FourColScreen.o
                0x00000000080004fc                FourColScreen::show(signed char)
 .text._ZN13FourColScreen10cursorDownEv
                0x00000000080007d8       0x5c ./Core/Src/FourColScreen.o
                0x00000000080007d8                FourColScreen::cursorDown()
 .text._ZN13FourColScreen8cursorUpEv
                0x0000000008000834       0x54 ./Core/Src/FourColScreen.o
                0x0000000008000834                FourColScreen::cursorUp()
 .text._ZN16OneColMenuScreenC2EP6Screen
                0x0000000008000888       0x2c ./Core/Src/OneColMenuScreen.o
                0x0000000008000888                OneColMenuScreen::OneColMenuScreen(Screen*)
                0x0000000008000888                OneColMenuScreen::OneColMenuScreen(Screen*)
 .text._ZN16OneColMenuScreen4showEa
                0x00000000080008b4       0xc0 ./Core/Src/OneColMenuScreen.o
                0x00000000080008b4                OneColMenuScreen::show(signed char)
 .text._ZN16OneColMenuScreen10cursorDownEv
                0x0000000008000974       0xd0 ./Core/Src/OneColMenuScreen.o
                0x0000000008000974                OneColMenuScreen::cursorDown()
 .text._ZN16OneColMenuScreen8cursorUpEv
                0x0000000008000a44       0xb8 ./Core/Src/OneColMenuScreen.o
                0x0000000008000a44                OneColMenuScreen::cursorUp()
 .text._ZnwjPv  0x0000000008000afc       0x14 ./Core/Src/Screen.o
                0x0000000008000afc                operator new(unsigned int, void*)
 .text._ZN6Screen4showEa
                0x0000000008000b10       0x16 ./Core/Src/Screen.o
                0x0000000008000b10                Screen::show(signed char)
 .text._ZNSt12_Vector_baseIN6Screen4LineESaIS1_EEC2Ev
                0x0000000008000b26       0x1a ./Core/Src/Screen.o
                0x0000000008000b26                std::_Vector_base<Screen::Line, std::allocator<Screen::Line> >::_Vector_base()
                0x0000000008000b26                std::_Vector_base<Screen::Line, std::allocator<Screen::Line> >::_Vector_base()
 .text._ZNSt6vectorIN6Screen4LineESaIS1_EEC2Ev
                0x0000000008000b40       0x1a ./Core/Src/Screen.o
                0x0000000008000b40                std::vector<Screen::Line, std::allocator<Screen::Line> >::vector()
                0x0000000008000b40                std::vector<Screen::Line, std::allocator<Screen::Line> >::vector()
 *fill*         0x0000000008000b5a        0x2 
 .text._ZN6ScreenC2EPS_
                0x0000000008000b5c       0x68 ./Core/Src/Screen.o
                0x0000000008000b5c                Screen::Screen(Screen*)
                0x0000000008000b5c                Screen::Screen(Screen*)
 .text._ZN6Screen10selectLineEv
                0x0000000008000bc4       0x6a ./Core/Src/Screen.o
                0x0000000008000bc4                Screen::selectLine()
 .text._ZN6Screen7addLineENSt7__cxx1112basic_stringIcSt11char_traitsIcESaIcEEEPS_
                0x0000000008000c2e       0xa8 ./Core/Src/Screen.o
                0x0000000008000c2e                Screen::addLine(std::__cxx11::basic_string<char, std::char_traits<char>, std::allocator<char> >, Screen*)
 .text._ZN6Screen9resetLineEhNSt7__cxx1112basic_stringIcSt11char_traitsIcESaIcEEE
                0x0000000008000cd6       0x4e ./Core/Src/Screen.o
                0x0000000008000cd6                Screen::resetLine(unsigned char, std::__cxx11::basic_string<char, std::char_traits<char>, std::allocator<char> >)
 .text._ZN6Screen9getParentEv
                0x0000000008000d24       0x14 ./Core/Src/Screen.o
                0x0000000008000d24                Screen::getParent()
 .text._ZN6Screen12getMenuShiftEv
                0x0000000008000d38       0x18 ./Core/Src/Screen.o
                0x0000000008000d38                Screen::getMenuShift()
 .text._ZN6Screen12setCursorPosEh
                0x0000000008000d50       0x24 ./Core/Src/Screen.o
                0x0000000008000d50                Screen::setCursorPos(unsigned char)
 .text._ZN6Screen12setMenuShiftEh
                0x0000000008000d74       0x20 ./Core/Src/Screen.o
                0x0000000008000d74                Screen::setMenuShift(unsigned char)
 .text._ZN6Screen4LineC2Ev
                0x0000000008000d94       0x2c ./Core/Src/Screen.o
                0x0000000008000d94                Screen::Line::Line()
                0x0000000008000d94                Screen::Line::Line()
 .text._ZN6Screen4Line8setValueENSt7__cxx1112basic_stringIcSt11char_traitsIcESaIcEEE
                0x0000000008000dc0       0x1e ./Core/Src/Screen.o
                0x0000000008000dc0                Screen::Line::setValue(std::__cxx11::basic_string<char, std::char_traits<char>, std::allocator<char> >)
 .text._ZN6Screen4Line8setChildEPS_
                0x0000000008000dde       0x18 ./Core/Src/Screen.o
                0x0000000008000dde                Screen::Line::setChild(Screen*)
 .text._ZN6Screen4Line8getChildEv
                0x0000000008000df6       0x14 ./Core/Src/Screen.o
                0x0000000008000df6                Screen::Line::getChild()
 .text._ZN6Screen4Line8getValueB5cxx11Ev
                0x0000000008000e0a       0x1e ./Core/Src/Screen.o
                0x0000000008000e0a                Screen::Line::getValue[abi:cxx11]()
 .text._ZNSt12_Vector_baseIN6Screen4LineESaIS1_EE12_Vector_implC2Ev
                0x0000000008000e28       0x22 ./Core/Src/Screen.o
                0x0000000008000e28                std::_Vector_base<Screen::Line, std::allocator<Screen::Line> >::_Vector_impl::_Vector_impl()
                0x0000000008000e28                std::_Vector_base<Screen::Line, std::allocator<Screen::Line> >::_Vector_impl::_Vector_impl()
 .text._ZNKSt6vectorIN6Screen4LineESaIS1_EE4sizeEv
                0x0000000008000e4a       0x34 ./Core/Src/Screen.o
                0x0000000008000e4a                std::vector<Screen::Line, std::allocator<Screen::Line> >::size() const
 .text._ZNSt6vectorIN6Screen4LineESaIS1_EE6resizeEj
                0x0000000008000e7e       0x76 ./Core/Src/Screen.o
                0x0000000008000e7e                std::vector<Screen::Line, std::allocator<Screen::Line> >::resize(unsigned int)
 .text._ZNSaIN6Screen4LineEEC2Ev
                0x0000000008000ef4       0x1a ./Core/Src/Screen.o
                0x0000000008000ef4                std::allocator<Screen::Line>::allocator()
                0x0000000008000ef4                std::allocator<Screen::Line>::allocator()
 .text._ZNSt12_Vector_baseIN6Screen4LineESaIS1_EE17_Vector_impl_dataC2Ev
                0x0000000008000f0e       0x24 ./Core/Src/Screen.o
                0x0000000008000f0e                std::_Vector_base<Screen::Line, std::allocator<Screen::Line> >::_Vector_impl_data::_Vector_impl_data()
                0x0000000008000f0e                std::_Vector_base<Screen::Line, std::allocator<Screen::Line> >::_Vector_impl_data::_Vector_impl_data()
 .text._ZNSt12_Vector_baseIN6Screen4LineESaIS1_EE13_M_deallocateEPS1_j
                0x0000000008000f32       0x26 ./Core/Src/Screen.o
                0x0000000008000f32                std::_Vector_base<Screen::Line, std::allocator<Screen::Line> >::_M_deallocate(Screen::Line*, unsigned int)
 .text._ZNSt12_Vector_baseIN6Screen4LineESaIS1_EE19_M_get_Tp_allocatorEv
                0x0000000008000f58       0x12 ./Core/Src/Screen.o
                0x0000000008000f58                std::_Vector_base<Screen::Line, std::allocator<Screen::Line> >::_M_get_Tp_allocator()
 .text._ZSt8_DestroyIPN6Screen4LineES1_EvT_S3_RSaIT0_E
                0x0000000008000f6a       0x20 ./Core/Src/Screen.o
                0x0000000008000f6a                void std::_Destroy<Screen::Line*, Screen::Line>(Screen::Line*, Screen::Line*, std::allocator<Screen::Line>&)
 .text._ZNSt6vectorIN6Screen4LineESaIS1_EE15_S_use_relocateEv
                0x0000000008000f8a       0x16 ./Core/Src/Screen.o
                0x0000000008000f8a                std::vector<Screen::Line, std::allocator<Screen::Line> >::_S_use_relocate()
 .text._ZNSt6vectorIN6Screen4LineESaIS1_EE19_S_nothrow_relocateESt17integral_constantIbLb1EE
                0x0000000008000fa0       0x14 ./Core/Src/Screen.o
                0x0000000008000fa0                std::vector<Screen::Line, std::allocator<Screen::Line> >::_S_nothrow_relocate(std::integral_constant<bool, true>)
 .text._ZNSt6vectorIN6Screen4LineESaIS1_EE17_M_default_appendEj
                0x0000000008000fb4      0x1d0 ./Core/Src/Screen.o
                0x0000000008000fb4                std::vector<Screen::Line, std::allocator<Screen::Line> >::_M_default_append(unsigned int)
 .text._ZNSt6vectorIN6Screen4LineESaIS1_EE15_M_erase_at_endEPS1_
                0x0000000008001184       0x5a ./Core/Src/Screen.o
                0x0000000008001184                std::vector<Screen::Line, std::allocator<Screen::Line> >::_M_erase_at_end(Screen::Line*)
 .text._ZN9__gnu_cxx13new_allocatorIN6Screen4LineEEC2Ev
                0x00000000080011de       0x12 ./Core/Src/Screen.o
                0x00000000080011de                __gnu_cxx::new_allocator<Screen::Line>::new_allocator()
                0x00000000080011de                __gnu_cxx::new_allocator<Screen::Line>::new_allocator()
 .text._ZNSt16allocator_traitsISaIN6Screen4LineEEE10deallocateERS2_PS1_j
                0x00000000080011f0       0x20 ./Core/Src/Screen.o
                0x00000000080011f0                std::allocator_traits<std::allocator<Screen::Line> >::deallocate(std::allocator<Screen::Line>&, Screen::Line*, unsigned int)
 .text._ZSt8_DestroyIPN6Screen4LineEEvT_S3_
                0x0000000008001210       0x1e ./Core/Src/Screen.o
                0x0000000008001210                void std::_Destroy<Screen::Line*>(Screen::Line*, Screen::Line*)
 .text._ZNKSt6vectorIN6Screen4LineESaIS1_EE8max_sizeEv
                0x000000000800122e       0x22 ./Core/Src/Screen.o
                0x000000000800122e                std::vector<Screen::Line, std::allocator<Screen::Line> >::max_size() const
 .text._ZSt27__uninitialized_default_n_aIPN6Screen4LineEjS1_ET_S3_T0_RSaIT1_E
                0x0000000008001250       0x22 ./Core/Src/Screen.o
                0x0000000008001250                Screen::Line* std::__uninitialized_default_n_a<Screen::Line*, unsigned int, Screen::Line>(Screen::Line*, unsigned int, std::allocator<Screen::Line>&)
 .text._ZNKSt6vectorIN6Screen4LineESaIS1_EE12_M_check_lenEjPKc
                0x0000000008001272       0x9c ./Core/Src/Screen.o
                0x0000000008001272                std::vector<Screen::Line, std::allocator<Screen::Line> >::_M_check_len(unsigned int, char const*) const
 .text._ZNSt12_Vector_baseIN6Screen4LineESaIS1_EE11_M_allocateEj
                0x000000000800130e       0x2a ./Core/Src/Screen.o
                0x000000000800130e                std::_Vector_base<Screen::Line, std::allocator<Screen::Line> >::_M_allocate(unsigned int)
 .text._ZNSt6vectorIN6Screen4LineESaIS1_EE11_S_relocateEPS1_S4_S4_RS2_
                0x0000000008001338       0x2a ./Core/Src/Screen.o
                0x0000000008001338                std::vector<Screen::Line, std::allocator<Screen::Line> >::_S_relocate(Screen::Line*, Screen::Line*, Screen::Line*, std::allocator<Screen::Line>&)
 .text._ZSt34__uninitialized_move_if_noexcept_aIPN6Screen4LineES2_SaIS1_EET0_T_S5_S4_RT1_
                0x0000000008001362       0x36 ./Core/Src/Screen.o
                0x0000000008001362                Screen::Line* std::__uninitialized_move_if_noexcept_a<Screen::Line*, Screen::Line*, std::allocator<Screen::Line> >(Screen::Line*, Screen::Line*, Screen::Line*, std::allocator<Screen::Line>&)
 .text._ZN9__gnu_cxx13new_allocatorIN6Screen4LineEE10deallocateEPS2_j
                0x0000000008001398       0x2a ./Core/Src/Screen.o
                0x0000000008001398                __gnu_cxx::new_allocator<Screen::Line>::deallocate(Screen::Line*, unsigned int)
 .text._ZNSt12_Destroy_auxILb0EE9__destroyIPN6Screen4LineEEEvT_S5_
                0x00000000080013c2       0x34 ./Core/Src/Screen.o
                0x00000000080013c2                void std::_Destroy_aux<false>::__destroy<Screen::Line*>(Screen::Line*, Screen::Line*)
 *fill*         0x00000000080013f6        0x2 
 .text._ZNSt6vectorIN6Screen4LineESaIS1_EE11_S_max_sizeERKS2_
                0x00000000080013f8       0x38 ./Core/Src/Screen.o
                0x00000000080013f8                std::vector<Screen::Line, std::allocator<Screen::Line> >::_S_max_size(std::allocator<Screen::Line> const&)
 .text._ZNKSt12_Vector_baseIN6Screen4LineESaIS1_EE19_M_get_Tp_allocatorEv
                0x0000000008001430       0x12 ./Core/Src/Screen.o
                0x0000000008001430                std::_Vector_base<Screen::Line, std::allocator<Screen::Line> >::_M_get_Tp_allocator() const
 .text._ZSt25__uninitialized_default_nIPN6Screen4LineEjET_S3_T0_
                0x0000000008001442       0x28 ./Core/Src/Screen.o
                0x0000000008001442                Screen::Line* std::__uninitialized_default_n<Screen::Line*, unsigned int>(Screen::Line*, unsigned int)
 .text._ZSt3maxIjERKT_S2_S2_
                0x000000000800146a       0x24 ./Core/Src/Screen.o
                0x000000000800146a                unsigned int const& std::max<unsigned int>(unsigned int const&, unsigned int const&)
 .text._ZNSt16allocator_traitsISaIN6Screen4LineEEE8allocateERS2_j
                0x000000000800148e       0x20 ./Core/Src/Screen.o
                0x000000000800148e                std::allocator_traits<std::allocator<Screen::Line> >::allocate(std::allocator<Screen::Line>&, unsigned int)
 .text._ZNSt6vectorIN6Screen4LineESaIS1_EE14_S_do_relocateEPS1_S4_S4_RS2_St17integral_constantIbLb1EE
                0x00000000080014ae       0x24 ./Core/Src/Screen.o
                0x00000000080014ae                std::vector<Screen::Line, std::allocator<Screen::Line> >::_S_do_relocate(Screen::Line*, Screen::Line*, Screen::Line*, std::allocator<Screen::Line>&, std::integral_constant<bool, true>)
 .text._ZSt32__make_move_if_noexcept_iteratorIN6Screen4LineESt13move_iteratorIPS1_EET0_PT_
                0x00000000080014d2       0x20 ./Core/Src/Screen.o
                0x00000000080014d2                std::move_iterator<Screen::Line*> std::__make_move_if_noexcept_iterator<Screen::Line, std::move_iterator<Screen::Line*> >(Screen::Line*)
 .text._ZSt22__uninitialized_copy_aISt13move_iteratorIPN6Screen4LineEES3_S2_ET0_T_S6_S5_RSaIT1_E
                0x00000000080014f2       0x24 ./Core/Src/Screen.o
                0x00000000080014f2                Screen::Line* std::__uninitialized_copy_a<std::move_iterator<Screen::Line*>, Screen::Line*, Screen::Line>(std::move_iterator<Screen::Line*>, std::move_iterator<Screen::Line*>, Screen::Line*, std::allocator<Screen::Line>&)
 .text._ZSt11__addressofIN6Screen4LineEEPT_RS2_
                0x0000000008001516       0x12 ./Core/Src/Screen.o
                0x0000000008001516                Screen::Line* std::__addressof<Screen::Line>(Screen::Line&)
 .text._ZN6Screen4LineD2Ev
                0x0000000008001528       0x1a ./Core/Src/Screen.o
                0x0000000008001528                Screen::Line::~Line()
                0x0000000008001528                Screen::Line::~Line()
 .text._ZSt8_DestroyIN6Screen4LineEEvPT_
                0x0000000008001542       0x18 ./Core/Src/Screen.o
                0x0000000008001542                void std::_Destroy<Screen::Line>(Screen::Line*)
 .text._ZNSt16allocator_traitsISaIN6Screen4LineEEE8max_sizeERKS2_
                0x000000000800155a       0x1a ./Core/Src/Screen.o
                0x000000000800155a                std::allocator_traits<std::allocator<Screen::Line> >::max_size(std::allocator<Screen::Line> const&)
 .text._ZSt3minIjERKT_S2_S2_
                0x0000000008001574       0x24 ./Core/Src/Screen.o
                0x0000000008001574                unsigned int const& std::min<unsigned int>(unsigned int const&, unsigned int const&)
 .text._ZNSt27__uninitialized_default_n_1ILb0EE18__uninit_default_nIPN6Screen4LineEjEET_S5_T0_
                0x0000000008001598       0x3c ./Core/Src/Screen.o
                0x0000000008001598                Screen::Line* std::__uninitialized_default_n_1<false>::__uninit_default_n<Screen::Line*, unsigned int>(Screen::Line*, unsigned int)
 .text._ZNK9__gnu_cxx13new_allocatorIN6Screen4LineEE11_M_max_sizeEv
                0x00000000080015d4       0x18 ./Core/Src/Screen.o
                0x00000000080015d4                __gnu_cxx::new_allocator<Screen::Line>::_M_max_size() const
 .text._ZN9__gnu_cxx13new_allocatorIN6Screen4LineEE8allocateEjPKv
                0x00000000080015ec       0x58 ./Core/Src/Screen.o
                0x00000000080015ec                __gnu_cxx::new_allocator<Screen::Line>::allocate(unsigned int, void const*)
 .text._ZSt12__relocate_aIPN6Screen4LineES2_SaIS1_EET0_T_S5_S4_RT1_
                0x0000000008001644       0x40 ./Core/Src/Screen.o
                0x0000000008001644                Screen::Line* std::__relocate_a<Screen::Line*, Screen::Line*, std::allocator<Screen::Line> >(Screen::Line*, Screen::Line*, Screen::Line*, std::allocator<Screen::Line>&)
 .text._ZNSt13move_iteratorIPN6Screen4LineEEC2ES2_
                0x0000000008001684       0x24 ./Core/Src/Screen.o
                0x0000000008001684                std::move_iterator<Screen::Line*>::move_iterator(Screen::Line*)
                0x0000000008001684                std::move_iterator<Screen::Line*>::move_iterator(Screen::Line*)
 .text._ZSt18uninitialized_copyISt13move_iteratorIPN6Screen4LineEES3_ET0_T_S6_S5_
                0x00000000080016a8       0x2a ./Core/Src/Screen.o
                0x00000000080016a8                Screen::Line* std::uninitialized_copy<std::move_iterator<Screen::Line*>, Screen::Line*>(std::move_iterator<Screen::Line*>, std::move_iterator<Screen::Line*>, Screen::Line*)
 .text._ZNK9__gnu_cxx13new_allocatorIN6Screen4LineEE8max_sizeEv
                0x00000000080016d2       0x1a ./Core/Src/Screen.o
                0x00000000080016d2                __gnu_cxx::new_allocator<Screen::Line>::max_size() const
 .text._ZSt10_ConstructIN6Screen4LineEJEEvPT_DpOT0_
                0x00000000080016ec       0x22 ./Core/Src/Screen.o
                0x00000000080016ec                void std::_Construct<Screen::Line>(Screen::Line*)
 .text._ZSt12__niter_baseIPN6Screen4LineEET_S3_
                0x000000000800170e       0x12 ./Core/Src/Screen.o
                0x000000000800170e                Screen::Line* std::__niter_base<Screen::Line*>(Screen::Line*)
 .text._ZSt14__relocate_a_1IPN6Screen4LineES2_SaIS1_EET0_T_S5_S4_RT1_
                0x0000000008001720       0x50 ./Core/Src/Screen.o
                0x0000000008001720                Screen::Line* std::__relocate_a_1<Screen::Line*, Screen::Line*, std::allocator<Screen::Line> >(Screen::Line*, Screen::Line*, Screen::Line*, std::allocator<Screen::Line>&)
 .text._ZSt4moveIRPN6Screen4LineEEONSt16remove_referenceIT_E4typeEOS5_
                0x0000000008001770       0x12 ./Core/Src/Screen.o
                0x0000000008001770                std::remove_reference<Screen::Line*&>::type&& std::move<Screen::Line*&>(Screen::Line*&)
 .text._ZNSt20__uninitialized_copyILb0EE13__uninit_copyISt13move_iteratorIPN6Screen4LineEES5_EET0_T_S8_S7_
                0x0000000008001782       0x5c ./Core/Src/Screen.o
                0x0000000008001782                Screen::Line* std::__uninitialized_copy<false>::__uninit_copy<std::move_iterator<Screen::Line*>, Screen::Line*>(std::move_iterator<Screen::Line*>, std::move_iterator<Screen::Line*>, Screen::Line*)
 .text._ZSt19__relocate_object_aIN6Screen4LineES1_SaIS1_EEvPT_PT0_RT1_
                0x00000000080017de       0x3c ./Core/Src/Screen.o
                0x00000000080017de                void std::__relocate_object_a<Screen::Line, Screen::Line, std::allocator<Screen::Line> >(Screen::Line*, Screen::Line*, std::allocator<Screen::Line>&)
 .text._ZStneIPN6Screen4LineEEbRKSt13move_iteratorIT_ES7_
                0x000000000800181a       0x28 ./Core/Src/Screen.o
                0x000000000800181a                bool std::operator!=<Screen::Line*>(std::move_iterator<Screen::Line*> const&, std::move_iterator<Screen::Line*> const&)
 .text._ZNSt13move_iteratorIPN6Screen4LineEEppEv
                0x0000000008001842       0x1e ./Core/Src/Screen.o
                0x0000000008001842                std::move_iterator<Screen::Line*>::operator++()
 .text._ZNKSt13move_iteratorIPN6Screen4LineEEdeEv
                0x0000000008001860       0x14 ./Core/Src/Screen.o
                0x0000000008001860                std::move_iterator<Screen::Line*>::operator*() const
 .text._ZN6Screen4LineC2EOS0_
                0x0000000008001874       0x28 ./Core/Src/Screen.o
                0x0000000008001874                Screen::Line::Line(Screen::Line&&)
                0x0000000008001874                Screen::Line::Line(Screen::Line&&)
 .text._ZSt10_ConstructIN6Screen4LineEJS1_EEvPT_DpOT0_
                0x000000000800189c       0x30 ./Core/Src/Screen.o
                0x000000000800189c                void std::_Construct<Screen::Line, Screen::Line>(Screen::Line*, Screen::Line&&)
 .text._ZSt4moveIRN6Screen4LineEEONSt16remove_referenceIT_E4typeEOS4_
                0x00000000080018cc       0x12 ./Core/Src/Screen.o
                0x00000000080018cc                std::remove_reference<Screen::Line&>::type&& std::move<Screen::Line&>(Screen::Line&)
 .text._ZNSt16allocator_traitsISaIN6Screen4LineEEE9constructIS1_JS1_EEEvRS2_PT_DpOT0_
                0x00000000080018de       0x28 ./Core/Src/Screen.o
                0x00000000080018de                void std::allocator_traits<std::allocator<Screen::Line> >::construct<Screen::Line, Screen::Line>(std::allocator<Screen::Line>&, Screen::Line*, Screen::Line&&)
 .text._ZNSt16allocator_traitsISaIN6Screen4LineEEE7destroyIS1_EEvRS2_PT_
                0x0000000008001906       0x1e ./Core/Src/Screen.o
                0x0000000008001906                void std::allocator_traits<std::allocator<Screen::Line> >::destroy<Screen::Line>(std::allocator<Screen::Line>&, Screen::Line*)
 .text._ZSteqIPN6Screen4LineEEbRKSt13move_iteratorIT_ES7_
                0x0000000008001924       0x2e ./Core/Src/Screen.o
                0x0000000008001924                bool std::operator==<Screen::Line*>(std::move_iterator<Screen::Line*> const&, std::move_iterator<Screen::Line*> const&)
 .text._ZSt7forwardIN6Screen4LineEEOT_RNSt16remove_referenceIS2_E4typeE
                0x0000000008001952       0x12 ./Core/Src/Screen.o
                0x0000000008001952                Screen::Line&& std::forward<Screen::Line>(std::remove_reference<Screen::Line>::type&)
 .text._ZN9__gnu_cxx13new_allocatorIN6Screen4LineEE9constructIS2_JS2_EEEvPT_DpOT0_
                0x0000000008001964       0x32 ./Core/Src/Screen.o
                0x0000000008001964                void __gnu_cxx::new_allocator<Screen::Line>::construct<Screen::Line, Screen::Line>(Screen::Line*, Screen::Line&&)
 .text._ZN9__gnu_cxx13new_allocatorIN6Screen4LineEE7destroyIS2_EEvPT_
                0x0000000008001996       0x1a ./Core/Src/Screen.o
                0x0000000008001996                void __gnu_cxx::new_allocator<Screen::Line>::destroy<Screen::Line>(Screen::Line*)
 .text._ZNKSt13move_iteratorIPN6Screen4LineEE4baseEv
                0x00000000080019b0       0x14 ./Core/Src/Screen.o
                0x00000000080019b0                std::move_iterator<Screen::Line*>::base() const
 .text._ZN16TwoColMenuScreenC2EP6Screen
                0x00000000080019c4       0x2c ./Core/Src/TwoColMenuScreen.o
                0x00000000080019c4                TwoColMenuScreen::TwoColMenuScreen(Screen*)
                0x00000000080019c4                TwoColMenuScreen::TwoColMenuScreen(Screen*)
 .text._ZN16TwoColMenuScreen4showEa
                0x00000000080019f0      0x164 ./Core/Src/TwoColMenuScreen.o
                0x00000000080019f0                TwoColMenuScreen::show(signed char)
 .text._ZN16TwoColMenuScreen10cursorDownEv
                0x0000000008001b54      0x1cc ./Core/Src/TwoColMenuScreen.o
                0x0000000008001b54                TwoColMenuScreen::cursorDown()
 .text._ZN16TwoColMenuScreen8cursorUpEv
                0x0000000008001d20      0x1a0 ./Core/Src/TwoColMenuScreen.o
                0x0000000008001d20                TwoColMenuScreen::cursorUp()
 .text._ZN16TwoColMenuScreen10selectLineEv
                0x0000000008001ec0       0xa8 ./Core/Src/TwoColMenuScreen.o
                0x0000000008001ec0                TwoColMenuScreen::selectLine()
 .text._Z9recodeCyrPc
                0x0000000008001f68      0x22c ./Core/Src/lcd_i2c_lib.o
                0x0000000008001f68                recodeCyr(char*)
 .text._Z18sendLcdInstructionh11I2CSettings
                0x0000000008002194       0x96 ./Core/Src/lcd_i2c_lib.o
                0x0000000008002194                sendLcdInstruction(unsigned char, I2CSettings)
 .text._Z11sendLcdCharhh11I2CSettings
                0x000000000800222a       0xae ./Core/Src/lcd_i2c_lib.o
                0x000000000800222a                sendLcdChar(unsigned char, unsigned char, I2CSettings)
 .text._Z11sendLcdByteh11I2CSettings
                0x00000000080022d8       0x96 ./Core/Src/lcd_i2c_lib.o
                0x00000000080022d8                sendLcdByte(unsigned char, I2CSettings)
 .text._Z10sendLcdStrPch11I2CSettings
                0x000000000800236e       0x68 ./Core/Src/lcd_i2c_lib.o
                0x000000000800236e                sendLcdStr(char*, unsigned char, I2CSettings)
 *fill*         0x00000000080023d6        0x2 
 .text._Z8clearLcd11I2CSettings
                0x00000000080023d8       0x4c ./Core/Src/lcd_i2c_lib.o
                0x00000000080023d8                clearLcd(I2CSettings)
 .text._Z9clearCharh11I2CSettings
                0x0000000008002424       0x2c ./Core/Src/lcd_i2c_lib.o
                0x0000000008002424                clearChar(unsigned char, I2CSettings)
 .text._Z12setDdramAddrh11I2CSettings
                0x0000000008002450       0x9e ./Core/Src/lcd_i2c_lib.o
                0x0000000008002450                setDdramAddr(unsigned char, I2CSettings)
 .text._Z7lcdInit11I2CSettings
                0x00000000080024ee       0x74 ./Core/Src/lcd_i2c_lib.o
                0x00000000080024ee                lcdInit(I2CSettings)
 *fill*         0x0000000008002562        0x2 
 .text._Z8menuInitv
                0x0000000008002564     0x10dc ./Core/Src/main.o
                0x0000000008002564                menuInit()
 .text.HAL_I2C_MasterTxCpltCallback
                0x0000000008003640       0x10 ./Core/Src/main.o
                0x0000000008003640                HAL_I2C_MasterTxCpltCallback
 .text.HAL_UART_TxCpltCallback
                0x0000000008003650       0x10 ./Core/Src/main.o
                0x0000000008003650                HAL_UART_TxCpltCallback
 .text.main     0x0000000008003660      0x2b8 ./Core/Src/main.o
                0x0000000008003660                main
 .text._Z18SystemClock_Configv
                0x0000000008003918       0xec ./Core/Src/main.o
                0x0000000008003918                SystemClock_Config()
 .text._ZL12MX_I2C1_Initv
                0x0000000008003a04       0x98 ./Core/Src/main.o
 .text._ZL11MX_RTC_Initv
                0x0000000008003a9c       0xdc ./Core/Src/main.o
 .text._ZL12MX_TIM6_Initv
                0x0000000008003b78       0x4c ./Core/Src/main.o
 .text._ZL19MX_USART2_UART_Initv
                0x0000000008003bc4       0x68 ./Core/Src/main.o
 .text._ZL11MX_DMA_Initv
                0x0000000008003c2c       0x4c ./Core/Src/main.o
 .text._ZL12MX_GPIO_Initv
                0x0000000008003c78      0x14c ./Core/Src/main.o
 .text.Error_Handler
                0x0000000008003dc4        0xa ./Core/Src/main.o
                0x0000000008003dc4                Error_Handler
 .text._ZN6ButtonD2Ev
                0x0000000008003dce       0x1c ./Core/Src/main.o
                0x0000000008003dce                Button::~Button()
                0x0000000008003dce                Button::~Button()
 *fill*         0x0000000008003dea        0x2 
 .text._ZN6ScreenD2Ev
                0x0000000008003dec       0x28 ./Core/Src/main.o
                0x0000000008003dec                Screen::~Screen()
                0x0000000008003dec                Screen::~Screen()
 .text._ZN16OneColMenuScreenD2Ev
                0x0000000008003e14       0x24 ./Core/Src/main.o
                0x0000000008003e14                OneColMenuScreen::~OneColMenuScreen()
                0x0000000008003e14                OneColMenuScreen::~OneColMenuScreen()
 .text._ZN16TwoColMenuScreenD2Ev
                0x0000000008003e38       0x24 ./Core/Src/main.o
                0x0000000008003e38                TwoColMenuScreen::~TwoColMenuScreen()
                0x0000000008003e38                TwoColMenuScreen::~TwoColMenuScreen()
 .text._ZN13FourColScreenD2Ev
                0x0000000008003e5c       0x24 ./Core/Src/main.o
                0x0000000008003e5c                FourColScreen::~FourColScreen()
                0x0000000008003e5c                FourColScreen::~FourColScreen()
 .text._ZN14DateTimeScreenD2Ev
                0x0000000008003e80       0x24 ./Core/Src/main.o
                0x0000000008003e80                DateTimeScreen::~DateTimeScreen()
                0x0000000008003e80                DateTimeScreen::~DateTimeScreen()
 .text._Z41__static_initialization_and_destruction_0ii
                0x0000000008003ea4      0x15c ./Core/Src/main.o
 .text._ZNSt6vectorIN6Screen4LineESaIS1_EED2Ev
                0x0000000008004000       0x36 ./Core/Src/main.o
                0x0000000008004000                std::vector<Screen::Line, std::allocator<Screen::Line> >::~vector()
                0x0000000008004000                std::vector<Screen::Line, std::allocator<Screen::Line> >::~vector()
 .text._ZNSt12_Vector_baseIN6Screen4LineESaIS1_EE12_Vector_implD2Ev
                0x0000000008004036       0x1a ./Core/Src/main.o
                0x0000000008004036                std::_Vector_base<Screen::Line, std::allocator<Screen::Line> >::_Vector_impl::~_Vector_impl()
                0x0000000008004036                std::_Vector_base<Screen::Line, std::allocator<Screen::Line> >::_Vector_impl::~_Vector_impl()
 .text._ZNSt12_Vector_baseIN6Screen4LineESaIS1_EED2Ev
                0x0000000008004050       0x4e ./Core/Src/main.o
                0x0000000008004050                std::_Vector_base<Screen::Line, std::allocator<Screen::Line> >::~_Vector_base()
                0x0000000008004050                std::_Vector_base<Screen::Line, std::allocator<Screen::Line> >::~_Vector_base()
 .text._ZNSaIN6Screen4LineEED2Ev
                0x000000000800409e       0x1a ./Core/Src/main.o
                0x000000000800409e                std::allocator<Screen::Line>::~allocator()
                0x000000000800409e                std::allocator<Screen::Line>::~allocator()
 .text._ZN9__gnu_cxx13new_allocatorIN6Screen4LineEED2Ev
                0x00000000080040b8       0x12 ./Core/Src/main.o
                0x00000000080040b8                __gnu_cxx::new_allocator<Screen::Line>::~new_allocator()
                0x00000000080040b8                __gnu_cxx::new_allocator<Screen::Line>::~new_allocator()
 *fill*         0x00000000080040ca        0x2 
 .text._GLOBAL__sub_I_dateTimeScreen
                0x00000000080040cc       0x18 ./Core/Src/main.o
 .text._GLOBAL__sub_D_dateTimeScreen
                0x00000000080040e4       0x18 ./Core/Src/main.o
 .text._Z11setDateTimehhhhhhh
                0x00000000080040fc       0xd0 ./Core/Src/rtc.o
                0x00000000080040fc                setDateTime(unsigned char, unsigned char, unsigned char, unsigned char, unsigned char, unsigned char, unsigned char)
 .text._Z11getDateTimev
                0x00000000080041cc       0x7c ./Core/Src/rtc.o
                0x00000000080041cc                getDateTime()
 .text.HAL_MspInit
                0x0000000008004248       0x48 ./Core/Src/stm32f0xx_hal_msp.o
                0x0000000008004248                HAL_MspInit
 .text.HAL_I2C_MspInit
                0x0000000008004290      0x154 ./Core/Src/stm32f0xx_hal_msp.o
                0x0000000008004290                HAL_I2C_MspInit
 .text.HAL_RTC_MspInit
                0x00000000080043e4       0x30 ./Core/Src/stm32f0xx_hal_msp.o
                0x00000000080043e4                HAL_RTC_MspInit
 .text.HAL_TIM_Base_MspInit
                0x0000000008004414       0x4c ./Core/Src/stm32f0xx_hal_msp.o
                0x0000000008004414                HAL_TIM_Base_MspInit
 .text.HAL_UART_MspInit
                0x0000000008004460      0x154 ./Core/Src/stm32f0xx_hal_msp.o
                0x0000000008004460                HAL_UART_MspInit
 .text.NMI_Handler
                0x00000000080045b4        0x6 ./Core/Src/stm32f0xx_it.o
                0x00000000080045b4                NMI_Handler
 .text.HardFault_Handler
                0x00000000080045ba        0x6 ./Core/Src/stm32f0xx_it.o
                0x00000000080045ba                HardFault_Handler
 .text.SVC_Handler
                0x00000000080045c0        0xa ./Core/Src/stm32f0xx_it.o
                0x00000000080045c0                SVC_Handler
 .text.PendSV_Handler
                0x00000000080045ca        0xa ./Core/Src/stm32f0xx_it.o
                0x00000000080045ca                PendSV_Handler
 .text.SysTick_Handler
                0x00000000080045d4        0xe ./Core/Src/stm32f0xx_it.o
                0x00000000080045d4                SysTick_Handler
 *fill*         0x00000000080045e2        0x2 
 .text.DMA1_Channel2_3_IRQHandler
                0x00000000080045e4       0x24 ./Core/Src/stm32f0xx_it.o
                0x00000000080045e4                DMA1_Channel2_3_IRQHandler
 .text.DMA1_Channel4_5_IRQHandler
                0x0000000008004608       0x24 ./Core/Src/stm32f0xx_it.o
                0x0000000008004608                DMA1_Channel4_5_IRQHandler
 .text.TIM6_IRQHandler
                0x000000000800462c       0x18 ./Core/Src/stm32f0xx_it.o
                0x000000000800462c                TIM6_IRQHandler
 .text.I2C1_IRQHandler
                0x0000000008004644       0x30 ./Core/Src/stm32f0xx_it.o
                0x0000000008004644                I2C1_IRQHandler
 .text.USART2_IRQHandler
                0x0000000008004674       0x18 ./Core/Src/stm32f0xx_it.o
                0x0000000008004674                USART2_IRQHandler
 .text._getpid  0x000000000800468c        0xc ./Core/Src/syscalls.o
                0x000000000800468c                _getpid
 .text._kill    0x0000000008004698       0x20 ./Core/Src/syscalls.o
                0x0000000008004698                _kill
 .text._exit    0x00000000080046b8       0x18 ./Core/Src/syscalls.o
                0x00000000080046b8                _exit
 .text._sbrk    0x00000000080046d0       0x6c ./Core/Src/sysmem.o
                0x00000000080046d0                _sbrk
 .text.SystemInit
                0x000000000800473c        0xa ./Core/Src/system_stm32f0xx.o
                0x000000000800473c                SystemInit
 *fill*         0x0000000008004746        0x2 
 .text._ZN6CTimerC2Embb
                0x0000000008004748       0x58 ./Core/Src/timer.o
                0x0000000008004748                CTimer::CTimer(unsigned long, bool, bool)
                0x0000000008004748                CTimer::CTimer(unsigned long, bool, bool)
 .text._ZN6CTimerD2Ev
                0x00000000080047a0       0x20 ./Core/Src/timer.o
                0x00000000080047a0                CTimer::~CTimer()
                0x00000000080047a0                CTimer::~CTimer()
 .text._ZN6CTimer3RunEv
                0x00000000080047c0       0x48 ./Core/Src/timer.o
                0x00000000080047c0                CTimer::Run()
 .text._ZN6CTimer10SetDefaultEmb
                0x0000000008004808       0x60 ./Core/Src/timer.o
                0x0000000008004808                CTimer::SetDefault(unsigned long, bool)
 .text._ZN6CTimer5ResetEv
                0x0000000008004868       0x38 ./Core/Src/timer.o
                0x0000000008004868                CTimer::Reset()
 .text._ZN6CTimer3OffEv
                0x00000000080048a0       0x24 ./Core/Src/timer.o
                0x00000000080048a0                CTimer::Off()
 .text._ZN6CTimer8GetEventEv
                0x00000000080048c4       0x28 ./Core/Src/timer.o
                0x00000000080048c4                CTimer::GetEvent()
 .text._ZN6CTimer5IsOffEv
                0x00000000080048ec       0x32 ./Core/Src/timer.o
                0x00000000080048ec                CTimer::IsOff()
 *fill*         0x000000000800491e        0x2 
 .text.HAL_TIM_PeriodElapsedCallback
                0x0000000008004920       0x2c ./Core/Src/timer.o
                0x0000000008004920                HAL_TIM_PeriodElapsedCallback
 .text.Reset_Handler
                0x000000000800494c       0x50 ./Core/Startup/startup_stm32f030r8tx.o
                0x000000000800494c                Reset_Handler
 .text.Default_Handler
                0x000000000800499c        0x2 ./Core/Startup/startup_stm32f030r8tx.o
                0x000000000800499c                TIM1_CC_IRQHandler
                0x000000000800499c                SPI1_IRQHandler
                0x000000000800499c                EXTI2_3_IRQHandler
                0x000000000800499c                ADC1_IRQHandler
                0x000000000800499c                I2C2_IRQHandler
                0x000000000800499c                TIM17_IRQHandler
                0x000000000800499c                RTC_IRQHandler
                0x000000000800499c                TIM16_IRQHandler
                0x000000000800499c                TIM3_IRQHandler
                0x000000000800499c                EXTI4_15_IRQHandler
                0x000000000800499c                RCC_IRQHandler
                0x000000000800499c                DMA1_Channel1_IRQHandler
                0x000000000800499c                Default_Handler
                0x000000000800499c                TIM14_IRQHandler
                0x000000000800499c                TIM15_IRQHandler
                0x000000000800499c                EXTI0_1_IRQHandler
                0x000000000800499c                SPI2_IRQHandler
                0x000000000800499c                WWDG_IRQHandler
                0x000000000800499c                FLASH_IRQHandler
                0x000000000800499c                USART1_IRQHandler
                0x000000000800499c                TIM1_BRK_UP_TRG_COM_IRQHandler
 *fill*         0x000000000800499e        0x2 
 .text.HAL_Init
                0x00000000080049a0       0x28 ./Drivers/STM32F0xx_HAL_Driver/Src/stm32f0xx_hal.o
                0x00000000080049a0                HAL_Init
 .text.HAL_InitTick
                0x00000000080049c8       0x68 ./Drivers/STM32F0xx_HAL_Driver/Src/stm32f0xx_hal.o
                0x00000000080049c8                HAL_InitTick
 .text.HAL_IncTick
                0x0000000008004a30       0x24 ./Drivers/STM32F0xx_HAL_Driver/Src/stm32f0xx_hal.o
                0x0000000008004a30                HAL_IncTick
 .text.HAL_GetTick
                0x0000000008004a54       0x14 ./Drivers/STM32F0xx_HAL_Driver/Src/stm32f0xx_hal.o
                0x0000000008004a54                HAL_GetTick
 .text.HAL_Delay
                0x0000000008004a68       0x48 ./Drivers/STM32F0xx_HAL_Driver/Src/stm32f0xx_hal.o
                0x0000000008004a68                HAL_Delay
 .text.__NVIC_EnableIRQ
                0x0000000008004ab0       0x34 ./Drivers/STM32F0xx_HAL_Driver/Src/stm32f0xx_hal_cortex.o
 .text.__NVIC_SetPriority
                0x0000000008004ae4       0xdc ./Drivers/STM32F0xx_HAL_Driver/Src/stm32f0xx_hal_cortex.o
 .text.SysTick_Config
                0x0000000008004bc0       0x48 ./Drivers/STM32F0xx_HAL_Driver/Src/stm32f0xx_hal_cortex.o
 .text.HAL_NVIC_SetPriority
                0x0000000008004c08       0x2a ./Drivers/STM32F0xx_HAL_Driver/Src/stm32f0xx_hal_cortex.o
                0x0000000008004c08                HAL_NVIC_SetPriority
 .text.HAL_NVIC_EnableIRQ
                0x0000000008004c32       0x20 ./Drivers/STM32F0xx_HAL_Driver/Src/stm32f0xx_hal_cortex.o
                0x0000000008004c32                HAL_NVIC_EnableIRQ
 .text.HAL_SYSTICK_Config
                0x0000000008004c52       0x1a ./Drivers/STM32F0xx_HAL_Driver/Src/stm32f0xx_hal_cortex.o
                0x0000000008004c52                HAL_SYSTICK_Config
 .text.HAL_DMA_Init
                0x0000000008004c6c       0x90 ./Drivers/STM32F0xx_HAL_Driver/Src/stm32f0xx_hal_dma.o
                0x0000000008004c6c                HAL_DMA_Init
 .text.HAL_DMA_Start_IT
                0x0000000008004cfc       0xcc ./Drivers/STM32F0xx_HAL_Driver/Src/stm32f0xx_hal_dma.o
                0x0000000008004cfc                HAL_DMA_Start_IT
 .text.HAL_DMA_Abort
                0x0000000008004dc8       0x70 ./Drivers/STM32F0xx_HAL_Driver/Src/stm32f0xx_hal_dma.o
                0x0000000008004dc8                HAL_DMA_Abort
 .text.HAL_DMA_Abort_IT
                0x0000000008004e38       0x8a ./Drivers/STM32F0xx_HAL_Driver/Src/stm32f0xx_hal_dma.o
                0x0000000008004e38                HAL_DMA_Abort_IT
 .text.HAL_DMA_IRQHandler
                0x0000000008004ec2      0x144 ./Drivers/STM32F0xx_HAL_Driver/Src/stm32f0xx_hal_dma.o
                0x0000000008004ec2                HAL_DMA_IRQHandler
 .text.HAL_DMA_GetState
                0x0000000008005006       0x18 ./Drivers/STM32F0xx_HAL_Driver/Src/stm32f0xx_hal_dma.o
                0x0000000008005006                HAL_DMA_GetState
 .text.DMA_SetConfig
                0x000000000800501e       0x58 ./Drivers/STM32F0xx_HAL_Driver/Src/stm32f0xx_hal_dma.o
 *fill*         0x0000000008005076        0x2 
 .text.DMA_CalcBaseAndBitshift
                0x0000000008005078       0x38 ./Drivers/STM32F0xx_HAL_Driver/Src/stm32f0xx_hal_dma.o
 .text.HAL_GPIO_Init
                0x00000000080050b0      0x2e0 ./Drivers/STM32F0xx_HAL_Driver/Src/stm32f0xx_hal_gpio.o
                0x00000000080050b0                HAL_GPIO_Init
 .text.HAL_GPIO_WritePin
                0x0000000008005390       0x3a ./Drivers/STM32F0xx_HAL_Driver/Src/stm32f0xx_hal_gpio.o
                0x0000000008005390                HAL_GPIO_WritePin
 *fill*         0x00000000080053ca        0x2 
 .text.HAL_I2C_Init
                0x00000000080053cc      0x12c ./Drivers/STM32F0xx_HAL_Driver/Src/stm32f0xx_hal_i2c.o
                0x00000000080053cc                HAL_I2C_Init
 .text.HAL_I2C_Master_Transmit_DMA
                0x00000000080054f8      0x20c ./Drivers/STM32F0xx_HAL_Driver/Src/stm32f0xx_hal_i2c.o
                0x00000000080054f8                HAL_I2C_Master_Transmit_DMA
 .text.HAL_I2C_EV_IRQHandler
                0x0000000008005704       0x34 ./Drivers/STM32F0xx_HAL_Driver/Src/stm32f0xx_hal_i2c.o
                0x0000000008005704                HAL_I2C_EV_IRQHandler
 .text.HAL_I2C_ER_IRQHandler
                0x0000000008005738       0xb2 ./Drivers/STM32F0xx_HAL_Driver/Src/stm32f0xx_hal_i2c.o
                0x0000000008005738                HAL_I2C_ER_IRQHandler
 .text.HAL_I2C_MasterRxCpltCallback
                0x00000000080057ea       0x10 ./Drivers/STM32F0xx_HAL_Driver/Src/stm32f0xx_hal_i2c.o
                0x00000000080057ea                HAL_I2C_MasterRxCpltCallback
 .text.HAL_I2C_SlaveTxCpltCallback
                0x00000000080057fa       0x10 ./Drivers/STM32F0xx_HAL_Driver/Src/stm32f0xx_hal_i2c.o
                0x00000000080057fa                HAL_I2C_SlaveTxCpltCallback
 .text.HAL_I2C_SlaveRxCpltCallback
                0x000000000800580a       0x10 ./Drivers/STM32F0xx_HAL_Driver/Src/stm32f0xx_hal_i2c.o
                0x000000000800580a                HAL_I2C_SlaveRxCpltCallback
 .text.HAL_I2C_AddrCallback
                0x000000000800581a       0x20 ./Drivers/STM32F0xx_HAL_Driver/Src/stm32f0xx_hal_i2c.o
                0x000000000800581a                HAL_I2C_AddrCallback
 .text.HAL_I2C_ListenCpltCallback
                0x000000000800583a       0x10 ./Drivers/STM32F0xx_HAL_Driver/Src/stm32f0xx_hal_i2c.o
                0x000000000800583a                HAL_I2C_ListenCpltCallback
 .text.HAL_I2C_MemTxCpltCallback
                0x000000000800584a       0x10 ./Drivers/STM32F0xx_HAL_Driver/Src/stm32f0xx_hal_i2c.o
                0x000000000800584a                HAL_I2C_MemTxCpltCallback
 .text.HAL_I2C_MemRxCpltCallback
                0x000000000800585a       0x10 ./Drivers/STM32F0xx_HAL_Driver/Src/stm32f0xx_hal_i2c.o
                0x000000000800585a                HAL_I2C_MemRxCpltCallback
 .text.HAL_I2C_ErrorCallback
                0x000000000800586a       0x10 ./Drivers/STM32F0xx_HAL_Driver/Src/stm32f0xx_hal_i2c.o
                0x000000000800586a                HAL_I2C_ErrorCallback
 .text.HAL_I2C_AbortCpltCallback
                0x000000000800587a       0x10 ./Drivers/STM32F0xx_HAL_Driver/Src/stm32f0xx_hal_i2c.o
                0x000000000800587a                HAL_I2C_AbortCpltCallback
 *fill*         0x000000000800588a        0x2 
 .text.I2C_Master_ISR_IT
                0x000000000800588c      0x254 ./Drivers/STM32F0xx_HAL_Driver/Src/stm32f0xx_hal_i2c.o
 .text.I2C_Slave_ISR_IT
                0x0000000008005ae0      0x200 ./Drivers/STM32F0xx_HAL_Driver/Src/stm32f0xx_hal_i2c.o
 .text.I2C_Master_ISR_DMA
                0x0000000008005ce0      0x1f8 ./Drivers/STM32F0xx_HAL_Driver/Src/stm32f0xx_hal_i2c.o
 .text.I2C_Mem_ISR_DMA
                0x0000000008005ed8      0x238 ./Drivers/STM32F0xx_HAL_Driver/Src/stm32f0xx_hal_i2c.o
 .text.I2C_Slave_ISR_DMA
                0x0000000008006110      0x1cc ./Drivers/STM32F0xx_HAL_Driver/Src/stm32f0xx_hal_i2c.o
 .text.I2C_ITAddrCplt
                0x00000000080062dc      0x148 ./Drivers/STM32F0xx_HAL_Driver/Src/stm32f0xx_hal_i2c.o
 .text.I2C_ITMasterSeqCplt
                0x0000000008006424       0x82 ./Drivers/STM32F0xx_HAL_Driver/Src/stm32f0xx_hal_i2c.o
 *fill*         0x00000000080064a6        0x2 
 .text.I2C_ITSlaveSeqCplt
                0x00000000080064a8       0xc8 ./Drivers/STM32F0xx_HAL_Driver/Src/stm32f0xx_hal_i2c.o
 .text.I2C_ITMasterCplt
                0x0000000008006570      0x19c ./Drivers/STM32F0xx_HAL_Driver/Src/stm32f0xx_hal_i2c.o
 .text.I2C_ITSlaveCplt
                0x000000000800670c      0x240 ./Drivers/STM32F0xx_HAL_Driver/Src/stm32f0xx_hal_i2c.o
 .text.I2C_ITListenCplt
                0x000000000800694c       0xb0 ./Drivers/STM32F0xx_HAL_Driver/Src/stm32f0xx_hal_i2c.o
 .text.I2C_ITError
                0x00000000080069fc      0x204 ./Drivers/STM32F0xx_HAL_Driver/Src/stm32f0xx_hal_i2c.o
 .text.I2C_TreatErrorCallback
                0x0000000008006c00       0x52 ./Drivers/STM32F0xx_HAL_Driver/Src/stm32f0xx_hal_i2c.o
 .text.I2C_Flush_TXDR
                0x0000000008006c52       0x44 ./Drivers/STM32F0xx_HAL_Driver/Src/stm32f0xx_hal_i2c.o
 *fill*         0x0000000008006c96        0x2 
 .text.I2C_DMAMasterTransmitCplt
                0x0000000008006c98       0xa0 ./Drivers/STM32F0xx_HAL_Driver/Src/stm32f0xx_hal_i2c.o
 .text.I2C_DMAError
                0x0000000008006d38       0x32 ./Drivers/STM32F0xx_HAL_Driver/Src/stm32f0xx_hal_i2c.o
 .text.I2C_DMAAbort
                0x0000000008006d6a       0x3e ./Drivers/STM32F0xx_HAL_Driver/Src/stm32f0xx_hal_i2c.o
 .text.I2C_TransferConfig
                0x0000000008006da8       0x74 ./Drivers/STM32F0xx_HAL_Driver/Src/stm32f0xx_hal_i2c.o
 .text.I2C_Enable_IRQ
                0x0000000008006e1c      0x11c ./Drivers/STM32F0xx_HAL_Driver/Src/stm32f0xx_hal_i2c.o
 .text.I2C_Disable_IRQ
                0x0000000008006f38       0xc6 ./Drivers/STM32F0xx_HAL_Driver/Src/stm32f0xx_hal_i2c.o
 *fill*         0x0000000008006ffe        0x2 
 .text.HAL_I2CEx_ConfigAnalogFilter
                0x0000000008007000       0x98 ./Drivers/STM32F0xx_HAL_Driver/Src/stm32f0xx_hal_i2c_ex.o
                0x0000000008007000                HAL_I2CEx_ConfigAnalogFilter
 .text.HAL_I2CEx_ConfigDigitalFilter
                0x0000000008007098       0x98 ./Drivers/STM32F0xx_HAL_Driver/Src/stm32f0xx_hal_i2c_ex.o
                0x0000000008007098                HAL_I2CEx_ConfigDigitalFilter
 .text.HAL_RCC_OscConfig
                0x0000000008007130      0x634 ./Drivers/STM32F0xx_HAL_Driver/Src/stm32f0xx_hal_rcc.o
                0x0000000008007130                HAL_RCC_OscConfig
 .text.HAL_RCC_ClockConfig
                0x0000000008007764      0x19c ./Drivers/STM32F0xx_HAL_Driver/Src/stm32f0xx_hal_rcc.o
                0x0000000008007764                HAL_RCC_ClockConfig
 .text.HAL_RCC_GetSysClockFreq
                0x0000000008007900       0xac ./Drivers/STM32F0xx_HAL_Driver/Src/stm32f0xx_hal_rcc.o
                0x0000000008007900                HAL_RCC_GetSysClockFreq
 .text.HAL_RCC_GetHCLKFreq
                0x00000000080079ac       0x14 ./Drivers/STM32F0xx_HAL_Driver/Src/stm32f0xx_hal_rcc.o
                0x00000000080079ac                HAL_RCC_GetHCLKFreq
 .text.HAL_RCC_GetPCLK1Freq
                0x00000000080079c0       0x2c ./Drivers/STM32F0xx_HAL_Driver/Src/stm32f0xx_hal_rcc.o
                0x00000000080079c0                HAL_RCC_GetPCLK1Freq
 .text.HAL_RCCEx_PeriphCLKConfig
                0x00000000080079ec      0x19c ./Drivers/STM32F0xx_HAL_Driver/Src/stm32f0xx_hal_rcc_ex.o
                0x00000000080079ec                HAL_RCCEx_PeriphCLKConfig
 .text.HAL_RTC_Init
                0x0000000008007b88      0x130 ./Drivers/STM32F0xx_HAL_Driver/Src/stm32f0xx_hal_rtc.o
                0x0000000008007b88                HAL_RTC_Init
 .text.HAL_RTC_SetTime
                0x0000000008007cb8      0x14c ./Drivers/STM32F0xx_HAL_Driver/Src/stm32f0xx_hal_rtc.o
                0x0000000008007cb8                HAL_RTC_SetTime
 .text.HAL_RTC_GetTime
                0x0000000008007e04       0xbc ./Drivers/STM32F0xx_HAL_Driver/Src/stm32f0xx_hal_rtc.o
                0x0000000008007e04                HAL_RTC_GetTime
 .text.HAL_RTC_SetDate
                0x0000000008007ec0      0x120 ./Drivers/STM32F0xx_HAL_Driver/Src/stm32f0xx_hal_rtc.o
                0x0000000008007ec0                HAL_RTC_SetDate
 .text.HAL_RTC_GetDate
                0x0000000008007fe0       0xa0 ./Drivers/STM32F0xx_HAL_Driver/Src/stm32f0xx_hal_rtc.o
                0x0000000008007fe0                HAL_RTC_GetDate
 .text.HAL_RTC_WaitForSynchro
                0x0000000008008080       0x50 ./Drivers/STM32F0xx_HAL_Driver/Src/stm32f0xx_hal_rtc.o
                0x0000000008008080                HAL_RTC_WaitForSynchro
 .text.RTC_EnterInitMode
                0x00000000080080d0       0x86 ./Drivers/STM32F0xx_HAL_Driver/Src/stm32f0xx_hal_rtc.o
                0x00000000080080d0                RTC_EnterInitMode
 .text.RTC_ExitInitMode
                0x0000000008008156       0x52 ./Drivers/STM32F0xx_HAL_Driver/Src/stm32f0xx_hal_rtc.o
                0x0000000008008156                RTC_ExitInitMode
 .text.RTC_ByteToBcd2
                0x00000000080081a8       0x42 ./Drivers/STM32F0xx_HAL_Driver/Src/stm32f0xx_hal_rtc.o
                0x00000000080081a8                RTC_ByteToBcd2
 .text.RTC_Bcd2ToByte
                0x00000000080081ea       0x3e ./Drivers/STM32F0xx_HAL_Driver/Src/stm32f0xx_hal_rtc.o
                0x00000000080081ea                RTC_Bcd2ToByte
 .text.HAL_TIM_Base_Init
                0x0000000008008228       0xa0 ./Drivers/STM32F0xx_HAL_Driver/Src/stm32f0xx_hal_tim.o
                0x0000000008008228                HAL_TIM_Base_Init
 .text.HAL_TIM_Base_Start_IT
                0x00000000080082c8       0x98 ./Drivers/STM32F0xx_HAL_Driver/Src/stm32f0xx_hal_tim.o
                0x00000000080082c8                HAL_TIM_Base_Start_IT
 .text.HAL_TIM_IRQHandler
                0x0000000008008360      0x22c ./Drivers/STM32F0xx_HAL_Driver/Src/stm32f0xx_hal_tim.o
                0x0000000008008360                HAL_TIM_IRQHandler
 .text.HAL_TIM_OC_DelayElapsedCallback
                0x000000000800858c       0x10 ./Drivers/STM32F0xx_HAL_Driver/Src/stm32f0xx_hal_tim.o
                0x000000000800858c                HAL_TIM_OC_DelayElapsedCallback
 .text.HAL_TIM_IC_CaptureCallback
                0x000000000800859c       0x10 ./Drivers/STM32F0xx_HAL_Driver/Src/stm32f0xx_hal_tim.o
                0x000000000800859c                HAL_TIM_IC_CaptureCallback
 .text.HAL_TIM_PWM_PulseFinishedCallback
                0x00000000080085ac       0x10 ./Drivers/STM32F0xx_HAL_Driver/Src/stm32f0xx_hal_tim.o
                0x00000000080085ac                HAL_TIM_PWM_PulseFinishedCallback
 .text.HAL_TIM_TriggerCallback
                0x00000000080085bc       0x10 ./Drivers/STM32F0xx_HAL_Driver/Src/stm32f0xx_hal_tim.o
                0x00000000080085bc                HAL_TIM_TriggerCallback
 .text.TIM_Base_SetConfig
                0x00000000080085cc       0xec ./Drivers/STM32F0xx_HAL_Driver/Src/stm32f0xx_hal_tim.o
                0x00000000080085cc                TIM_Base_SetConfig
 .text.HAL_TIMEx_CommutCallback
                0x00000000080086b8       0x10 ./Drivers/STM32F0xx_HAL_Driver/Src/stm32f0xx_hal_tim_ex.o
                0x00000000080086b8                HAL_TIMEx_CommutCallback
 .text.HAL_TIMEx_BreakCallback
                0x00000000080086c8       0x10 ./Drivers/STM32F0xx_HAL_Driver/Src/stm32f0xx_hal_tim_ex.o
                0x00000000080086c8                HAL_TIMEx_BreakCallback
 .text.HAL_UART_Init
                0x00000000080086d8       0xa8 ./Drivers/STM32F0xx_HAL_Driver/Src/stm32f0xx_hal_uart.o
                0x00000000080086d8                HAL_UART_Init
 .text.HAL_UART_IRQHandler
                0x0000000008008780      0x590 ./Drivers/STM32F0xx_HAL_Driver/Src/stm32f0xx_hal_uart.o
                0x0000000008008780                HAL_UART_IRQHandler
 .text.HAL_UART_ErrorCallback
                0x0000000008008d10       0x10 ./Drivers/STM32F0xx_HAL_Driver/Src/stm32f0xx_hal_uart.o
                0x0000000008008d10                HAL_UART_ErrorCallback
 .text.HAL_UARTEx_RxEventCallback
                0x0000000008008d20       0x16 ./Drivers/STM32F0xx_HAL_Driver/Src/stm32f0xx_hal_uart.o
                0x0000000008008d20                HAL_UARTEx_RxEventCallback
 *fill*         0x0000000008008d36        0x2 
 .text.UART_SetConfig
                0x0000000008008d38      0x280 ./Drivers/STM32F0xx_HAL_Driver/Src/stm32f0xx_hal_uart.o
                0x0000000008008d38                UART_SetConfig
 .text.UART_AdvFeatureConfig
                0x0000000008008fb8      0x168 ./Drivers/STM32F0xx_HAL_Driver/Src/stm32f0xx_hal_uart.o
                0x0000000008008fb8                UART_AdvFeatureConfig
 .text.UART_CheckIdleState
                0x0000000008009120      0x150 ./Drivers/STM32F0xx_HAL_Driver/Src/stm32f0xx_hal_uart.o
                0x0000000008009120                UART_CheckIdleState
 .text.UART_WaitOnFlagUntilTimeout
                0x0000000008009270       0xd2 ./Drivers/STM32F0xx_HAL_Driver/Src/stm32f0xx_hal_uart.o
                0x0000000008009270                UART_WaitOnFlagUntilTimeout
 *fill*         0x0000000008009342        0x2 
 .text.UART_EndRxTransfer
                0x0000000008009344       0xc8 ./Drivers/STM32F0xx_HAL_Driver/Src/stm32f0xx_hal_uart.o
 .text.UART_DMAAbortOnError
                0x000000000800940c       0x2e ./Drivers/STM32F0xx_HAL_Driver/Src/stm32f0xx_hal_uart.o
 .text.UART_EndTransmit_IT
                0x000000000800943a       0x56 ./Drivers/STM32F0xx_HAL_Driver/Src/stm32f0xx_hal_uart.o
 .text._ZdlPvj  0x0000000008009490        0x8 C:/ST/STM32CubeIDE_1.10.1/STM32CubeIDE/plugins/com.st.stm32cube.ide.mcu.externaltools.gnu-tools-for-stm32.11.3.rel1.win32_1.1.0.202305231506/tools/bin/../lib/gcc/arm-none-eabi/11.3.1/../../../../arm-none-eabi/lib/thumb/v6-m/nofp\libstdc++_nano.a(del_ops.o)
                0x0000000008009490                operator delete(void*, unsigned int)
 .text._Znwj    0x0000000008009498       0x24 C:/ST/STM32CubeIDE_1.10.1/STM32CubeIDE/plugins/com.st.stm32cube.ide.mcu.externaltools.gnu-tools-for-stm32.11.3.rel1.win32_1.1.0.202305231506/tools/bin/../lib/gcc/arm-none-eabi/11.3.1/../../../../arm-none-eabi/lib/thumb/v6-m/nofp\libstdc++_nano.a(new_op.o)
                0x0000000008009498                operator new(unsigned int)
 .text._ZNSaIcEC2Ev
                0x00000000080094bc        0x2 C:/ST/STM32CubeIDE_1.10.1/STM32CubeIDE/plugins/com.st.stm32cube.ide.mcu.externaltools.gnu-tools-for-stm32.11.3.rel1.win32_1.1.0.202305231506/tools/bin/../lib/gcc/arm-none-eabi/11.3.1/../../../../arm-none-eabi/lib/thumb/v6-m/nofp\libstdc++_nano.a(allocator-inst.o)
                0x00000000080094bc                std::allocator<char>::allocator()
                0x00000000080094bc                std::allocator<char>::allocator()
 .text._ZNSaIcED2Ev
                0x00000000080094be        0x2 C:/ST/STM32CubeIDE_1.10.1/STM32CubeIDE/plugins/com.st.stm32cube.ide.mcu.externaltools.gnu-tools-for-stm32.11.3.rel1.win32_1.1.0.202305231506/tools/bin/../lib/gcc/arm-none-eabi/11.3.1/../../../../arm-none-eabi/lib/thumb/v6-m/nofp\libstdc++_nano.a(allocator-inst.o)
                0x00000000080094be                std::allocator<char>::~allocator()
                0x00000000080094be                std::allocator<char>::~allocator()
 .text.unlikely._ZSt17__throw_bad_allocv
                0x00000000080094c0        0x6 C:/ST/STM32CubeIDE_1.10.1/STM32CubeIDE/plugins/com.st.stm32cube.ide.mcu.externaltools.gnu-tools-for-stm32.11.3.rel1.win32_1.1.0.202305231506/tools/bin/../lib/gcc/arm-none-eabi/11.3.1/../../../../arm-none-eabi/lib/thumb/v6-m/nofp\libstdc++_nano.a(functexcept.o)
                0x00000000080094c0                std::__throw_bad_alloc()
 .text.unlikely._ZSt28__throw_bad_array_new_lengthv
                0x00000000080094c6        0x6 C:/ST/STM32CubeIDE_1.10.1/STM32CubeIDE/plugins/com.st.stm32cube.ide.mcu.externaltools.gnu-tools-for-stm32.11.3.rel1.win32_1.1.0.202305231506/tools/bin/../lib/gcc/arm-none-eabi/11.3.1/../../../../arm-none-eabi/lib/thumb/v6-m/nofp\libstdc++_nano.a(functexcept.o)
                0x00000000080094c6                std::__throw_bad_array_new_length()
 .text.unlikely._ZSt19__throw_logic_errorPKc
                0x00000000080094cc        0x6 C:/ST/STM32CubeIDE_1.10.1/STM32CubeIDE/plugins/com.st.stm32cube.ide.mcu.externaltools.gnu-tools-for-stm32.11.3.rel1.win32_1.1.0.202305231506/tools/bin/../lib/gcc/arm-none-eabi/11.3.1/../../../../arm-none-eabi/lib/thumb/v6-m/nofp\libstdc++_nano.a(functexcept.o)
                0x00000000080094cc                std::__throw_logic_error(char const*)
 .text.unlikely._ZSt20__throw_length_errorPKc
                0x00000000080094d2        0x6 C:/ST/STM32CubeIDE_1.10.1/STM32CubeIDE/plugins/com.st.stm32cube.ide.mcu.externaltools.gnu-tools-for-stm32.11.3.rel1.win32_1.1.0.202305231506/tools/bin/../lib/gcc/arm-none-eabi/11.3.1/../../../../arm-none-eabi/lib/thumb/v6-m/nofp\libstdc++_nano.a(functexcept.o)
                0x00000000080094d2                std::__throw_length_error(char const*)
 .text._ZNSt11char_traitsIcE4copyEPcPKcj.isra.0
                0x00000000080094d8        0xc C:/ST/STM32CubeIDE_1.10.1/STM32CubeIDE/plugins/com.st.stm32cube.ide.mcu.externaltools.gnu-tools-for-stm32.11.3.rel1.win32_1.1.0.202305231506/tools/bin/../lib/gcc/arm-none-eabi/11.3.1/../../../../arm-none-eabi/lib/thumb/v6-m/nofp\libstdc++_nano.a(string-inst.o)
 .text._ZNSt7__cxx1112basic_stringIcSt11char_traitsIcESaIcEE9_M_createERjj
                0x00000000080094e4       0x40 C:/ST/STM32CubeIDE_1.10.1/STM32CubeIDE/plugins/com.st.stm32cube.ide.mcu.externaltools.gnu-tools-for-stm32.11.3.rel1.win32_1.1.0.202305231506/tools/bin/../lib/gcc/arm-none-eabi/11.3.1/../../../../arm-none-eabi/lib/thumb/v6-m/nofp\libstdc++_nano.a(string-inst.o)
                0x00000000080094e4                std::__cxx11::basic_string<char, std::char_traits<char>, std::allocator<char> >::_M_create(unsigned int&, unsigned int)
 .text._ZNSt7__cxx1112basic_stringIcSt11char_traitsIcESaIcEE10_M_disposeEv
                0x0000000008009524       0x12 C:/ST/STM32CubeIDE_1.10.1/STM32CubeIDE/plugins/com.st.stm32cube.ide.mcu.externaltools.gnu-tools-for-stm32.11.3.rel1.win32_1.1.0.202305231506/tools/bin/../lib/gcc/arm-none-eabi/11.3.1/../../../../arm-none-eabi/lib/thumb/v6-m/nofp\libstdc++_nano.a(string-inst.o)
                0x0000000008009524                std::__cxx11::basic_string<char, std::char_traits<char>, std::allocator<char> >::_M_dispose()
 *fill*         0x0000000008009536        0x2 
 .text._ZNKSt7__cxx1112basic_stringIcSt11char_traitsIcESaIcEE15_M_check_lengthEjjPKc
                0x0000000008009538       0x1c C:/ST/STM32CubeIDE_1.10.1/STM32CubeIDE/plugins/com.st.stm32cube.ide.mcu.externaltools.gnu-tools-for-stm32.11.3.rel1.win32_1.1.0.202305231506/tools/bin/../lib/gcc/arm-none-eabi/11.3.1/../../../../arm-none-eabi/lib/thumb/v6-m/nofp\libstdc++_nano.a(string-inst.o)
                0x0000000008009538                std::__cxx11::basic_string<char, std::char_traits<char>, std::allocator<char> >::_M_check_length(unsigned int, unsigned int, char const*) const
 .text._ZNKSt7__cxx1112basic_stringIcSt11char_traitsIcESaIcEE11_M_disjunctEPKc
                0x0000000008009554       0x16 C:/ST/STM32CubeIDE_1.10.1/STM32CubeIDE/plugins/com.st.stm32cube.ide.mcu.externaltools.gnu-tools-for-stm32.11.3.rel1.win32_1.1.0.202305231506/tools/bin/../lib/gcc/arm-none-eabi/11.3.1/../../../../arm-none-eabi/lib/thumb/v6-m/nofp\libstdc++_nano.a(string-inst.o)
                0x0000000008009554                std::__cxx11::basic_string<char, std::char_traits<char>, std::allocator<char> >::_M_disjunct(char const*) const
 .text._ZNSt7__cxx1112basic_stringIcSt11char_traitsIcESaIcEE7_S_copyEPcPKcj
                0x000000000800956a       0x12 C:/ST/STM32CubeIDE_1.10.1/STM32CubeIDE/plugins/com.st.stm32cube.ide.mcu.externaltools.gnu-tools-for-stm32.11.3.rel1.win32_1.1.0.202305231506/tools/bin/../lib/gcc/arm-none-eabi/11.3.1/../../../../arm-none-eabi/lib/thumb/v6-m/nofp\libstdc++_nano.a(string-inst.o)
                0x000000000800956a                std::__cxx11::basic_string<char, std::char_traits<char>, std::allocator<char> >::_S_copy(char*, char const*, unsigned int)
 .text._ZNSt7__cxx1112basic_stringIcSt11char_traitsIcESaIcEE7_S_moveEPcPKcj
                0x000000000800957c       0x16 C:/ST/STM32CubeIDE_1.10.1/STM32CubeIDE/plugins/com.st.stm32cube.ide.mcu.externaltools.gnu-tools-for-stm32.11.3.rel1.win32_1.1.0.202305231506/tools/bin/../lib/gcc/arm-none-eabi/11.3.1/../../../../arm-none-eabi/lib/thumb/v6-m/nofp\libstdc++_nano.a(string-inst.o)
                0x000000000800957c                std::__cxx11::basic_string<char, std::char_traits<char>, std::allocator<char> >::_S_move(char*, char const*, unsigned int)
 .text._ZNSt7__cxx1112basic_stringIcSt11char_traitsIcESaIcEE13_S_copy_charsEPcS5_S5_
                0x0000000008009592        0xa C:/ST/STM32CubeIDE_1.10.1/STM32CubeIDE/plugins/com.st.stm32cube.ide.mcu.externaltools.gnu-tools-for-stm32.11.3.rel1.win32_1.1.0.202305231506/tools/bin/../lib/gcc/arm-none-eabi/11.3.1/../../../../arm-none-eabi/lib/thumb/v6-m/nofp\libstdc++_nano.a(string-inst.o)
                0x0000000008009592                std::__cxx11::basic_string<char, std::char_traits<char>, std::allocator<char> >::_S_copy_chars(char*, char*, char*)
 .text._ZNSt7__cxx1112basic_stringIcSt11char_traitsIcESaIcEE13_S_copy_charsEPcPKcS7_
                0x000000000800959c        0xa C:/ST/STM32CubeIDE_1.10.1/STM32CubeIDE/plugins/com.st.stm32cube.ide.mcu.externaltools.gnu-tools-for-stm32.11.3.rel1.win32_1.1.0.202305231506/tools/bin/../lib/gcc/arm-none-eabi/11.3.1/../../../../arm-none-eabi/lib/thumb/v6-m/nofp\libstdc++_nano.a(string-inst.o)
                0x000000000800959c                std::__cxx11::basic_string<char, std::char_traits<char>, std::allocator<char> >::_S_copy_chars(char*, char const*, char const*)
 .text._ZNSt7__cxx1112basic_stringIcSt11char_traitsIcESaIcEE9_M_assignERKS4_
                0x00000000080095a6       0x4e C:/ST/STM32CubeIDE_1.10.1/STM32CubeIDE/plugins/com.st.stm32cube.ide.mcu.externaltools.gnu-tools-for-stm32.11.3.rel1.win32_1.1.0.202305231506/tools/bin/../lib/gcc/arm-none-eabi/11.3.1/../../../../arm-none-eabi/lib/thumb/v6-m/nofp\libstdc++_nano.a(string-inst.o)
                0x00000000080095a6                std::__cxx11::basic_string<char, std::char_traits<char>, std::allocator<char> >::_M_assign(std::__cxx11::basic_string<char, std::char_traits<char>, std::allocator<char> > const&)
 .text._ZNSt7__cxx1112basic_stringIcSt11char_traitsIcESaIcEE9_M_mutateEjjPKcj
                0x00000000080095f4       0x7c C:/ST/STM32CubeIDE_1.10.1/STM32CubeIDE/plugins/com.st.stm32cube.ide.mcu.externaltools.gnu-tools-for-stm32.11.3.rel1.win32_1.1.0.202305231506/tools/bin/../lib/gcc/arm-none-eabi/11.3.1/../../../../arm-none-eabi/lib/thumb/v6-m/nofp\libstdc++_nano.a(string-inst.o)
                0x00000000080095f4                std::__cxx11::basic_string<char, std::char_traits<char>, std::allocator<char> >::_M_mutate(unsigned int, unsigned int, char const*, unsigned int)
 .text._ZNSt7__cxx1112basic_stringIcSt11char_traitsIcESaIcEEC2Ev
                0x0000000008009670        0xe C:/ST/STM32CubeIDE_1.10.1/STM32CubeIDE/plugins/com.st.stm32cube.ide.mcu.externaltools.gnu-tools-for-stm32.11.3.rel1.win32_1.1.0.202305231506/tools/bin/../lib/gcc/arm-none-eabi/11.3.1/../../../../arm-none-eabi/lib/thumb/v6-m/nofp\libstdc++_nano.a(string-inst.o)
                0x0000000008009670                std::__cxx11::basic_string<char, std::char_traits<char>, std::allocator<char> >::basic_string()
                0x0000000008009670                std::__cxx11::basic_string<char, std::char_traits<char>, std::allocator<char> >::basic_string()
 .text._ZNSt7__cxx1112basic_stringIcSt11char_traitsIcESaIcEEC2EOS4_
                0x000000000800967e       0x34 C:/ST/STM32CubeIDE_1.10.1/STM32CubeIDE/plugins/com.st.stm32cube.ide.mcu.externaltools.gnu-tools-for-stm32.11.3.rel1.win32_1.1.0.202305231506/tools/bin/../lib/gcc/arm-none-eabi/11.3.1/../../../../arm-none-eabi/lib/thumb/v6-m/nofp\libstdc++_nano.a(string-inst.o)
                0x000000000800967e                std::__cxx11::basic_string<char, std::char_traits<char>, std::allocator<char> >::basic_string(std::__cxx11::basic_string<char, std::char_traits<char>, std::allocator<char> >&&)
                0x000000000800967e                std::__cxx11::basic_string<char, std::char_traits<char>, std::allocator<char> >::basic_string(std::__cxx11::basic_string<char, std::char_traits<char>, std::allocator<char> >&&)
 .text._ZNSt7__cxx1112basic_stringIcSt11char_traitsIcESaIcEED2Ev
                0x00000000080096b2        0xc C:/ST/STM32CubeIDE_1.10.1/STM32CubeIDE/plugins/com.st.stm32cube.ide.mcu.externaltools.gnu-tools-for-stm32.11.3.rel1.win32_1.1.0.202305231506/tools/bin/../lib/gcc/arm-none-eabi/11.3.1/../../../../arm-none-eabi/lib/thumb/v6-m/nofp\libstdc++_nano.a(string-inst.o)
                0x00000000080096b2                std::__cxx11::basic_string<char, std::char_traits<char>, std::allocator<char> >::~basic_string()
                0x00000000080096b2                std::__cxx11::basic_string<char, std::char_traits<char>, std::allocator<char> >::~basic_string()
 .text._ZNSt7__cxx1112basic_stringIcSt11char_traitsIcESaIcEEaSERKS4_
                0x00000000080096be        0xc C:/ST/STM32CubeIDE_1.10.1/STM32CubeIDE/plugins/com.st.stm32cube.ide.mcu.externaltools.gnu-tools-for-stm32.11.3.rel1.win32_1.1.0.202305231506/tools/bin/../lib/gcc/arm-none-eabi/11.3.1/../../../../arm-none-eabi/lib/thumb/v6-m/nofp\libstdc++_nano.a(string-inst.o)
                0x00000000080096be                std::__cxx11::basic_string<char, std::char_traits<char>, std::allocator<char> >::operator=(std::__cxx11::basic_string<char, std::char_traits<char>, std::allocator<char> > const&)
 .text._ZNSt7__cxx1112basic_stringIcSt11char_traitsIcESaIcEEixEj
                0x00000000080096ca        0x6 C:/ST/STM32CubeIDE_1.10.1/STM32CubeIDE/plugins/com.st.stm32cube.ide.mcu.externaltools.gnu-tools-for-stm32.11.3.rel1.win32_1.1.0.202305231506/tools/bin/../lib/gcc/arm-none-eabi/11.3.1/../../../../arm-none-eabi/lib/thumb/v6-m/nofp\libstdc++_nano.a(string-inst.o)
                0x00000000080096ca                std::__cxx11::basic_string<char, std::char_traits<char>, std::allocator<char> >::operator[](unsigned int)
 .text._ZNSt7__cxx1112basic_stringIcSt11char_traitsIcESaIcEE10_M_replaceEjjPKcj
                0x00000000080096d0      0x104 C:/ST/STM32CubeIDE_1.10.1/STM32CubeIDE/plugins/com.st.stm32cube.ide.mcu.externaltools.gnu-tools-for-stm32.11.3.rel1.win32_1.1.0.202305231506/tools/bin/../lib/gcc/arm-none-eabi/11.3.1/../../../../arm-none-eabi/lib/thumb/v6-m/nofp\libstdc++_nano.a(string-inst.o)
                0x00000000080096d0                std::__cxx11::basic_string<char, std::char_traits<char>, std::allocator<char> >::_M_replace(unsigned int, unsigned int, char const*, unsigned int)
 .text._ZNSt7__cxx1112basic_stringIcSt11char_traitsIcESaIcEE6assignEPKc
                0x00000000080097d4       0x1c C:/ST/STM32CubeIDE_1.10.1/STM32CubeIDE/plugins/com.st.stm32cube.ide.mcu.externaltools.gnu-tools-for-stm32.11.3.rel1.win32_1.1.0.202305231506/tools/bin/../lib/gcc/arm-none-eabi/11.3.1/../../../../arm-none-eabi/lib/thumb/v6-m/nofp\libstdc++_nano.a(string-inst.o)
                0x00000000080097d4                std::__cxx11::basic_string<char, std::char_traits<char>, std::allocator<char> >::assign(char const*)
 .text._ZNSt7__cxx1112basic_stringIcSt11char_traitsIcESaIcEEaSEPKc
                0x00000000080097f0        0x8 C:/ST/STM32CubeIDE_1.10.1/STM32CubeIDE/plugins/com.st.stm32cube.ide.mcu.externaltools.gnu-tools-for-stm32.11.3.rel1.win32_1.1.0.202305231506/tools/bin/../lib/gcc/arm-none-eabi/11.3.1/../../../../arm-none-eabi/lib/thumb/v6-m/nofp\libstdc++_nano.a(string-inst.o)
                0x00000000080097f0                std::__cxx11::basic_string<char, std::char_traits<char>, std::allocator<char> >::operator=(char const*)
 .text._ZNSt7__cxx1112basic_stringIcSt11char_traitsIcESaIcEE12_M_constructIPcEEvT_S7_St20forward_iterator_tag
                0x00000000080097f8       0x48 C:/ST/STM32CubeIDE_1.10.1/STM32CubeIDE/plugins/com.st.stm32cube.ide.mcu.externaltools.gnu-tools-for-stm32.11.3.rel1.win32_1.1.0.202305231506/tools/bin/../lib/gcc/arm-none-eabi/11.3.1/../../../../arm-none-eabi/lib/thumb/v6-m/nofp\libstdc++_nano.a(string-inst.o)
                0x00000000080097f8                void std::__cxx11::basic_string<char, std::char_traits<char>, std::allocator<char> >::_M_construct<char*>(char*, char*, std::forward_iterator_tag)
 .text._ZNSt7__cxx1112basic_stringIcSt11char_traitsIcESaIcEEC2ERKS4_
                0x0000000008009840       0x1a C:/ST/STM32CubeIDE_1.10.1/STM32CubeIDE/plugins/com.st.stm32cube.ide.mcu.externaltools.gnu-tools-for-stm32.11.3.rel1.win32_1.1.0.202305231506/tools/bin/../lib/gcc/arm-none-eabi/11.3.1/../../../../arm-none-eabi/lib/thumb/v6-m/nofp\libstdc++_nano.a(string-inst.o)
                0x0000000008009840                std::__cxx11::basic_string<char, std::char_traits<char>, std::allocator<char> >::basic_string(std::__cxx11::basic_string<char, std::char_traits<char>, std::allocator<char> > const&)
                0x0000000008009840                std::__cxx11::basic_string<char, std::char_traits<char>, std::allocator<char> >::basic_string(std::__cxx11::basic_string<char, std::char_traits<char>, std::allocator<char> > const&)
 *fill*         0x000000000800985a        0x2 
 .text._ZNSt7__cxx1112basic_stringIcSt11char_traitsIcESaIcEE12_M_constructIPKcEEvT_S8_St20forward_iterator_tag
                0x000000000800985c       0x48 C:/ST/STM32CubeIDE_1.10.1/STM32CubeIDE/plugins/com.st.stm32cube.ide.mcu.externaltools.gnu-tools-for-stm32.11.3.rel1.win32_1.1.0.202305231506/tools/bin/../lib/gcc/arm-none-eabi/11.3.1/../../../../arm-none-eabi/lib/thumb/v6-m/nofp\libstdc++_nano.a(string-inst.o)
                0x000000000800985c                void std::__cxx11::basic_string<char, std::char_traits<char>, std::allocator<char> >::_M_construct<char const*>(char const*, char const*, std::forward_iterator_tag)
 .text._ZNSt7__cxx1112basic_stringIcSt11char_traitsIcESaIcEEC2EPKcRKS3_
                0x00000000080098a4       0x26 C:/ST/STM32CubeIDE_1.10.1/STM32CubeIDE/plugins/com.st.stm32cube.ide.mcu.externaltools.gnu-tools-for-stm32.11.3.rel1.win32_1.1.0.202305231506/tools/bin/../lib/gcc/arm-none-eabi/11.3.1/../../../../arm-none-eabi/lib/thumb/v6-m/nofp\libstdc++_nano.a(string-inst.o)
                0x00000000080098a4                std::__cxx11::basic_string<char, std::char_traits<char>, std::allocator<char> >::basic_string(char const*, std::allocator<char> const&)
                0x00000000080098a4                std::__cxx11::basic_string<char, std::char_traits<char>, std::allocator<char> >::basic_string(char const*, std::allocator<char> const&)
 .text._ZdlPv   0x00000000080098ca        0x8 C:/ST/STM32CubeIDE_1.10.1/STM32CubeIDE/plugins/com.st.stm32cube.ide.mcu.externaltools.gnu-tools-for-stm32.11.3.rel1.win32_1.1.0.202305231506/tools/bin/../lib/gcc/arm-none-eabi/11.3.1/../../../../arm-none-eabi/lib/thumb/v6-m/nofp\libstdc++_nano.a(del_op.o)
                0x00000000080098ca                operator delete(void*)
 *fill*         0x00000000080098d2        0x2 
 .text._ZSt15get_new_handlerv
                0x00000000080098d4        0xc C:/ST/STM32CubeIDE_1.10.1/STM32CubeIDE/plugins/com.st.stm32cube.ide.mcu.externaltools.gnu-tools-for-stm32.11.3.rel1.win32_1.1.0.202305231506/tools/bin/../lib/gcc/arm-none-eabi/11.3.1/../../../../arm-none-eabi/lib/thumb/v6-m/nofp\libstdc++_nano.a(new_handler.o)
                0x00000000080098d4                std::get_new_handler()
 .text.abort    0x00000000080098e0        0xe C:/ST/STM32CubeIDE_1.10.1/STM32CubeIDE/plugins/com.st.stm32cube.ide.mcu.externaltools.gnu-tools-for-stm32.11.3.rel1.win32_1.1.0.202305231506/tools/bin/../lib/gcc/arm-none-eabi/11.3.1/../../../../arm-none-eabi/lib/thumb/v6-m/nofp\libc_nano.a(libc_a-abort.o)
                0x00000000080098e0                abort
 *fill*         0x00000000080098ee        0x2 
 .text.malloc   0x00000000080098f0       0x14 C:/ST/STM32CubeIDE_1.10.1/STM32CubeIDE/plugins/com.st.stm32cube.ide.mcu.externaltools.gnu-tools-for-stm32.11.3.rel1.win32_1.1.0.202305231506/tools/bin/../lib/gcc/arm-none-eabi/11.3.1/../../../../arm-none-eabi/lib/thumb/v6-m/nofp\libc_nano.a(libc_a-malloc.o)
                0x00000000080098f0                malloc
 .text.free     0x0000000008009904       0x14 C:/ST/STM32CubeIDE_1.10.1/STM32CubeIDE/plugins/com.st.stm32cube.ide.mcu.externaltools.gnu-tools-for-stm32.11.3.rel1.win32_1.1.0.202305231506/tools/bin/../lib/gcc/arm-none-eabi/11.3.1/../../../../arm-none-eabi/lib/thumb/v6-m/nofp\libc_nano.a(libc_a-malloc.o)
                0x0000000008009904                free
 .text.sbrk_aligned
                0x0000000008009918       0x44 C:/ST/STM32CubeIDE_1.10.1/STM32CubeIDE/plugins/com.st.stm32cube.ide.mcu.externaltools.gnu-tools-for-stm32.11.3.rel1.win32_1.1.0.202305231506/tools/bin/../lib/gcc/arm-none-eabi/11.3.1/../../../../arm-none-eabi/lib/thumb/v6-m/nofp\libc_nano.a(libc_a-mallocr.o)
 .text._malloc_r
                0x000000000800995c      0x104 C:/ST/STM32CubeIDE_1.10.1/STM32CubeIDE/plugins/com.st.stm32cube.ide.mcu.externaltools.gnu-tools-for-stm32.11.3.rel1.win32_1.1.0.202305231506/tools/bin/../lib/gcc/arm-none-eabi/11.3.1/../../../../arm-none-eabi/lib/thumb/v6-m/nofp\libc_nano.a(libc_a-mallocr.o)
                0x000000000800995c                _malloc_r
 .text.__malloc_lock
                0x0000000008009a60       0x10 C:/ST/STM32CubeIDE_1.10.1/STM32CubeIDE/plugins/com.st.stm32cube.ide.mcu.externaltools.gnu-tools-for-stm32.11.3.rel1.win32_1.1.0.202305231506/tools/bin/../lib/gcc/arm-none-eabi/11.3.1/../../../../arm-none-eabi/lib/thumb/v6-m/nofp\libc_nano.a(libc_a-mlock.o)
                0x0000000008009a60                __malloc_lock
 .text.__malloc_unlock
                0x0000000008009a70       0x10 C:/ST/STM32CubeIDE_1.10.1/STM32CubeIDE/plugins/com.st.stm32cube.ide.mcu.externaltools.gnu-tools-for-stm32.11.3.rel1.win32_1.1.0.202305231506/tools/bin/../lib/gcc/arm-none-eabi/11.3.1/../../../../arm-none-eabi/lib/thumb/v6-m/nofp\libc_nano.a(libc_a-mlock.o)
                0x0000000008009a70                __malloc_unlock
 .text.sprintf  0x0000000008009a80       0x40 C:/ST/STM32CubeIDE_1.10.1/STM32CubeIDE/plugins/com.st.stm32cube.ide.mcu.externaltools.gnu-tools-for-stm32.11.3.rel1.win32_1.1.0.202305231506/tools/bin/../lib/gcc/arm-none-eabi/11.3.1/../../../../arm-none-eabi/lib/thumb/v6-m/nofp\libc_nano.a(libc_a-sprintf.o)
                0x0000000008009a80                siprintf
                0x0000000008009a80                sprintf
 .text.memmove  0x0000000008009ac0       0x26 C:/ST/STM32CubeIDE_1.10.1/STM32CubeIDE/plugins/com.st.stm32cube.ide.mcu.externaltools.gnu-tools-for-stm32.11.3.rel1.win32_1.1.0.202305231506/tools/bin/../lib/gcc/arm-none-eabi/11.3.1/../../../../arm-none-eabi/lib/thumb/v6-m/nofp\libc_nano.a(libc_a-memmove.o)
                0x0000000008009ac0                memmove
 .text.memset   0x0000000008009ae6       0x10 C:/ST/STM32CubeIDE_1.10.1/STM32CubeIDE/plugins/com.st.stm32cube.ide.mcu.externaltools.gnu-tools-for-stm32.11.3.rel1.win32_1.1.0.202305231506/tools/bin/../lib/gcc/arm-none-eabi/11.3.1/../../../../arm-none-eabi/lib/thumb/v6-m/nofp\libc_nano.a(libc_a-memset.o)
                0x0000000008009ae6                memset
 .text._raise_r
                0x0000000008009af6       0x54 C:/ST/STM32CubeIDE_1.10.1/STM32CubeIDE/plugins/com.st.stm32cube.ide.mcu.externaltools.gnu-tools-for-stm32.11.3.rel1.win32_1.1.0.202305231506/tools/bin/../lib/gcc/arm-none-eabi/11.3.1/../../../../arm-none-eabi/lib/thumb/v6-m/nofp\libc_nano.a(libc_a-signal.o)
                0x0000000008009af6                _raise_r
 *fill*         0x0000000008009b4a        0x2 
 .text.raise    0x0000000008009b4c       0x14 C:/ST/STM32CubeIDE_1.10.1/STM32CubeIDE/plugins/com.st.stm32cube.ide.mcu.externaltools.gnu-tools-for-stm32.11.3.rel1.win32_1.1.0.202305231506/tools/bin/../lib/gcc/arm-none-eabi/11.3.1/../../../../arm-none-eabi/lib/thumb/v6-m/nofp\libc_nano.a(libc_a-signal.o)
                0x0000000008009b4c                raise
 .text._kill_r  0x0000000008009b60       0x24 C:/ST/STM32CubeIDE_1.10.1/STM32CubeIDE/plugins/com.st.stm32cube.ide.mcu.externaltools.gnu-tools-for-stm32.11.3.rel1.win32_1.1.0.202305231506/tools/bin/../lib/gcc/arm-none-eabi/11.3.1/../../../../arm-none-eabi/lib/thumb/v6-m/nofp\libc_nano.a(libc_a-signalr.o)
                0x0000000008009b60                _kill_r
 .text._getpid_r
                0x0000000008009b84        0x8 C:/ST/STM32CubeIDE_1.10.1/STM32CubeIDE/plugins/com.st.stm32cube.ide.mcu.externaltools.gnu-tools-for-stm32.11.3.rel1.win32_1.1.0.202305231506/tools/bin/../lib/gcc/arm-none-eabi/11.3.1/../../../../arm-none-eabi/lib/thumb/v6-m/nofp\libc_nano.a(libc_a-signalr.o)
                0x0000000008009b84                _getpid_r
 .text._sbrk_r  0x0000000008009b8c       0x24 C:/ST/STM32CubeIDE_1.10.1/STM32CubeIDE/plugins/com.st.stm32cube.ide.mcu.externaltools.gnu-tools-for-stm32.11.3.rel1.win32_1.1.0.202305231506/tools/bin/../lib/gcc/arm-none-eabi/11.3.1/../../../../arm-none-eabi/lib/thumb/v6-m/nofp\libc_nano.a(libc_a-sbrkr.o)
                0x0000000008009b8c                _sbrk_r
 .text.__errno  0x0000000008009bb0        0xc C:/ST/STM32CubeIDE_1.10.1/STM32CubeIDE/plugins/com.st.stm32cube.ide.mcu.externaltools.gnu-tools-for-stm32.11.3.rel1.win32_1.1.0.202305231506/tools/bin/../lib/gcc/arm-none-eabi/11.3.1/../../../../arm-none-eabi/lib/thumb/v6-m/nofp\libc_nano.a(libc_a-errno.o)
                0x0000000008009bb0                __errno
 .text.__libc_init_array
                0x0000000008009bbc       0x48 C:/ST/STM32CubeIDE_1.10.1/STM32CubeIDE/plugins/com.st.stm32cube.ide.mcu.externaltools.gnu-tools-for-stm32.11.3.rel1.win32_1.1.0.202305231506/tools/bin/../lib/gcc/arm-none-eabi/11.3.1/../../../../arm-none-eabi/lib/thumb/v6-m/nofp\libc_nano.a(libc_a-init.o)
                0x0000000008009bbc                __libc_init_array
 .text.__retarget_lock_acquire_recursive
                0x0000000008009c04        0x2 C:/ST/STM32CubeIDE_1.10.1/STM32CubeIDE/plugins/com.st.stm32cube.ide.mcu.externaltools.gnu-tools-for-stm32.11.3.rel1.win32_1.1.0.202305231506/tools/bin/../lib/gcc/arm-none-eabi/11.3.1/../../../../arm-none-eabi/lib/thumb/v6-m/nofp\libc_nano.a(libc_a-lock.o)
                0x0000000008009c04                __retarget_lock_acquire_recursive
 .text.__retarget_lock_release_recursive
                0x0000000008009c06        0x2 C:/ST/STM32CubeIDE_1.10.1/STM32CubeIDE/plugins/com.st.stm32cube.ide.mcu.externaltools.gnu-tools-for-stm32.11.3.rel1.win32_1.1.0.202305231506/tools/bin/../lib/gcc/arm-none-eabi/11.3.1/../../../../arm-none-eabi/lib/thumb/v6-m/nofp\libc_nano.a(libc_a-lock.o)
                0x0000000008009c06                __retarget_lock_release_recursive
 .text.memchr   0x0000000008009c08       0x16 C:/ST/STM32CubeIDE_1.10.1/STM32CubeIDE/plugins/com.st.stm32cube.ide.mcu.externaltools.gnu-tools-for-stm32.11.3.rel1.win32_1.1.0.202305231506/tools/bin/../lib/gcc/arm-none-eabi/11.3.1/../../../../arm-none-eabi/lib/thumb/v6-m/nofp\libc_nano.a(libc_a-memchr-stub.o)
                0x0000000008009c08                memchr
 .text.memcpy   0x0000000008009c1e       0x12 C:/ST/STM32CubeIDE_1.10.1/STM32CubeIDE/plugins/com.st.stm32cube.ide.mcu.externaltools.gnu-tools-for-stm32.11.3.rel1.win32_1.1.0.202305231506/tools/bin/../lib/gcc/arm-none-eabi/11.3.1/../../../../arm-none-eabi/lib/thumb/v6-m/nofp\libc_nano.a(libc_a-memcpy-stub.o)
                0x0000000008009c1e                memcpy
 .text._free_r  0x0000000008009c30       0x94 C:/ST/STM32CubeIDE_1.10.1/STM32CubeIDE/plugins/com.st.stm32cube.ide.mcu.externaltools.gnu-tools-for-stm32.11.3.rel1.win32_1.1.0.202305231506/tools/bin/../lib/gcc/arm-none-eabi/11.3.1/../../../../arm-none-eabi/lib/thumb/v6-m/nofp\libc_nano.a(libc_a-freer.o)
                0x0000000008009c30                _free_r
 .text.__ssputs_r
                0x0000000008009cc4       0xc4 C:/ST/STM32CubeIDE_1.10.1/STM32CubeIDE/plugins/com.st.stm32cube.ide.mcu.externaltools.gnu-tools-for-stm32.11.3.rel1.win32_1.1.0.202305231506/tools/bin/../lib/gcc/arm-none-eabi/11.3.1/../../../../arm-none-eabi/lib/thumb/v6-m/nofp\libc_nano.a(libc_a-nano-svfprintf.o)
                0x0000000008009cc4                __ssputs_r
 .text._svfprintf_r
                0x0000000008009d88      0x200 C:/ST/STM32CubeIDE_1.10.1/STM32CubeIDE/plugins/com.st.stm32cube.ide.mcu.externaltools.gnu-tools-for-stm32.11.3.rel1.win32_1.1.0.202305231506/tools/bin/../lib/gcc/arm-none-eabi/11.3.1/../../../../arm-none-eabi/lib/thumb/v6-m/nofp\libc_nano.a(libc_a-nano-svfprintf.o)
                0x0000000008009d88                _svfiprintf_r
                0x0000000008009d88                _svfprintf_r
 .text._printf_common
                0x0000000008009f88       0xde C:/ST/STM32CubeIDE_1.10.1/STM32CubeIDE/plugins/com.st.stm32cube.ide.mcu.externaltools.gnu-tools-for-stm32.11.3.rel1.win32_1.1.0.202305231506/tools/bin/../lib/gcc/arm-none-eabi/11.3.1/../../../../arm-none-eabi/lib/thumb/v6-m/nofp\libc_nano.a(libc_a-nano-vfprintf_i.o)
                0x0000000008009f88                _printf_common
 *fill*         0x000000000800a066        0x2 
 .text._printf_i
                0x000000000800a068      0x220 C:/ST/STM32CubeIDE_1.10.1/STM32CubeIDE/plugins/com.st.stm32cube.ide.mcu.externaltools.gnu-tools-for-stm32.11.3.rel1.win32_1.1.0.202305231506/tools/bin/../lib/gcc/arm-none-eabi/11.3.1/../../../../arm-none-eabi/lib/thumb/v6-m/nofp\libc_nano.a(libc_a-nano-vfprintf_i.o)
                0x000000000800a068                _printf_i
 .text._realloc_r