Archive member included to satisfy reference by file (symbol)

C:/ST/STM32CubeIDE_1.10.1/STM32CubeIDE/plugins/com.st.stm32cube.ide.mcu.externaltools.gnu-tools-for-stm32.11.3.rel1.win32_1.1.0.202305231506/tools/bin/../lib/gcc/arm-none-eabi/11.3.1/../../../../arm-none-eabi/lib/thumb/v6-m/nofp\libstdc++_nano.a(del_ops.o)
                              ./Core/Src/main.o (operator delete(void*, unsigned int))
C:/ST/STM32CubeIDE_1.10.1/STM32CubeIDE/plugins/com.st.stm32cube.ide.mcu.externaltools.gnu-tools-for-stm32.11.3.rel1.win32_1.1.0.202305231506/tools/bin/../lib/gcc/arm-none-eabi/11.3.1/../../../../arm-none-eabi/lib/thumb/v6-m/nofp\libstdc++_nano.a(allocator-inst.o)
                              ./Core/Src/main.o (std::allocator<char>::allocator())
C:/ST/STM32CubeIDE_1.10.1/STM32CubeIDE/plugins/com.st.stm32cube.ide.mcu.externaltools.gnu-tools-for-stm32.11.3.rel1.win32_1.1.0.202305231506/tools/bin/../lib/gcc/arm-none-eabi/11.3.1/../../../../arm-none-eabi/lib/thumb/v6-m/nofp\libstdc++_nano.a(string-inst.o)
                              ./Core/Src/OneColMenuScreen.o (std::__cxx11::basic_string<char, std::char_traits<char>, std::allocator<char> >::~basic_string())
C:/ST/STM32CubeIDE_1.10.1/STM32CubeIDE/plugins/com.st.stm32cube.ide.mcu.externaltools.gnu-tools-for-stm32.11.3.rel1.win32_1.1.0.202305231506/tools/bin/../lib/gcc/arm-none-eabi/11.3.1/../../../../arm-none-eabi/lib/thumb/v6-m/nofp\libstdc++_nano.a(del_op.o)
                              C:/ST/STM32CubeIDE_1.10.1/STM32CubeIDE/plugins/com.st.stm32cube.ide.mcu.externaltools.gnu-tools-for-stm32.11.3.rel1.win32_1.1.0.202305231506/tools/bin/../lib/gcc/arm-none-eabi/11.3.1/../../../../arm-none-eabi/lib/thumb/v6-m/nofp\libstdc++_nano.a(del_ops.o) (operator delete(void*))
C:/ST/STM32CubeIDE_1.10.1/STM32CubeIDE/plugins/com.st.stm32cube.ide.mcu.externaltools.gnu-tools-for-stm32.11.3.rel1.win32_1.1.0.202305231506/tools/bin/../lib/gcc/arm-none-eabi/11.3.1/../../../../arm-none-eabi/lib/thumb/v6-m/nofp\libstdc++_nano.a(new_op.o)
                              C:/ST/STM32CubeIDE_1.10.1/STM32CubeIDE/plugins/com.st.stm32cube.ide.mcu.externaltools.gnu-tools-for-stm32.11.3.rel1.win32_1.1.0.202305231506/tools/bin/../lib/gcc/arm-none-eabi/11.3.1/../../../../arm-none-eabi/lib/thumb/v6-m/nofp\libstdc++_nano.a(string-inst.o) (operator new(unsigned int))
C:/ST/STM32CubeIDE_1.10.1/STM32CubeIDE/plugins/com.st.stm32cube.ide.mcu.externaltools.gnu-tools-for-stm32.11.3.rel1.win32_1.1.0.202305231506/tools/bin/../lib/gcc/arm-none-eabi/11.3.1/../../../../arm-none-eabi/lib/thumb/v6-m/nofp\libstdc++_nano.a(functexcept.o)
                              C:/ST/STM32CubeIDE_1.10.1/STM32CubeIDE/plugins/com.st.stm32cube.ide.mcu.externaltools.gnu-tools-for-stm32.11.3.rel1.win32_1.1.0.202305231506/tools/bin/../lib/gcc/arm-none-eabi/11.3.1/../../../../arm-none-eabi/lib/thumb/v6-m/nofp\libstdc++_nano.a(string-inst.o) (std::__throw_bad_alloc())
C:/ST/STM32CubeIDE_1.10.1/STM32CubeIDE/plugins/com.st.stm32cube.ide.mcu.externaltools.gnu-tools-for-stm32.11.3.rel1.win32_1.1.0.202305231506/tools/bin/../lib/gcc/arm-none-eabi/11.3.1/../../../../arm-none-eabi/lib/thumb/v6-m/nofp\libstdc++_nano.a(snprintf_lite.o)
                              C:/ST/STM32CubeIDE_1.10.1/STM32CubeIDE/plugins/com.st.stm32cube.ide.mcu.externaltools.gnu-tools-for-stm32.11.3.rel1.win32_1.1.0.202305231506/tools/bin/../lib/gcc/arm-none-eabi/11.3.1/../../../../arm-none-eabi/lib/thumb/v6-m/nofp\libstdc++_nano.a(functexcept.o) (__gnu_cxx::__snprintf_lite(char*, unsigned int, char const*, std::__va_list))
C:/ST/STM32CubeIDE_1.10.1/STM32CubeIDE/plugins/com.st.stm32cube.ide.mcu.externaltools.gnu-tools-for-stm32.11.3.rel1.win32_1.1.0.202305231506/tools/bin/../lib/gcc/arm-none-eabi/11.3.1/../../../../arm-none-eabi/lib/thumb/v6-m/nofp\libstdc++_nano.a(new_handler.o)
                              C:/ST/STM32CubeIDE_1.10.1/STM32CubeIDE/plugins/com.st.stm32cube.ide.mcu.externaltools.gnu-tools-for-stm32.11.3.rel1.win32_1.1.0.202305231506/tools/bin/../lib/gcc/arm-none-eabi/11.3.1/../../../../arm-none-eabi/lib/thumb/v6-m/nofp\libstdc++_nano.a(new_op.o) (std::get_new_handler())
C:/ST/STM32CubeIDE_1.10.1/STM32CubeIDE/plugins/com.st.stm32cube.ide.mcu.externaltools.gnu-tools-for-stm32.11.3.rel1.win32_1.1.0.202305231506/tools/bin/../lib/gcc/arm-none-eabi/11.3.1/../../../../arm-none-eabi/lib/thumb/v6-m/nofp\libc_nano.a(libc_a-abort.o)
                              C:/ST/STM32CubeIDE_1.10.1/STM32CubeIDE/plugins/com.st.stm32cube.ide.mcu.externaltools.gnu-tools-for-stm32.11.3.rel1.win32_1.1.0.202305231506/tools/bin/../lib/gcc/arm-none-eabi/11.3.1/../../../../arm-none-eabi/lib/thumb/v6-m/nofp\libstdc++_nano.a(new_op.o) (abort)
C:/ST/STM32CubeIDE_1.10.1/STM32CubeIDE/plugins/com.st.stm32cube.ide.mcu.externaltools.gnu-tools-for-stm32.11.3.rel1.win32_1.1.0.202305231506/tools/bin/../lib/gcc/arm-none-eabi/11.3.1/../../../../arm-none-eabi/lib/thumb/v6-m/nofp\libc_nano.a(libc_a-exit.o)
[...]
Memory Configuration

Name             Origin             Length             Attributes
RAM              0x0000000020000000 0x0000000000002000 xrw
FLASH            0x0000000008000000 0x0000000000010000 xr
*default*        0x0000000000000000 0xffffffffffffffff

Linker script and memory map

LOAD C:/ST/STM32CubeIDE_1.10.1/STM32CubeIDE/plugins/com.st.stm32cube.ide.mcu.externaltools.gnu-tools-for-stm32.11.3.rel1.win32_1.1.0.202305231506/tools/bin/../lib/gcc/arm-none-eabi/11.3.1/thumb/v6-m/nofp/crti.o
LOAD C:/ST/STM32CubeIDE_1.10.1/STM32CubeIDE/plugins/com.st.stm32cube.ide.mcu.externaltools.gnu-tools-for-stm32.11.3.rel1.win32_1.1.0.202305231506/tools/bin/../lib/gcc/arm-none-eabi/11.3.1/thumb/v6-m/nofp/crtbegin.o
LOAD C:/ST/STM32CubeIDE_1.10.1/STM32CubeIDE/plugins/com.st.stm32cube.ide.mcu.externaltools.gnu-tools-for-stm32.11.3.rel1.win32_1.1.0.202305231506/tools/bin/../lib/gcc/arm-none-eabi/11.3.1/../../../../arm-none-eabi/lib/thumb/v6-m/nofp/crt0.o
LOAD ./Core/Src/Button.o
LOAD ./Core/Src/OneColMenuScreen.o
LOAD ./Core/Src/Screen.o
LOAD ./Core/Src/TwoColMenuScreen.o
LOAD ./Core/Src/lcd_i2c_lib.o
LOAD ./Core/Src/main.o
LOAD ./Core/Src/rtc.o
LOAD ./Core/Src/stm32f0xx_hal_msp.o
LOAD ./Core/Src/stm32f0xx_it.o
LOAD ./Core/Src/syscalls.o
LOAD ./Core/Src/sysmem.o
LOAD ./Core/Src/system_stm32f0xx.o
LOAD ./Core/Src/timer.o
LOAD ./Core/Startup/startup_stm32f030r8tx.o
LOAD ./Drivers/STM32F0xx_HAL_Driver/Src/stm32f0xx_hal.o
LOAD ./Drivers/STM32F0xx_HAL_Driver/Src/stm32f0xx_hal_cortex.o
LOAD ./Drivers/STM32F0xx_HAL_Driver/Src/stm32f0xx_hal_dma.o
LOAD ./Drivers/STM32F0xx_HAL_Driver/Src/stm32f0xx_hal_exti.o
LOAD ./Drivers/STM32F0xx_HAL_Driver/Src/stm32f0xx_hal_flash.o
LOAD ./Drivers/STM32F0xx_HAL_Driver/Src/stm32f0xx_hal_flash_ex.o
LOAD ./Drivers/STM32F0xx_HAL_Driver/Src/stm32f0xx_hal_gpio.o
LOAD ./Drivers/STM32F0xx_HAL_Driver/Src/stm32f0xx_hal_i2c.o
LOAD ./Drivers/STM32F0xx_HAL_Driver/Src/stm32f0xx_hal_i2c_ex.o
LOAD ./Drivers/STM32F0xx_HAL_Driver/Src/stm32f0xx_hal_pwr.o
LOAD ./Drivers/STM32F0xx_HAL_Driver/Src/stm32f0xx_hal_pwr_ex.o
LOAD ./Drivers/STM32F0xx_HAL_Driver/Src/stm32f0xx_hal_rcc.o
LOAD ./Drivers/STM32F0xx_HAL_Driver/Src/stm32f0xx_hal_rcc_ex.o
LOAD ./Drivers/STM32F0xx_HAL_Driver/Src/stm32f0xx_hal_rtc.o
LOAD ./Drivers/STM32F0xx_HAL_Driver/Src/stm32f0xx_hal_rtc_ex.o
LOAD ./Drivers/STM32F0xx_HAL_Driver/Src/stm32f0xx_hal_tim.o
LOAD ./Drivers/STM32F0xx_HAL_Driver/Src/stm32f0xx_hal_tim_ex.o
LOAD ./Drivers/STM32F0xx_HAL_Driver/Src/stm32f0xx_hal_uart.o
LOAD ./Drivers/STM32F0xx_HAL_Driver/Src/stm32f0xx_hal_uart_ex.o
START GROUP
LOAD C:/ST/STM32CubeIDE_1.10.1/STM32CubeIDE/plugins/com.st.stm32cube.ide.mcu.externaltools.gnu-tools-for-stm32.11.3.rel1.win32_1.1.0.202305231506/tools/bin/../lib/gcc/arm-none-eabi/11.3.1/../../../../arm-none-eabi/lib/thumb/v6-m/nofp\libstdc++_nano.a
LOAD C:/ST/STM32CubeIDE_1.10.1/STM32CubeIDE/plugins/com.st.stm32cube.ide.mcu.externaltools.gnu-tools-for-stm32.11.3.rel1.win32_1.1.0.202305231506/tools/bin/../lib/gcc/arm-none-eabi/11.3.1/../../../../arm-none-eabi/lib/thumb/v6-m/nofp\libsupc++_nano.a
END GROUP
LOAD C:/ST/STM32CubeIDE_1.10.1/STM32CubeIDE/plugins/com.st.stm32cube.ide.mcu.externaltools.gnu-tools-for-stm32.11.3.rel1.win32_1.1.0.202305231506/tools/bin/../lib/gcc/arm-none-eabi/11.3.1/../../../../arm-none-eabi/lib/thumb/v6-m/nofp\libstdc++_nano.a
LOAD C:/ST/STM32CubeIDE_1.10.1/STM32CubeIDE/plugins/com.st.stm32cube.ide.mcu.externaltools.gnu-tools-for-stm32.11.3.rel1.win32_1.1.0.202305231506/tools/bin/../lib/gcc/arm-none-eabi/11.3.1/../../../../arm-none-eabi/lib/thumb/v6-m/nofp\libm.a
LOAD C:/ST/STM32CubeIDE_1.10.1/STM32CubeIDE/plugins/com.st.stm32cube.ide.mcu.externaltools.gnu-tools-for-stm32.11.3.rel1.win32_1.1.0.202305231506/tools/bin/../lib/gcc/arm-none-eabi/11.3.1/../../../../arm-none-eabi/lib/thumb/v6-m/nofp\libc_nano.a
START GROUP
LOAD C:/ST/STM32CubeIDE_1.10.1/STM32CubeIDE/plugins/com.st.stm32cube.ide.mcu.externaltools.gnu-tools-for-stm32.11.3.rel1.win32_1.1.0.202305231506/tools/bin/../lib/gcc/arm-none-eabi/11.3.1/thumb/v6-m/nofp\libgcc.a
LOAD C:/ST/STM32CubeIDE_1.10.1/STM32CubeIDE/plugins/com.st.stm32cube.ide.mcu.externaltools.gnu-tools-for-stm32.11.3.rel1.win32_1.1.0.202305231506/tools/bin/../lib/gcc/arm-none-eabi/11.3.1/../../../../arm-none-eabi/lib/thumb/v6-m/nofp\libc_nano.a
END GROUP
START GROUP
LOAD C:/ST/STM32CubeIDE_1.10.1/STM32CubeIDE/plugins/com.st.stm32cube.ide.mcu.externaltools.gnu-tools-for-stm32.11.3.rel1.win32_1.1.0.202305231506/tools/bin/../lib/gcc/arm-none-eabi/11.3.1/thumb/v6-m/nofp\libgcc.a
LOAD C:/ST/STM32CubeIDE_1.10.1/STM32CubeIDE/plugins/com.st.stm32cube.ide.mcu.externaltools.gnu-tools-for-stm32.11.3.rel1.win32_1.1.0.202305231506/tools/bin/../lib/gcc/arm-none-eabi/11.3.1/../../../../arm-none-eabi/lib/thumb/v6-m/nofp\libc_nano.a
LOAD C:/ST/STM32CubeIDE_1.10.1/STM32CubeIDE/plugins/com.st.stm32cube.ide.mcu.externaltools.gnu-tools-for-stm32.11.3.rel1.win32_1.1.0.202305231506/tools/bin/../lib/gcc/arm-none-eabi/11.3.1/../../../../arm-none-eabi/lib/thumb/v6-m/nofp\libnosys.a
END GROUP
START GROUP
LOAD C:/ST/STM32CubeIDE_1.10.1/STM32CubeIDE/plugins/com.st.stm32cube.ide.mcu.externaltools.gnu-tools-for-stm32.11.3.rel1.win32_1.1.0.202305231506/tools/bin/../lib/gcc/arm-none-eabi/11.3.1/thumb/v6-m/nofp\libgcc.a
LOAD C:/ST/STM32CubeIDE_1.10.1/STM32CubeIDE/plugins/com.st.stm32cube.ide.mcu.externaltools.gnu-tools-for-stm32.11.3.rel1.win32_1.1.0.202305231506/tools/bin/../lib/gcc/arm-none-eabi/11.3.1/../../../../arm-none-eabi/lib/thumb/v6-m/nofp\libc_nano.a
LOAD C:/ST/STM32CubeIDE_1.10.1/STM32CubeIDE/plugins/com.st.stm32cube.ide.mcu.externaltools.gnu-tools-for-stm32.11.3.rel1.win32_1.1.0.202305231506/tools/bin/../lib/gcc/arm-none-eabi/11.3.1/../../../../arm-none-eabi/lib/thumb/v6-m/nofp\libnosys.a
END GROUP
LOAD C:/ST/STM32CubeIDE_1.10.1/STM32CubeIDE/plugins/com.st.stm32cube.ide.mcu.externaltools.gnu-tools-for-stm32.11.3.rel1.win32_1.1.0.202305231506/tools/bin/../lib/gcc/arm-none-eabi/11.3.1/thumb/v6-m/nofp/crtend.o
LOAD C:/ST/STM32CubeIDE_1.10.1/STM32CubeIDE/plugins/com.st.stm32cube.ide.mcu.externaltools.gnu-tools-for-stm32.11.3.rel1.win32_1.1.0.202305231506/tools/bin/../lib/gcc/arm-none-eabi/11.3.1/thumb/v6-m/nofp/crtn.o
                0x0000000020002000                _estack = (ORIGIN (RAM) + LENGTH (RAM))
                0x0000000000000200                _Min_Heap_Size = 0x200
                0x0000000000000400                _Min_Stack_Size = 0x400

.isr_vector     0x0000000008000000       0xc0
                0x0000000008000000                . = ALIGN (0x4)
 *(.isr_vector)
 .isr_vector    0x0000000008000000       0xc0 ./Core/Startup/startup_stm32f030r8tx.o
                0x0000000008000000                g_pfnVectors
                0x00000000080000c0                . = ALIGN (0x4)

.text           0x00000000080000c0     0x8520
                0x00000000080000c0                . = ALIGN (0x4)
 *(.text)
 .text          0x00000000080000c0       0x48 C:/ST/STM32CubeIDE_1.10.1/STM32CubeIDE/plugins/com.st.stm32cube.ide.mcu.externaltools.gnu-tools-for-stm32.11.3.rel1.win32_1.1.0.202305231506/tools/bin/../lib/gcc/arm-none-eabi/11.3.1/thumb/v6-m/nofp/crtbegin.o
 .text          0x0000000008000108        0xe C:/ST/STM32CubeIDE_1.10.1/STM32CubeIDE/plugins/com.st.stm32cube.ide.mcu.externaltools.gnu-tools-for-stm32.11.3.rel1.win32_1.1.0.202305231506/tools/bin/../lib/gcc/arm-none-eabi/11.3.1/../../../../arm-none-eabi/lib/thumb/v6-m/nofp\libc_nano.a(libc_a-strlen.o)
                0x0000000008000108                strlen
 *fill*         0x0000000008000116        0x2 
 .text          0x0000000008000118       0x14 C:/ST/STM32CubeIDE_1.10.1/STM32CubeIDE/plugins/com.st.stm32cube.ide.mcu.externaltools.gnu-tools-for-stm32.11.3.rel1.win32_1.1.0.202305231506/tools/bin/../lib/gcc/arm-none-eabi/11.3.1/thumb/v6-m/nofp\libgcc.a(_thumb1_case_shi.o)
                0x0000000008000118                __gnu_thumb1_case_shi
 .text          0x000000000800012c      0x114 C:/ST/STM32CubeIDE_1.10.1/STM32CubeIDE/plugins/com.st.stm32cube.ide.mcu.externaltools.gnu-tools-for-stm32.11.3.rel1.win32_1.1.0.202305231506/tools/bin/../lib/gcc/arm-none-eabi/11.3.1/thumb/v6-m/nofp\libgcc.a(_udivsi3.o)
                0x000000000800012c                __aeabi_uidiv
                0x000000000800012c                __udivsi3
                0x0000000008000238                __aeabi_uidivmod
 .text          0x0000000008000240        0x4 C:/ST/STM32CubeIDE_1.10.1/STM32CubeIDE/plugins/com.st.stm32cube.ide.mcu.externaltools.gnu-tools-for-stm32.11.3.rel1.win32_1.1.0.202305231506/tools/bin/../lib/gcc/arm-none-eabi/11.3.1/thumb/v6-m/nofp\libgcc.a(_dvmd_tls.o)
                0x0000000008000240                __aeabi_idiv0
                0x0000000008000240                __aeabi_ldiv0
 *(.text*)
 .text._ZN6ButtonC2EP12GPIO_TypeDefhh
                0x0000000008000244       0x6c ./Core/Src/Button.o
                0x0000000008000244                Button::Button(GPIO_TypeDef*, unsigned char, unsigned char)
                0x0000000008000244                Button::Button(GPIO_TypeDef*, unsigned char, unsigned char)
 .text._ZN6Button7clickedEv
                0x00000000080002b0       0x60 ./Core/Src/Button.o
                0x00000000080002b0                Button::clicked()
 .text._ZN6Button7pressedEv
                0x0000000008000310       0x64 ./Core/Src/Button.o
                0x0000000008000310                Button::pressed()
 .text._ZN6Button9unpressedEv
                0x0000000008000374       0x64 ./Core/Src/Button.o
                0x0000000008000374                Button::unpressed()
 .text._ZN16OneColMenuScreenC2EP6Screen
                0x00000000080003d8       0x2c ./Core/Src/OneColMenuScreen.o
                0x00000000080003d8                OneColMenuScreen::OneColMenuScreen(Screen*)
                0x00000000080003d8                OneColMenuScreen::OneColMenuScreen(Screen*)
 .text._ZN16OneColMenuScreen4showEa
                0x0000000008000404       0xc0 ./Core/Src/OneColMenuScreen.o
                0x0000000008000404                OneColMenuScreen::show(signed char)
 .text._ZN16OneColMenuScreen10cursorDownEv
                0x00000000080004c4       0xc4 ./Core/Src/OneColMenuScreen.o
                0x00000000080004c4                OneColMenuScreen::cursorDown()
 .text._ZN16OneColMenuScreen8cursorUpEv
                0x0000000008000588       0xac ./Core/Src/OneColMenuScreen.o
                0x0000000008000588                OneColMenuScreen::cursorUp()
 .text._ZNSt6vectorIN6Screen4LineESaIS1_EEixEj
                0x0000000008000634       0x22 ./Core/Src/OneColMenuScreen.o
                0x0000000008000634                std::vector<Screen::Line, std::allocator<Screen::Line> >::operator[](unsigned int)
 .text._ZNSt12_Vector_baseIN6Screen4LineESaIS1_EEC2Ev
                0x0000000008000656       0x1a ./Core/Src/Screen.o
                0x0000000008000656                std::_Vector_base<Screen::Line, std::allocator<Screen::Line> >::_Vector_base()
                0x0000000008000656                std::_Vector_base<Screen::Line, std::allocator<Screen::Line> >::_Vector_base()
 .text._ZNSt6vectorIN6Screen4LineESaIS1_EEC2Ev
                0x0000000008000670       0x1a ./Core/Src/Screen.o
                0x0000000008000670                std::vector<Screen::Line, std::allocator<Screen::Line> >::vector()
                0x0000000008000670                std::vector<Screen::Line, std::allocator<Screen::Line> >::vector()
 *fill*         0x000000000800068a        0x2 
 .text._ZN6ScreenC2EPS_
                0x000000000800068c       0x54 ./Core/Src/Screen.o
                0x000000000800068c                Screen::Screen(Screen*)
                0x000000000800068c                Screen::Screen(Screen*)
 .text._ZNSt12_Vector_baseIN6Screen4LineESaIS1_EE12_Vector_implC2Ev
                0x00000000080006e0       0x22 ./Core/Src/Screen.o
                0x00000000080006e0                std::_Vector_base<Screen::Line, std::allocator<Screen::Line> >::_Vector_impl::_Vector_impl()
                0x00000000080006e0                std::_Vector_base<Screen::Line, std::allocator<Screen::Line> >::_Vector_impl::_Vector_impl()
 .text._ZNSaIN6Screen4LineEEC2Ev
                0x0000000008000702       0x1a ./Core/Src/Screen.o
                0x0000000008000702                std::allocator<Screen::Line>::allocator()
                0x0000000008000702                std::allocator<Screen::Line>::allocator()
 .text._ZNSt12_Vector_baseIN6Screen4LineESaIS1_EE17_Vector_impl_dataC2Ev
                0x000000000800071c       0x24 ./Core/Src/Screen.o
                0x000000000800071c                std::_Vector_base<Screen::Line, std::allocator<Screen::Line> >::_Vector_impl_data::_Vector_impl_data()
                0x000000000800071c                std::_Vector_base<Screen::Line, std::allocator<Screen::Line> >::_Vector_impl_data::_Vector_impl_data()
 .text._ZN9__gnu_cxx13new_allocatorIN6Screen4LineEEC2Ev
                0x0000000008000740       0x12 ./Core/Src/Screen.o
                0x0000000008000740                __gnu_cxx::new_allocator<Screen::Line>::new_allocator()
                0x0000000008000740                __gnu_cxx::new_allocator<Screen::Line>::new_allocator()
 *fill*         0x0000000008000752        0x2 
 .text._ZN16TwoColMenuScreenC2EP6Screen
                0x0000000008000754       0x2c ./Core/Src/TwoColMenuScreen.o
                0x0000000008000754                TwoColMenuScreen::TwoColMenuScreen(Screen*)
                0x0000000008000754                TwoColMenuScreen::TwoColMenuScreen(Screen*)
 .text._ZN16TwoColMenuScreen4showEa
                0x0000000008000780      0x158 ./Core/Src/TwoColMenuScreen.o
                0x0000000008000780                TwoColMenuScreen::show(signed char)
 .text._ZN16TwoColMenuScreen10cursorDownEv
                0x00000000080008d8       0xc4 ./Core/Src/TwoColMenuScreen.o
                0x00000000080008d8                TwoColMenuScreen::cursorDown()
 .text._ZN16TwoColMenuScreen8cursorUpEv
                0x000000000800099c       0xac ./Core/Src/TwoColMenuScreen.o
                0x000000000800099c                TwoColMenuScreen::cursorUp()
 .text._Z9recodeCyrPc
                0x0000000008000a48      0x22c ./Core/Src/lcd_i2c_lib.o
                0x0000000008000a48                recodeCyr(char*)
 .text._Z18sendLcdInstructionh11I2CSettings
                0x0000000008000c74       0x90 ./Core/Src/lcd_i2c_lib.o
                0x0000000008000c74                sendLcdInstruction(unsigned char, I2CSettings)
 .text._Z11sendLcdCharhh11I2CSettings
                0x0000000008000d04       0xa8 ./Core/Src/lcd_i2c_lib.o
                0x0000000008000d04                sendLcdChar(unsigned char, unsigned char, I2CSettings)
 .text._Z11sendLcdByteh11I2CSettings
                0x0000000008000dac       0x90 ./Core/Src/lcd_i2c_lib.o
                0x0000000008000dac                sendLcdByte(unsigned char, I2CSettings)
 .text._Z10sendLcdStrPch11I2CSettings
                0x0000000008000e3c       0x68 ./Core/Src/lcd_i2c_lib.o
                0x0000000008000e3c                sendLcdStr(char*, unsigned char, I2CSettings)
 .text._Z8clearLcd11I2CSettings
                0x0000000008000ea4       0x48 ./Core/Src/lcd_i2c_lib.o
                0x0000000008000ea4                clearLcd(I2CSettings)
 .text._Z9clearCharh11I2CSettings
                0x0000000008000eec       0x2c ./Core/Src/lcd_i2c_lib.o
                0x0000000008000eec                clearChar(unsigned char, I2CSettings)
 .text._Z12setDdramAddrh11I2CSettings
                0x0000000008000f18       0x98 ./Core/Src/lcd_i2c_lib.o
                0x0000000008000f18                setDdramAddr(unsigned char, I2CSettings)
 .text._Z7lcdInit11I2CSettings
                0x0000000008000fb0       0x74 ./Core/Src/lcd_i2c_lib.o
                0x0000000008000fb0                lcdInit(I2CSettings)
 .text._Z8menuInitv
                0x0000000008001024      0xb3c ./Core/Src/main.o
                0x0000000008001024                menuInit()
 .text.HAL_I2C_MasterTxCpltCallback
                0x0000000008001b60       0x1c ./Core/Src/main.o
                0x0000000008001b60                HAL_I2C_MasterTxCpltCallback
 .text.HAL_UART_TxCpltCallback
                0x0000000008001b7c       0x10 ./Core/Src/main.o
                0x0000000008001b7c                HAL_UART_TxCpltCallback
 .text.main     0x0000000008001b8c      0x284 ./Core/Src/main.o
                0x0000000008001b8c                main
 .text._Z18SystemClock_Configv
                0x0000000008001e10       0xec ./Core/Src/main.o
                0x0000000008001e10                SystemClock_Config()
 .text._ZL12MX_I2C1_Initv
                0x0000000008001efc       0x98 ./Core/Src/main.o
 .text._ZL11MX_RTC_Initv
                0x0000000008001f94       0xdc ./Core/Src/main.o
 .text._ZL12MX_TIM6_Initv
                0x0000000008002070       0x4c ./Core/Src/main.o
 .text._ZL19MX_USART2_UART_Initv
                0x00000000080020bc       0x68 ./Core/Src/main.o
 .text._ZL11MX_DMA_Initv
                0x0000000008002124       0x4c ./Core/Src/main.o
 .text._ZL12MX_GPIO_Initv
                0x0000000008002170      0x14c ./Core/Src/main.o
 .text.Error_Handler
                0x00000000080022bc        0xa ./Core/Src/main.o
                0x00000000080022bc                Error_Handler
 .text._ZN6ButtonD2Ev
                0x00000000080022c6       0x1c ./Core/Src/main.o
                0x00000000080022c6                Button::~Button()
                0x00000000080022c6                Button::~Button()
 *fill*         0x00000000080022e2        0x2 
 .text._ZN6ScreenD2Ev
                0x00000000080022e4       0x28 ./Core/Src/main.o
                0x00000000080022e4                Screen::~Screen()
                0x00000000080022e4                Screen::~Screen()
 .text._ZN16OneColMenuScreenD2Ev
                0x000000000800230c       0x24 ./Core/Src/main.o
                0x000000000800230c                OneColMenuScreen::~OneColMenuScreen()
                0x000000000800230c                OneColMenuScreen::~OneColMenuScreen()
 .text._ZN16TwoColMenuScreenD2Ev
                0x0000000008002330       0x24 ./Core/Src/main.o
                0x0000000008002330                TwoColMenuScreen::~TwoColMenuScreen()
                0x0000000008002330                TwoColMenuScreen::~TwoColMenuScreen()
 .text._Z41__static_initialization_and_destruction_0ii
                0x0000000008002354      0x144 ./Core/Src/main.o
 .text._ZNSt6vectorIN6Screen4LineESaIS1_EED2Ev
                0x0000000008002498       0x36 ./Core/Src/main.o
                0x0000000008002498                std::vector<Screen::Line, std::allocator<Screen::Line> >::~vector()
                0x0000000008002498                std::vector<Screen::Line, std::allocator<Screen::Line> >::~vector()
 .text._ZNSt12_Vector_baseIN6Screen4LineESaIS1_EE12_Vector_implD2Ev
                0x00000000080024ce       0x1a ./Core/Src/main.o
                0x00000000080024ce                std::_Vector_base<Screen::Line, std::allocator<Screen::Line> >::_Vector_impl::~_Vector_impl()
                0x00000000080024ce                std::_Vector_base<Screen::Line, std::allocator<Screen::Line> >::_Vector_impl::~_Vector_impl()
 .text._ZNSt12_Vector_baseIN6Screen4LineESaIS1_EED2Ev
                0x00000000080024e8       0x4e ./Core/Src/main.o
                0x00000000080024e8                std::_Vector_base<Screen::Line, std::allocator<Screen::Line> >::~_Vector_base()
                0x00000000080024e8                std::_Vector_base<Screen::Line, std::allocator<Screen::Line> >::~_Vector_base()
 .text._ZNSt12_Vector_baseIN6Screen4LineESaIS1_EE19_M_get_Tp_allocatorEv
                0x0000000008002536       0x12 ./Core/Src/main.o
                0x0000000008002536                std::_Vector_base<Screen::Line, std::allocator<Screen::Line> >::_M_get_Tp_allocator()
 .text._ZSt8_DestroyIPN6Screen4LineES1_EvT_S3_RSaIT0_E
                0x0000000008002548       0x20 ./Core/Src/main.o
                0x0000000008002548                void std::_Destroy<Screen::Line*, Screen::Line>(Screen::Line*, Screen::Line*, std::allocator<Screen::Line>&)
 .text._ZNSaIN6Screen4LineEED2Ev
                0x0000000008002568       0x1a ./Core/Src/main.o
                0x0000000008002568                std::allocator<Screen::Line>::~allocator()
                0x0000000008002568                std::allocator<Screen::Line>::~allocator()
 .text._ZNSt12_Vector_baseIN6Screen4LineESaIS1_EE13_M_deallocateEPS1_j
                0x0000000008002582       0x26 ./Core/Src/main.o
                0x0000000008002582                std::_Vector_base<Screen::Line, std::allocator<Screen::Line> >::_M_deallocate(Screen::Line*, unsigned int)
 .text._ZSt8_DestroyIPN6Screen4LineEEvT_S3_
                0x00000000080025a8       0x1e ./Core/Src/main.o
                0x00000000080025a8                void std::_Destroy<Screen::Line*>(Screen::Line*, Screen::Line*)
 .text._ZN9__gnu_cxx13new_allocatorIN6Screen4LineEED2Ev
                0x00000000080025c6       0x12 ./Core/Src/main.o
                0x00000000080025c6                __gnu_cxx::new_allocator<Screen::Line>::~new_allocator()
                0x00000000080025c6                __gnu_cxx::new_allocator<Screen::Line>::~new_allocator()
 .text._ZNSt16allocator_traitsISaIN6Screen4LineEEE10deallocateERS2_PS1_j
                0x00000000080025d8       0x20 ./Core/Src/main.o
                0x00000000080025d8                std::allocator_traits<std::allocator<Screen::Line> >::deallocate(std::allocator<Screen::Line>&, Screen::Line*, unsigned int)
 .text._ZNSt12_Destroy_auxILb0EE9__destroyIPN6Screen4LineEEEvT_S5_
                0x00000000080025f8       0x34 ./Core/Src/main.o
                0x00000000080025f8                void std::_Destroy_aux<false>::__destroy<Screen::Line*>(Screen::Line*, Screen::Line*)
 .text._ZN9__gnu_cxx13new_allocatorIN6Screen4LineEE10deallocateEPS2_j
                0x000000000800262c       0x2a ./Core/Src/main.o
                0x000000000800262c                __gnu_cxx::new_allocator<Screen::Line>::deallocate(Screen::Line*, unsigned int)
 .text._ZSt11__addressofIN6Screen4LineEEPT_RS2_
                0x0000000008002656       0x12 ./Core/Src/main.o
                0x0000000008002656                Screen::Line* std::__addressof<Screen::Line>(Screen::Line&)
 .text._ZN6Screen4LineD2Ev
                0x0000000008002668       0x1a ./Core/Src/main.o
                0x0000000008002668                Screen::Line::~Line()
                0x0000000008002668                Screen::Line::~Line()
 .text._ZSt8_DestroyIN6Screen4LineEEvPT_
                0x0000000008002682       0x18 ./Core/Src/main.o
                0x0000000008002682                void std::_Destroy<Screen::Line>(Screen::Line*)
 *fill*         0x000000000800269a        0x2 
 .text._GLOBAL__sub_I_dateTimeScreen
                0x000000000800269c       0x18 ./Core/Src/main.o
 .text._GLOBAL__sub_D_dateTimeScreen
                0x00000000080026b4       0x18 ./Core/Src/main.o
 .text._Z11setDateTimehhhhhhh
                0x00000000080026cc       0xd0 ./Core/Src/rtc.o
                0x00000000080026cc                setDateTime(unsigned char, unsigned char, unsigned char, unsigned char, unsigned char, unsigned char, unsigned char)
 .text._Z11getDateTimev
                0x000000000800279c       0x7c ./Core/Src/rtc.o
                0x000000000800279c                getDateTime()
 .text.HAL_MspInit
                0x0000000008002818       0x48 ./Core/Src/stm32f0xx_hal_msp.o
                0x0000000008002818                HAL_MspInit
 .text.HAL_I2C_MspInit
                0x0000000008002860      0x154 ./Core/Src/stm32f0xx_hal_msp.o
                0x0000000008002860                HAL_I2C_MspInit
 .text.HAL_RTC_MspInit
                0x00000000080029b4       0x30 ./Core/Src/stm32f0xx_hal_msp.o
                0x00000000080029b4                HAL_RTC_MspInit
 .text.HAL_TIM_Base_MspInit
                0x00000000080029e4       0x4c ./Core/Src/stm32f0xx_hal_msp.o
                0x00000000080029e4                HAL_TIM_Base_MspInit
 .text.HAL_UART_MspInit
                0x0000000008002a30      0x154 ./Core/Src/stm32f0xx_hal_msp.o
                0x0000000008002a30                HAL_UART_MspInit
 .text.NMI_Handler
                0x0000000008002b84        0x6 ./Core/Src/stm32f0xx_it.o
                0x0000000008002b84                NMI_Handler
 .text.HardFault_Handler
                0x0000000008002b8a        0x6 ./Core/Src/stm32f0xx_it.o
                0x0000000008002b8a                HardFault_Handler
 .text.SVC_Handler
                0x0000000008002b90        0xa ./Core/Src/stm32f0xx_it.o
                0x0000000008002b90                SVC_Handler
 .text.PendSV_Handler
                0x0000000008002b9a        0xa ./Core/Src/stm32f0xx_it.o
                0x0000000008002b9a                PendSV_Handler
 .text.SysTick_Handler
                0x0000000008002ba4        0xe ./Core/Src/stm32f0xx_it.o
                0x0000000008002ba4                SysTick_Handler
 *fill*         0x0000000008002bb2        0x2 
 .text.DMA1_Channel2_3_IRQHandler
                0x0000000008002bb4       0x24 ./Core/Src/stm32f0xx_it.o
                0x0000000008002bb4                DMA1_Channel2_3_IRQHandler
 .text.DMA1_Channel4_5_IRQHandler
                0x0000000008002bd8       0x24 ./Core/Src/stm32f0xx_it.o
                0x0000000008002bd8                DMA1_Channel4_5_IRQHandler
 .text.TIM6_IRQHandler
                0x0000000008002bfc       0x18 ./Core/Src/stm32f0xx_it.o
                0x0000000008002bfc                TIM6_IRQHandler
 .text.I2C1_IRQHandler
                0x0000000008002c14       0x30 ./Core/Src/stm32f0xx_it.o
                0x0000000008002c14                I2C1_IRQHandler
 .text.USART2_IRQHandler
                0x0000000008002c44       0x18 ./Core/Src/stm32f0xx_it.o
                0x0000000008002c44                USART2_IRQHandler
 .text._getpid  0x0000000008002c5c        0xc ./Core/Src/syscalls.o
                0x0000000008002c5c                _getpid
 .text._kill    0x0000000008002c68       0x20 ./Core/Src/syscalls.o
                0x0000000008002c68                _kill
 .text._exit    0x0000000008002c88       0x18 ./Core/Src/syscalls.o
                0x0000000008002c88                _exit
 .text._sbrk    0x0000000008002ca0       0x6c ./Core/Src/sysmem.o
                0x0000000008002ca0                _sbrk
 .text.SystemInit
                0x0000000008002d0c        0xa ./Core/Src/system_stm32f0xx.o
                0x0000000008002d0c                SystemInit
 *fill*         0x0000000008002d16        0x2 
 .text._ZN6CTimerC2Embb
                0x0000000008002d18       0x58 ./Core/Src/timer.o
                0x0000000008002d18                CTimer::CTimer(unsigned long, bool, bool)
                0x0000000008002d18                CTimer::CTimer(unsigned long, bool, bool)
 .text._ZN6CTimerD2Ev
                0x0000000008002d70       0x20 ./Core/Src/timer.o
                0x0000000008002d70                CTimer::~CTimer()
                0x0000000008002d70                CTimer::~CTimer()
 .text._ZN6CTimer3RunEv
                0x0000000008002d90       0x48 ./Core/Src/timer.o
                0x0000000008002d90                CTimer::Run()
 .text._ZN6CTimer10SetDefaultEmb
                0x0000000008002dd8       0x60 ./Core/Src/timer.o
                0x0000000008002dd8                CTimer::SetDefault(unsigned long, bool)
 .text._ZN6CTimer5ResetEv
                0x0000000008002e38       0x38 ./Core/Src/timer.o
                0x0000000008002e38                CTimer::Reset()
 .text._ZN6CTimer3OffEv
                0x0000000008002e70       0x24 ./Core/Src/timer.o
                0x0000000008002e70                CTimer::Off()
 .text._ZN6CTimer8GetEventEv
                0x0000000008002e94       0x28 ./Core/Src/timer.o
                0x0000000008002e94                CTimer::GetEvent()
 .text._ZN6CTimer5IsOffEv
                0x0000000008002ebc       0x32 ./Core/Src/timer.o
                0x0000000008002ebc                CTimer::IsOff()
 *fill*         0x0000000008002eee        0x2 
 .text.HAL_TIM_PeriodElapsedCallback
                0x0000000008002ef0       0x2c ./Core/Src/timer.o
                0x0000000008002ef0                HAL_TIM_PeriodElapsedCallback
 .text.Reset_Handler
                0x0000000008002f1c       0x50 ./Core/Startup/startup_stm32f030r8tx.o
                0x0000000008002f1c                Reset_Handler
 .text.Default_Handler
                0x0000000008002f6c        0x2 ./Core/Startup/startup_stm32f030r8tx.o
                0x0000000008002f6c                TIM1_CC_IRQHandler
                0x0000000008002f6c                SPI1_IRQHandler
                0x0000000008002f6c                EXTI2_3_IRQHandler
                0x0000000008002f6c                ADC1_IRQHandler
                0x0000000008002f6c                I2C2_IRQHandler
                0x0000000008002f6c                TIM17_IRQHandler
                0x0000000008002f6c                RTC_IRQHandler
                0x0000000008002f6c                TIM16_IRQHandler
                0x0000000008002f6c                TIM3_IRQHandler
                0x0000000008002f6c                EXTI4_15_IRQHandler
                0x0000000008002f6c                RCC_IRQHandler
                0x0000000008002f6c                DMA1_Channel1_IRQHandler
                0x0000000008002f6c                Default_Handler
                0x0000000008002f6c                TIM14_IRQHandler
                0x0000000008002f6c                TIM15_IRQHandler
                0x0000000008002f6c                EXTI0_1_IRQHandler
                0x0000000008002f6c                SPI2_IRQHandler
                0x0000000008002f6c                WWDG_IRQHandler
                0x0000000008002f6c                FLASH_IRQHandler
                0x0000000008002f6c                USART1_IRQHandler
                0x0000000008002f6c                TIM1_BRK_UP_TRG_COM_IRQHandler
 *fill*         0x0000000008002f6e        0x2 
 .text.HAL_Init
                0x0000000008002f70       0x28 ./Drivers/STM32F0xx_HAL_Driver/Src/stm32f0xx_hal.o
                0x0000000008002f70                HAL_Init
 .text.HAL_InitTick
                0x0000000008002f98       0x68 ./Drivers/STM32F0xx_HAL_Driver/Src/stm32f0xx_hal.o
                0x0000000008002f98                HAL_InitTick
 .text.HAL_IncTick
                0x0000000008003000       0x24 ./Drivers/STM32F0xx_HAL_Driver/Src/stm32f0xx_hal.o
                0x0000000008003000                HAL_IncTick
 .text.HAL_GetTick
                0x0000000008003024       0x14 ./Drivers/STM32F0xx_HAL_Driver/Src/stm32f0xx_hal.o
                0x0000000008003024                HAL_GetTick
 .text.HAL_Delay
                0x0000000008003038       0x48 ./Drivers/STM32F0xx_HAL_Driver/Src/stm32f0xx_hal.o
                0x0000000008003038                HAL_Delay
 .text.__NVIC_EnableIRQ
                0x0000000008003080       0x34 ./Drivers/STM32F0xx_HAL_Driver/Src/stm32f0xx_hal_cortex.o
 .text.__NVIC_SetPriority
                0x00000000080030b4       0xdc ./Drivers/STM32F0xx_HAL_Driver/Src/stm32f0xx_hal_cortex.o
 .text.SysTick_Config
                0x0000000008003190       0x48 ./Drivers/STM32F0xx_HAL_Driver/Src/stm32f0xx_hal_cortex.o
 .text.HAL_NVIC_SetPriority
                0x00000000080031d8       0x2a ./Drivers/STM32F0xx_HAL_Driver/Src/stm32f0xx_hal_cortex.o
                0x00000000080031d8                HAL_NVIC_SetPriority
 .text.HAL_NVIC_EnableIRQ
                0x0000000008003202       0x20 ./Drivers/STM32F0xx_HAL_Driver/Src/stm32f0xx_hal_cortex.o
                0x0000000008003202                HAL_NVIC_EnableIRQ
 .text.HAL_SYSTICK_Config
                0x0000000008003222       0x1a ./Drivers/STM32F0xx_HAL_Driver/Src/stm32f0xx_hal_cortex.o
                0x0000000008003222                HAL_SYSTICK_Config
 .text.HAL_DMA_Init
                0x000000000800323c       0x90 ./Drivers/STM32F0xx_HAL_Driver/Src/stm32f0xx_hal_dma.o
                0x000000000800323c                HAL_DMA_Init
 .text.HAL_DMA_Start_IT
                0x00000000080032cc       0xcc ./Drivers/STM32F0xx_HAL_Driver/Src/stm32f0xx_hal_dma.o
                0x00000000080032cc                HAL_DMA_Start_IT
 .text.HAL_DMA_Abort
                0x0000000008003398       0x70 ./Drivers/STM32F0xx_HAL_Driver/Src/stm32f0xx_hal_dma.o
                0x0000000008003398                HAL_DMA_Abort
 .text.HAL_DMA_Abort_IT
                0x0000000008003408       0x8a ./Drivers/STM32F0xx_HAL_Driver/Src/stm32f0xx_hal_dma.o
                0x0000000008003408                HAL_DMA_Abort_IT
 .text.HAL_DMA_IRQHandler
                0x0000000008003492      0x144 ./Drivers/STM32F0xx_HAL_Driver/Src/stm32f0xx_hal_dma.o
                0x0000000008003492                HAL_DMA_IRQHandler
 .text.HAL_DMA_GetState
                0x00000000080035d6       0x18 ./Drivers/STM32F0xx_HAL_Driver/Src/stm32f0xx_hal_dma.o
                0x00000000080035d6                HAL_DMA_GetState
 .text.DMA_SetConfig
                0x00000000080035ee       0x58 ./Drivers/STM32F0xx_HAL_Driver/Src/stm32f0xx_hal_dma.o
 *fill*         0x0000000008003646        0x2 
 .text.DMA_CalcBaseAndBitshift
                0x0000000008003648       0x38 ./Drivers/STM32F0xx_HAL_Driver/Src/stm32f0xx_hal_dma.o
 .text.HAL_GPIO_Init
                0x0000000008003680      0x2e0 ./Drivers/STM32F0xx_HAL_Driver/Src/stm32f0xx_hal_gpio.o
                0x0000000008003680                HAL_GPIO_Init
 .text.HAL_GPIO_WritePin
                0x0000000008003960       0x3a ./Drivers/STM32F0xx_HAL_Driver/Src/stm32f0xx_hal_gpio.o
                0x0000000008003960                HAL_GPIO_WritePin
 *fill*         0x000000000800399a        0x2 
 .text.HAL_I2C_Init
                0x000000000800399c      0x12c ./Drivers/STM32F0xx_HAL_Driver/Src/stm32f0xx_hal_i2c.o
                0x000000000800399c                HAL_I2C_Init
 .text.HAL_I2C_Master_Transmit_DMA
                0x0000000008003ac8      0x20c ./Drivers/STM32F0xx_HAL_Driver/Src/stm32f0xx_hal_i2c.o
                0x0000000008003ac8                HAL_I2C_Master_Transmit_DMA
 .text.HAL_I2C_EV_IRQHandler
                0x0000000008003cd4       0x34 ./Drivers/STM32F0xx_HAL_Driver/Src/stm32f0xx_hal_i2c.o
                0x0000000008003cd4                HAL_I2C_EV_IRQHandler
 .text.HAL_I2C_ER_IRQHandler
                0x0000000008003d08       0xb2 ./Drivers/STM32F0xx_HAL_Driver/Src/stm32f0xx_hal_i2c.o
                0x0000000008003d08                HAL_I2C_ER_IRQHandler
 .text.HAL_I2C_MasterRxCpltCallback
                0x0000000008003dba       0x10 ./Drivers/STM32F0xx_HAL_Driver/Src/stm32f0xx_hal_i2c.o
                0x0000000008003dba                HAL_I2C_MasterRxCpltCallback
 .text.HAL_I2C_SlaveTxCpltCallback
                0x0000000008003dca       0x10 ./Drivers/STM32F0xx_HAL_Driver/Src/stm32f0xx_hal_i2c.o
                0x0000000008003dca                HAL_I2C_SlaveTxCpltCallback
 .text.HAL_I2C_SlaveRxCpltCallback
                0x0000000008003dda       0x10 ./Drivers/STM32F0xx_HAL_Driver/Src/stm32f0xx_hal_i2c.o
                0x0000000008003dda                HAL_I2C_SlaveRxCpltCallback
 .text.HAL_I2C_AddrCallback
                0x0000000008003dea       0x20 ./Drivers/STM32F0xx_HAL_Driver/Src/stm32f0xx_hal_i2c.o
                0x0000000008003dea                HAL_I2C_AddrCallback
 .text.HAL_I2C_ListenCpltCallback
                0x0000000008003e0a       0x10 ./Drivers/STM32F0xx_HAL_Driver/Src/stm32f0xx_hal_i2c.o
                0x0000000008003e0a                HAL_I2C_ListenCpltCallback
 .text.HAL_I2C_MemTxCpltCallback
                0x0000000008003e1a       0x10 ./Drivers/STM32F0xx_HAL_Driver/Src/stm32f0xx_hal_i2c.o
                0x0000000008003e1a                HAL_I2C_MemTxCpltCallback
 .text.HAL_I2C_MemRxCpltCallback
                0x0000000008003e2a       0x10 ./Drivers/STM32F0xx_HAL_Driver/Src/stm32f0xx_hal_i2c.o
                0x0000000008003e2a                HAL_I2C_MemRxCpltCallback
 .text.HAL_I2C_ErrorCallback
                0x0000000008003e3a       0x10 ./Drivers/STM32F0xx_HAL_Driver/Src/stm32f0xx_hal_i2c.o
                0x0000000008003e3a                HAL_I2C_ErrorCallback
 .text.HAL_I2C_AbortCpltCallback
                0x0000000008003e4a       0x10 ./Drivers/STM32F0xx_HAL_Driver/Src/stm32f0xx_hal_i2c.o
                0x0000000008003e4a                HAL_I2C_AbortCpltCallback
 *fill*         0x0000000008003e5a        0x2 
 .text.I2C_Master_ISR_IT
                0x0000000008003e5c      0x254 ./Drivers/STM32F0xx_HAL_Driver/Src/stm32f0xx_hal_i2c.o
 .text.I2C_Slave_ISR_IT
                0x00000000080040b0      0x200 ./Drivers/STM32F0xx_HAL_Driver/Src/stm32f0xx_hal_i2c.o
 .text.I2C_Master_ISR_DMA
                0x00000000080042b0      0x1f8 ./Drivers/STM32F0xx_HAL_Driver/Src/stm32f0xx_hal_i2c.o
 .text.I2C_Mem_ISR_DMA
                0x00000000080044a8      0x238 ./Drivers/STM32F0xx_HAL_Driver/Src/stm32f0xx_hal_i2c.o
 .text.I2C_Slave_ISR_DMA
                0x00000000080046e0      0x1cc ./Drivers/STM32F0xx_HAL_Driver/Src/stm32f0xx_hal_i2c.o
 .text.I2C_ITAddrCplt
                0x00000000080048ac      0x148 ./Drivers/STM32F0xx_HAL_Driver/Src/stm32f0xx_hal_i2c.o
 .text.I2C_ITMasterSeqCplt
                0x00000000080049f4       0x82 ./Drivers/STM32F0xx_HAL_Driver/Src/stm32f0xx_hal_i2c.o
 *fill*         0x0000000008004a76        0x2 
 .text.I2C_ITSlaveSeqCplt
                0x0000000008004a78       0xc8 ./Drivers/STM32F0xx_HAL_Driver/Src/stm32f0xx_hal_i2c.o
 .text.I2C_ITMasterCplt
                0x0000000008004b40      0x19c ./Drivers/STM32F0xx_HAL_Driver/Src/stm32f0xx_hal_i2c.o
 .text.I2C_ITSlaveCplt
                0x0000000008004cdc      0x240 ./Drivers/STM32F0xx_HAL_Driver/Src/stm32f0xx_hal_i2c.o
 .text.I2C_ITListenCplt
                0x0000000008004f1c       0xb0 ./Drivers/STM32F0xx_HAL_Driver/Src/stm32f0xx_hal_i2c.o
 .text.I2C_ITError
                0x0000000008004fcc      0x204 ./Drivers/STM32F0xx_HAL_Driver/Src/stm32f0xx_hal_i2c.o
 .text.I2C_TreatErrorCallback
                0x00000000080051d0       0x52 ./Drivers/STM32F0xx_HAL_Driver/Src/stm32f0xx_hal_i2c.o
 .text.I2C_Flush_TXDR
                0x0000000008005222       0x44 ./Drivers/STM32F0xx_HAL_Driver/Src/stm32f0xx_hal_i2c.o
 *fill*         0x0000000008005266        0x2 
 .text.I2C_DMAMasterTransmitCplt
                0x0000000008005268       0xa0 ./Drivers/STM32F0xx_HAL_Driver/Src/stm32f0xx_hal_i2c.o
 .text.I2C_DMAError
                0x0000000008005308       0x32 ./Drivers/STM32F0xx_HAL_Driver/Src/stm32f0xx_hal_i2c.o
 .text.I2C_DMAAbort
                0x000000000800533a       0x3e ./Drivers/STM32F0xx_HAL_Driver/Src/stm32f0xx_hal_i2c.o
 .text.I2C_TransferConfig
                0x0000000008005378       0x74 ./Drivers/STM32F0xx_HAL_Driver/Src/stm32f0xx_hal_i2c.o
 .text.I2C_Enable_IRQ
                0x00000000080053ec      0x11c ./Drivers/STM32F0xx_HAL_Driver/Src/stm32f0xx_hal_i2c.o
 .text.I2C_Disable_IRQ
                0x0000000008005508       0xc6 ./Drivers/STM32F0xx_HAL_Driver/Src/stm32f0xx_hal_i2c.o
 *fill*         0x00000000080055ce        0x2 
 .text.HAL_I2CEx_ConfigAnalogFilter
                0x00000000080055d0       0x98 ./Drivers/STM32F0xx_HAL_Driver/Src/stm32f0xx_hal_i2c_ex.o
                0x00000000080055d0                HAL_I2CEx_ConfigAnalogFilter
 .text.HAL_I2CEx_ConfigDigitalFilter
                0x0000000008005668       0x98 ./Drivers/STM32F0xx_HAL_Driver/Src/stm32f0xx_hal_i2c_ex.o
                0x0000000008005668                HAL_I2CEx_ConfigDigitalFilter
 .text.HAL_RCC_OscConfig
                0x0000000008005700      0x634 ./Drivers/STM32F0xx_HAL_Driver/Src/stm32f0xx_hal_rcc.o
                0x0000000008005700                HAL_RCC_OscConfig
 .text.HAL_RCC_ClockConfig
                0x0000000008005d34      0x19c ./Drivers/STM32F0xx_HAL_Driver/Src/stm32f0xx_hal_rcc.o
                0x0000000008005d34                HAL_RCC_ClockConfig
 .text.HAL_RCC_GetSysClockFreq
                0x0000000008005ed0       0xac ./Drivers/STM32F0xx_HAL_Driver/Src/stm32f0xx_hal_rcc.o
                0x0000000008005ed0                HAL_RCC_GetSysClockFreq
 .text.HAL_RCC_GetHCLKFreq
                0x0000000008005f7c       0x14 ./Drivers/STM32F0xx_HAL_Driver/Src/stm32f0xx_hal_rcc.o
                0x0000000008005f7c                HAL_RCC_GetHCLKFreq
 .text.HAL_RCC_GetPCLK1Freq
                0x0000000008005f90       0x2c ./Drivers/STM32F0xx_HAL_Driver/Src/stm32f0xx_hal_rcc.o
                0x0000000008005f90                HAL_RCC_GetPCLK1Freq
 .text.HAL_RCCEx_PeriphCLKConfig
                0x0000000008005fbc      0x19c ./Drivers/STM32F0xx_HAL_Driver/Src/stm32f0xx_hal_rcc_ex.o
                0x0000000008005fbc                HAL_RCCEx_PeriphCLKConfig
 .text.HAL_RTC_Init
                0x0000000008006158      0x130 ./Drivers/STM32F0xx_HAL_Driver/Src/stm32f0xx_hal_rtc.o
                0x0000000008006158                HAL_RTC_Init
 .text.HAL_RTC_SetTime
                0x0000000008006288      0x14c ./Drivers/STM32F0xx_HAL_Driver/Src/stm32f0xx_hal_rtc.o
                0x0000000008006288                HAL_RTC_SetTime
 .text.HAL_RTC_GetTime
                0x00000000080063d4       0xbc ./Drivers/STM32F0xx_HAL_Driver/Src/stm32f0xx_hal_rtc.o
                0x00000000080063d4                HAL_RTC_GetTime
 .text.HAL_RTC_SetDate
                0x0000000008006490      0x120 ./Drivers/STM32F0xx_HAL_Driver/Src/stm32f0xx_hal_rtc.o
                0x0000000008006490                HAL_RTC_SetDate
 .text.HAL_RTC_GetDate
                0x00000000080065b0       0xa0 ./Drivers/STM32F0xx_HAL_Driver/Src/stm32f0xx_hal_rtc.o
                0x00000000080065b0                HAL_RTC_GetDate
 .text.HAL_RTC_WaitForSynchro
                0x0000000008006650       0x50 ./Drivers/STM32F0xx_HAL_Driver/Src/stm32f0xx_hal_rtc.o
                0x0000000008006650                HAL_RTC_WaitForSynchro
 .text.RTC_EnterInitMode
                0x00000000080066a0       0x86 ./Drivers/STM32F0xx_HAL_Driver/Src/stm32f0xx_hal_rtc.o
                0x00000000080066a0                RTC_EnterInitMode
 .text.RTC_ExitInitMode
                0x0000000008006726       0x52 ./Drivers/STM32F0xx_HAL_Driver/Src/stm32f0xx_hal_rtc.o
                0x0000000008006726                RTC_ExitInitMode
 .text.RTC_ByteToBcd2
                0x0000000008006778       0x42 ./Drivers/STM32F0xx_HAL_Driver/Src/stm32f0xx_hal_rtc.o
                0x0000000008006778                RTC_ByteToBcd2
 .text.RTC_Bcd2ToByte
                0x00000000080067ba       0x3e ./Drivers/STM32F0xx_HAL_Driver/Src/stm32f0xx_hal_rtc.o
                0x00000000080067ba                RTC_Bcd2ToByte
 .text.HAL_TIM_Base_Init
                0x00000000080067f8       0xa0 ./Drivers/STM32F0xx_HAL_Driver/Src/stm32f0xx_hal_tim.o
                0x00000000080067f8                HAL_TIM_Base_Init
 .text.HAL_TIM_Base_Start_IT
                0x0000000008006898       0x98 ./Drivers/STM32F0xx_HAL_Driver/Src/stm32f0xx_hal_tim.o
                0x0000000008006898                HAL_TIM_Base_Start_IT
 .text.HAL_TIM_IRQHandler
                0x0000000008006930      0x22c ./Drivers/STM32F0xx_HAL_Driver/Src/stm32f0xx_hal_tim.o
                0x0000000008006930                HAL_TIM_IRQHandler
 .text.HAL_TIM_OC_DelayElapsedCallback
                0x0000000008006b5c       0x10 ./Drivers/STM32F0xx_HAL_Driver/Src/stm32f0xx_hal_tim.o
                0x0000000008006b5c                HAL_TIM_OC_DelayElapsedCallback
 .text.HAL_TIM_IC_CaptureCallback
                0x0000000008006b6c       0x10 ./Drivers/STM32F0xx_HAL_Driver/Src/stm32f0xx_hal_tim.o
                0x0000000008006b6c                HAL_TIM_IC_CaptureCallback
 .text.HAL_TIM_PWM_PulseFinishedCallback
                0x0000000008006b7c       0x10 ./Drivers/STM32F0xx_HAL_Driver/Src/stm32f0xx_hal_tim.o
                0x0000000008006b7c                HAL_TIM_PWM_PulseFinishedCallback
 .text.HAL_TIM_TriggerCallback
                0x0000000008006b8c       0x10 ./Drivers/STM32F0xx_HAL_Driver/Src/stm32f0xx_hal_tim.o
                0x0000000008006b8c                HAL_TIM_TriggerCallback
 .text.TIM_Base_SetConfig
                0x0000000008006b9c       0xec ./Drivers/STM32F0xx_HAL_Driver/Src/stm32f0xx_hal_tim.o
                0x0000000008006b9c                TIM_Base_SetConfig
 .text.HAL_TIMEx_CommutCallback
                0x0000000008006c88       0x10 ./Drivers/STM32F0xx_HAL_Driver/Src/stm32f0xx_hal_tim_ex.o
                0x0000000008006c88                HAL_TIMEx_CommutCallback
 .text.HAL_TIMEx_BreakCallback
                0x0000000008006c98       0x10 ./Drivers/STM32F0xx_HAL_Driver/Src/stm32f0xx_hal_tim_ex.o
                0x0000000008006c98                HAL_TIMEx_BreakCallback
 .text.HAL_UART_Init
                0x0000000008006ca8       0xa8 ./Drivers/STM32F0xx_HAL_Driver/Src/stm32f0xx_hal_uart.o
                0x0000000008006ca8                HAL_UART_Init
 .text.HAL_UART_IRQHandler
                0x0000000008006d50      0x590 ./Drivers/STM32F0xx_HAL_Driver/Src/stm32f0xx_hal_uart.o
                0x0000000008006d50                HAL_UART_IRQHandler
 .text.HAL_UART_ErrorCallback
                0x00000000080072e0       0x10 ./Drivers/STM32F0xx_HAL_Driver/Src/stm32f0xx_hal_uart.o
                0x00000000080072e0                HAL_UART_ErrorCallback
 .text.HAL_UARTEx_RxEventCallback
                0x00000000080072f0       0x16 ./Drivers/STM32F0xx_HAL_Driver/Src/stm32f0xx_hal_uart.o
                0x00000000080072f0                HAL_UARTEx_RxEventCallback
 *fill*         0x0000000008007306        0x2 
 .text.UART_SetConfig
                0x0000000008007308      0x280 ./Drivers/STM32F0xx_HAL_Driver/Src/stm32f0xx_hal_uart.o
                0x0000000008007308                UART_SetConfig
 .text.UART_AdvFeatureConfig
                0x0000000008007588      0x168 ./Drivers/STM32F0xx_HAL_Driver/Src/stm32f0xx_hal_uart.o
                0x0000000008007588                UART_AdvFeatureConfig
 .text.UART_CheckIdleState
                0x00000000080076f0      0x150 ./Drivers/STM32F0xx_HAL_Driver/Src/stm32f0xx_hal_uart.o
                0x00000000080076f0                UART_CheckIdleState
 .text.UART_WaitOnFlagUntilTimeout
                0x0000000008007840       0xd2 ./Drivers/STM32F0xx_HAL_Driver/Src/stm32f0xx_hal_uart.o
                0x0000000008007840                UART_WaitOnFlagUntilTimeout
 *fill*         0x0000000008007912        0x2 
 .text.UART_EndRxTransfer
                0x0000000008007914       0xc8 ./Drivers/STM32F0xx_HAL_Driver/Src/stm32f0xx_hal_uart.o
 .text.UART_DMAAbortOnError
                0x00000000080079dc       0x2e ./Drivers/STM32F0xx_HAL_Driver/Src/stm32f0xx_hal_uart.o
 .text.UART_EndTransmit_IT
                0x0000000008007a0a       0x56 ./Drivers/STM32F0xx_HAL_Driver/Src/stm32f0xx_hal_uart.o
 .text._ZdlPvj  0x0000000008007a60        0x8 C:/ST/STM32CubeIDE_1.10.1/STM32CubeIDE/plugins/com.st.stm32cube.ide.mcu.externaltools.gnu-tools-for-stm32.11.3.rel1.win32_1.1.0.202305231506/tools/bin/../lib/gcc/arm-none-eabi/11.3.1/../../../../arm-none-eabi/lib/thumb/v6-m/nofp\libstdc++_nano.a(del_ops.o)
                0x0000000008007a60                operator delete(void*, unsigned int)
 .text._ZNSaIcEC2Ev
                0x0000000008007a68        0x2 C:/ST/STM32CubeIDE_1.10.1/STM32CubeIDE/plugins/com.st.stm32cube.ide.mcu.externaltools.gnu-tools-for-stm32.11.3.rel1.win32_1.1.0.202305231506/tools/bin/../lib/gcc/arm-none-eabi/11.3.1/../../../../arm-none-eabi/lib/thumb/v6-m/nofp\libstdc++_nano.a(allocator-inst.o)
                0x0000000008007a68                std::allocator<char>::allocator()
                0x0000000008007a68                std::allocator<char>::allocator()
 .text._ZNSaIcED2Ev
                0x0000000008007a6a        0x2 C:/ST/STM32CubeIDE_1.10.1/STM32CubeIDE/plugins/com.st.stm32cube.ide.mcu.externaltools.gnu-tools-for-stm32.11.3.rel1.win32_1.1.0.202305231506/tools/bin/../lib/gcc/arm-none-eabi/11.3.1/../../../../arm-none-eabi/lib/thumb/v6-m/nofp\libstdc++_nano.a(allocator-inst.o)
                0x0000000008007a6a                std::allocator<char>::~allocator()
                0x0000000008007a6a                std::allocator<char>::~allocator()
 .text._ZNSt11char_traitsIcE4copyEPcPKcj.isra.0
                0x0000000008007a6c        0xc C:/ST/STM32CubeIDE_1.10.1/STM32CubeIDE/plugins/com.st.stm32cube.ide.mcu.externaltools.gnu-tools-for-stm32.11.3.rel1.win32_1.1.0.202305231506/tools/bin/../lib/gcc/arm-none-eabi/11.3.1/../../../../arm-none-eabi/lib/thumb/v6-m/nofp\libstdc++_nano.a(string-inst.o)
 .text._ZNSt7__cxx1112basic_stringIcSt11char_traitsIcESaIcEE9_M_createERjj
                0x0000000008007a78       0x40 C:/ST/STM32CubeIDE_1.10.1/STM32CubeIDE/plugins/com.st.stm32cube.ide.mcu.externaltools.gnu-tools-for-stm32.11.3.rel1.win32_1.1.0.202305231506/tools/bin/../lib/gcc/arm-none-eabi/11.3.1/../../../../arm-none-eabi/lib/thumb/v6-m/nofp\libstdc++_nano.a(string-inst.o)
                0x0000000008007a78                std::__cxx11::basic_string<char, std::char_traits<char>, std::allocator<char> >::_M_create(unsigned int&, unsigned int)
 .text._ZNSt7__cxx1112basic_stringIcSt11char_traitsIcESaIcEE10_M_disposeEv
                0x0000000008007ab8       0x12 C:/ST/STM32CubeIDE_1.10.1/STM32CubeIDE/plugins/com.st.stm32cube.ide.mcu.externaltools.gnu-tools-for-stm32.11.3.rel1.win32_1.1.0.202305231506/tools/bin/../lib/gcc/arm-none-eabi/11.3.1/../../../../arm-none-eabi/lib/thumb/v6-m/nofp\libstdc++_nano.a(string-inst.o)
                0x0000000008007ab8                std::__cxx11::basic_string<char, std::char_traits<char>, std::allocator<char> >::_M_dispose()
 .text._ZNSt7__cxx1112basic_stringIcSt11char_traitsIcESaIcEE7_S_copyEPcPKcj
                0x0000000008007aca       0x12 C:/ST/STM32CubeIDE_1.10.1/STM32CubeIDE/plugins/com.st.stm32cube.ide.mcu.externaltools.gnu-tools-for-stm32.11.3.rel1.win32_1.1.0.202305231506/tools/bin/../lib/gcc/arm-none-eabi/11.3.1/../../../../arm-none-eabi/lib/thumb/v6-m/nofp\libstdc++_nano.a(string-inst.o)
                0x0000000008007aca                std::__cxx11::basic_string<char, std::char_traits<char>, std::allocator<char> >::_S_copy(char*, char const*, unsigned int)
 .text._ZNSt7__cxx1112basic_stringIcSt11char_traitsIcESaIcEE13_S_copy_charsEPcPKcS7_
                0x0000000008007adc        0xa C:/ST/STM32CubeIDE_1.10.1/STM32CubeIDE/plugins/com.st.stm32cube.ide.mcu.externaltools.gnu-tools-for-stm32.11.3.rel1.win32_1.1.0.202305231506/tools/bin/../lib/gcc/arm-none-eabi/11.3.1/../../../../arm-none-eabi/lib/thumb/v6-m/nofp\libstdc++_nano.a(string-inst.o)
                0x0000000008007adc                std::__cxx11::basic_string<char, std::char_traits<char>, std::allocator<char> >::_S_copy_chars(char*, char const*, char const*)
 .text._ZNSt7__cxx1112basic_stringIcSt11char_traitsIcESaIcEED2Ev
                0x0000000008007ae6        0xc C:/ST/STM32CubeIDE_1.10.1/STM32CubeIDE/plugins/com.st.stm32cube.ide.mcu.externaltools.gnu-tools-for-stm32.11.3.rel1.win32_1.1.0.202305231506/tools/bin/../lib/gcc/arm-none-eabi/11.3.1/../../../../arm-none-eabi/lib/thumb/v6-m/nofp\libstdc++_nano.a(string-inst.o)
                0x0000000008007ae6                std::__cxx11::basic_string<char, std::char_traits<char>, std::allocator<char> >::~basic_string()
                0x0000000008007ae6                std::__cxx11::basic_string<char, std::char_traits<char>, std::allocator<char> >::~basic_string()
 .text._ZNSt7__cxx1112basic_stringIcSt11char_traitsIcESaIcEEixEj
                0x0000000008007af2        0x6 C:/ST/STM32CubeIDE_1.10.1/STM32CubeIDE/plugins/com.st.stm32cube.ide.mcu.externaltools.gnu-tools-for-stm32.11.3.rel1.win32_1.1.0.202305231506/tools/bin/../lib/gcc/arm-none-eabi/11.3.1/../../../../arm-none-eabi/lib/thumb/v6-m/nofp\libstdc++_nano.a(string-inst.o)
                0x0000000008007af2                std::__cxx11::basic_string<char, std::char_traits<char>, std::allocator<char> >::operator[](unsigned int)
 .text._ZNSt7__cxx1112basic_stringIcSt11char_traitsIcESaIcEE12_M_constructIPKcEEvT_S8_St20forward_iterator_tag
                0x0000000008007af8       0x48 C:/ST/STM32CubeIDE_1.10.1/STM32CubeIDE/plugins/com.st.stm32cube.ide.mcu.externaltools.gnu-tools-for-stm32.11.3.rel1.win32_1.1.0.202305231506/tools/bin/../lib/gcc/arm-none-eabi/11.3.1/../../../../arm-none-eabi/lib/thumb/v6-m/nofp\libstdc++_nano.a(string-inst.o)
                0x0000000008007af8                void std::__cxx11::basic_string<char, std::char_traits<char>, std::allocator<char> >::_M_construct<char const*>(char const*, char const*, std::forward_iterator_tag)
 .text._ZNSt7__cxx1112basic_stringIcSt11char_traitsIcESaIcEEC2EPKcRKS3_
                0x0000000008007b40       0x26 C:/ST/STM32CubeIDE_1.10.1/STM32CubeIDE/plugins/com.st.stm32cube.ide.mcu.externaltools.gnu-tools-for-stm32.11.3.rel1.win32_1.1.0.202305231506/tools/bin/../lib/gcc/arm-none-eabi/11.3.1/../../../../arm-none-eabi/lib/thumb/v6-m/nofp\libstdc++_nano.a(string-inst.o)
                0x0000000008007b40                std::__cxx11::basic_string<char, std::char_traits<char>, std::allocator<char> >::basic_string(char const*, std::allocator<char> const&)
                0x0000000008007b40                std::__cxx11::basic_string<char, std::char_traits<char>, std::allocator<char> >::basic_string(char const*, std::allocator<char> const&)
 .text._ZdlPv   0x0000000008007b66        0x8 C:/ST/STM32CubeIDE_1.10.1/STM32CubeIDE/plugins/com.st.stm32cube.ide.mcu.externaltools.gnu-tools-for-stm32.11.3.rel1.win32_1.1.0.202305231506/tools/bin/../lib/gcc/arm-none-eabi/11.3.1/../../../../arm-none-eabi/lib/thumb/v6-m/nofp\libstdc++_nano.a(del_op.o)
                0x0000000008007b66                operator delete(void*)
 .text._Znwj    0x0000000008007b6e       0x24 C:/ST/STM32CubeIDE_1.10.1/STM32CubeIDE/plugins/com.st.stm32cube.ide.mcu.externaltools.gnu-tools-for-stm32.11.3.rel1.win32_1.1.0.202305231506/tools/bin/../lib/gcc/arm-none-eabi/11.3.1/../../../../arm-none-eabi/lib/thumb/v6-m/nofp\libstdc++_nano.a(new_op.o)
                0x0000000008007b6e                operator new(unsigned int)
 .text.unlikely._ZSt17__throw_bad_allocv
                0x0000000008007b92        0x6 C:/ST/STM32CubeIDE_1.10.1/STM32CubeIDE/plugins/com.st.stm32cube.ide.mcu.externaltools.gnu-tools-for-stm32.11.3.rel1.win32_1.1.0.202305231506/tools/bin/../lib/gcc/arm-none-eabi/11.3.1/../../../../arm-none-eabi/lib/thumb/v6-m/nofp\libstdc++_nano.a(functexcept.o)
                0x0000000008007b92                std::__throw_bad_alloc()
 .text.unlikely._ZSt19__throw_logic_errorPKc
                0x0000000008007b98        0x6 C:/ST/STM32CubeIDE_1.10.1/STM32CubeIDE/plugins/com.st.stm32cube.ide.mcu.externaltools.gnu-tools-for-stm32.11.3.rel1.win32_1.1.0.202305231506/tools/bin/../lib/gcc/arm-none-eabi/11.3.1/../../../../arm-none-eabi/lib/thumb/v6-m/nofp\libstdc++_nano.a(functexcept.o)
                0x0000000008007b98                std::__throw_logic_error(char const*)
 .text.unlikely._ZSt20__throw_length_errorPKc
                0x0000000008007b9e        0x6 C:/ST/STM32CubeIDE_1.10.1/STM32CubeIDE/plugins/com.st.stm32cube.ide.mcu.externaltools.gnu-tools-for-stm32.11.3.rel1.win32_1.1.0.202305231506/tools/bin/../lib/gcc/arm-none-eabi/11.3.1/../../../../arm-none-eabi/lib/thumb/v6-m/nofp\libstdc++_nano.a(functexcept.o)
                0x0000000008007b9e                std::__throw_length_error(char const*)
 .text._ZSt15get_new_handlerv
                0x0000000008007ba4        0xc C:/ST/STM32CubeIDE_1.10.1/STM32CubeIDE/plugins/com.st.stm32cube.ide.mcu.externaltools.gnu-tools-for-stm32.11.3.rel1.win32_1.1.0.202305231506/tools/bin/../lib/gcc/arm-none-eabi/11.3.1/../../../../arm-none-eabi/lib/thumb/v6-m/nofp\libstdc++_nano.a(new_handler.o)
                0x0000000008007ba4                std::get_new_handler()
 .text.abort    0x0000000008007bb0        0xe C:/ST/STM32CubeIDE_1.10.1/STM32CubeIDE/plugins/com.st.stm32cube.ide.mcu.externaltools.gnu-tools-for-stm32.11.3.rel1.win32_1.1.0.202305231506/tools/bin/../lib/gcc/arm-none-eabi/11.3.1/../../../../arm-none-eabi/lib/thumb/v6-m/nofp\libc_nano.a(libc_a-abort.o)
                0x0000000008007bb0                abort
 *fill*         0x0000000008007bbe        0x2 
 .text.malloc   0x0000000008007bc0       0x14 C:/ST/STM32CubeIDE_1.10.1/STM32CubeIDE/plugins/com.st.stm32cube.ide.mcu.externaltools.gnu-tools-for-stm32.11.3.rel1.win32_1.1.0.202305231506/tools/bin/../lib/gcc/arm-none-eabi/11.3.1/../../../../arm-none-eabi/lib/thumb/v6-m/nofp\libc_nano.a(libc_a-malloc.o)
                0x0000000008007bc0                malloc
 .text.free     0x0000000008007bd4       0x14 C:/ST/STM32CubeIDE_1.10.1/STM32CubeIDE/plugins/com.st.stm32cube.ide.mcu.externaltools.gnu-tools-for-stm32.11.3.rel1.win32_1.1.0.202305231506/tools/bin/../lib/gcc/arm-none-eabi/11.3.1/../../../../arm-none-eabi/lib/thumb/v6-m/nofp\libc_nano.a(libc_a-malloc.o)
                0x0000000008007bd4                free
 .text.sbrk_aligned
                0x0000000008007be8       0x44 C:/ST/STM32CubeIDE_1.10.1/STM32CubeIDE/plugins/com.st.stm32cube.ide.mcu.externaltools.gnu-tools-for-stm32.11.3.rel1.win32_1.1.0.202305231506/tools/bin/../lib/gcc/arm-none-eabi/11.3.1/../../../../arm-none-eabi/lib/thumb/v6-m/nofp\libc_nano.a(libc_a-mallocr.o)
 .text._malloc_r
                0x0000000008007c2c      0x104 C:/ST/STM32CubeIDE_1.10.1/STM32CubeIDE/plugins/com.st.stm32cube.ide.mcu.externaltools.gnu-tools-for-stm32.11.3.rel1.win32_1.1.0.202305231506/tools/bin/../lib/gcc/arm-none-eabi/11.3.1/../../../../arm-none-eabi/lib/thumb/v6-m/nofp\libc_nano.a(libc_a-mallocr.o)
                0x0000000008007c2c                _malloc_r
 .text.__malloc_lock
                0x0000000008007d30       0x10 C:/ST/STM32CubeIDE_1.10.1/STM32CubeIDE/plugins/com.st.stm32cube.ide.mcu.externaltools.gnu-tools-for-stm32.11.3.rel1.win32_1.1.0.202305231506/tools/bin/../lib/gcc/arm-none-eabi/11.3.1/../../../../arm-none-eabi/lib/thumb/v6-m/nofp\libc_nano.a(libc_a-mlock.o)
                0x0000000008007d30                __malloc_lock
 .text.__malloc_unlock
                0x0000000008007d40       0x10 C:/ST/STM32CubeIDE_1.10.1/STM32CubeIDE/plugins/com.st.stm32cube.ide.mcu.externaltools.gnu-tools-for-stm32.11.3.rel1.win32_1.1.0.202305231506/tools/bin/../lib/gcc/arm-none-eabi/11.3.1/../../../../arm-none-eabi/lib/thumb/v6-m/nofp\libc_nano.a(libc_a-mlock.o)
                0x0000000008007d40                __malloc_unlock
 .text.sprintf  0x0000000008007d50       0x40 C:/ST/STM32CubeIDE_1.10.1/STM32CubeIDE/plugins/com.st.stm32cube.ide.mcu.externaltools.gnu-tools-for-stm32.11.3.rel1.win32_1.1.0.202305231506/tools/bin/../lib/gcc/arm-none-eabi/11.3.1/../../../../arm-none-eabi/lib/thumb/v6-m/nofp\libc_nano.a(libc_a-sprintf.o)
                0x0000000008007d50                siprintf
                0x0000000008007d50                sprintf
 .text.memmove  0x0000000008007d90       0x26 C:/ST/STM32CubeIDE_1.10.1/STM32CubeIDE/plugins/com.st.stm32cube.ide.mcu.externaltools.gnu-tools-for-stm32.11.3.rel1.win32_1.1.0.202305231506/tools/bin/../lib/gcc/arm-none-eabi/11.3.1/../../../../arm-none-eabi/lib/thumb/v6-m/nofp\libc_nano.a(libc_a-memmove.o)
                0x0000000008007d90                memmove
 .text.memset   0x0000000008007db6       0x10 C:/ST/STM32CubeIDE_1.10.1/STM32CubeIDE/plugins/com.st.stm32cube.ide.mcu.externaltools.gnu-tools-for-stm32.11.3.rel1.win32_1.1.0.202305231506/tools/bin/../lib/gcc/arm-none-eabi/11.3.1/../../../../arm-none-eabi/lib/thumb/v6-m/nofp\libc_nano.a(libc_a-memset.o)
                0x0000000008007db6                memset
 .text._raise_r
                0x0000000008007dc6       0x54 C:/ST/STM32CubeIDE_1.10.1/STM32CubeIDE/plugins/com.st.stm32cube.ide.mcu.externaltools.gnu-tools-for-stm32.11.3.rel1.win32_1.1.0.202305231506/tools/bin/../lib/gcc/arm-none-eabi/11.3.1/../../../../arm-none-eabi/lib/thumb/v6-m/nofp\libc_nano.a(libc_a-signal.o)
                0x0000000008007dc6                _raise_r
 *fill*         0x0000000008007e1a        0x2 
 .text.raise    0x0000000008007e1c       0x14 C:/ST/STM32CubeIDE_1.10.1/STM32CubeIDE/plugins/com.st.stm32cube.ide.mcu.externaltools.gnu-tools-for-stm32.11.3.rel1.win32_1.1.0.202305231506/tools/bin/../lib/gcc/arm-none-eabi/11.3.1/../../../../arm-none-eabi/lib/thumb/v6-m/nofp\libc_nano.a(libc_a-signal.o)
                0x0000000008007e1c                raise
 .text._kill_r  0x0000000008007e30       0x24 C:/ST/STM32CubeIDE_1.10.1/STM32CubeIDE/plugins/com.st.stm32cube.ide.mcu.externaltools.gnu-tools-for-stm32.11.3.rel1.win32_1.1.0.202305231506/tools/bin/../lib/gcc/arm-none-eabi/11.3.1/../../../../arm-none-eabi/lib/thumb/v6-m/nofp\libc_nano.a(libc_a-signalr.o)
                0x0000000008007e30                _kill_r
 .text._getpid_r
                0x0000000008007e54        0x8 C:/ST/STM32CubeIDE_1.10.1/STM32CubeIDE/plugins/com.st.stm32cube.ide.mcu.externaltools.gnu-tools-for-stm32.11.3.rel1.win32_1.1.0.202305231506/tools/bin/../lib/gcc/arm-none-eabi/11.3.1/../../../../arm-none-eabi/lib/thumb/v6-m/nofp\libc_nano.a(libc_a-signalr.o)
                0x0000000008007e54                _getpid_r
 .text._sbrk_r  0x0000000008007e5c       0x24 C:/ST/STM32CubeIDE_1.10.1/STM32CubeIDE/plugins/com.st.stm32cube.ide.mcu.externaltools.gnu-tools-for-stm32.11.3.rel1.win32_1.1.0.202305231506/tools/bin/../lib/gcc/arm-none-eabi/11.3.1/../../../../arm-none-eabi/lib/thumb/v6-m/nofp\libc_nano.a(libc_a-sbrkr.o)
                0x0000000008007e5c                _sbrk_r
 .text.__errno  0x0000000008007e80        0xc C:/ST/STM32CubeIDE_1.10.1/STM32CubeIDE/plugins/com.st.stm32cube.ide.mcu.externaltools.gnu-tools-for-stm32.11.3.rel1.win32_1.1.0.202305231506/tools/bin/../lib/gcc/arm-none-eabi/11.3.1/../../../../arm-none-eabi/lib/thumb/v6-m/nofp\libc_nano.a(libc_a-errno.o)
                0x0000000008007e80                __errno
 .text.__libc_init_array
                0x0000000008007e8c       0x48 C:/ST/STM32CubeIDE_1.10.1/STM32CubeIDE/plugins/com.st.stm32cube.ide.mcu.externaltools.gnu-tools-for-stm32.11.3.rel1.win32_1.1.0.202305231506/tools/bin/../lib/gcc/arm-none-eabi/11.3.1/../../../../arm-none-eabi/lib/thumb/v6-m/nofp\libc_nano.a(libc_a-init.o)
                0x0000000008007e8c                __libc_init_array
 .text.__retarget_lock_acquire_recursive
                0x0000000008007ed4        0x2 C:/ST/STM32CubeIDE_1.10.1/STM32CubeIDE/plugins/com.st.stm32cube.ide.mcu.externaltools.gnu-tools-for-stm32.11.3.rel1.win32_1.1.0.202305231506/tools/bin/../lib/gcc/arm-none-eabi/11.3.1/../../../../arm-none-eabi/lib/thumb/v6-m/nofp\libc_nano.a(libc_a-lock.o)
                0x0000000008007ed4                __retarget_lock_acquire_recursive
 .text.__retarget_lock_release_recursive
                0x0000000008007ed6        0x2 C:/ST/STM32CubeIDE_1.10.1/STM32CubeIDE/plugins/com.st.stm32cube.ide.mcu.externaltools.gnu-tools-for-stm32.11.3.rel1.win32_1.1.0.202305231506/tools/bin/../lib/gcc/arm-none-eabi/11.3.1/../../../../arm-none-eabi/lib/thumb/v6-m/nofp\libc_nano.a(libc_a-lock.o)
                0x0000000008007ed6                __retarget_lock_release_recursive
 .text.memchr   0x0000000008007ed8       0x16 C:/ST/STM32CubeIDE_1.10.1/STM32CubeIDE/plugins/com.st.stm32cube.ide.mcu.externaltools.gnu-tools-for-stm32.11.3.rel1.win32_1.1.0.202305231506/tools/bin/../lib/gcc/arm-none-eabi/11.3.1/../../../../arm-none-eabi/lib/thumb/v6-m/nofp\libc_nano.a(libc_a-memchr-stub.o)
                0x0000000008007ed8                memchr
 .text.memcpy   0x0000000008007eee       0x12 C:/ST/STM32CubeIDE_1.10.1/STM32CubeIDE/plugins/com.st.stm32cube.ide.mcu.externaltools.gnu-tools-for-stm32.11.3.rel1.win32_1.1.0.202305231506/tools/bin/../lib/gcc/arm-none-eabi/11.3.1/../../../../arm-none-eabi/lib/thumb/v6-m/nofp\libc_nano.a(libc_a-memcpy-stub.o)
                0x0000000008007eee                memcpy
 .text._free_r  0x0000000008007f00       0x94 C:/ST/STM32CubeIDE_1.10.1/STM32CubeIDE/plugins/com.st.stm32cube.ide.mcu.externaltools.gnu-tools-for-stm32.11.3.rel1.win32_1.1.0.202305231506/tools/bin/../lib/gcc/arm-none-eabi/11.3.1/../../../../arm-none-eabi/lib/thumb/v6-m/nofp\libc_nano.a(libc_a-freer.o)
                0x0000000008007f00                _free_r
 .text.__ssputs_r
                0x0000000008007f94       0xc4 C:/ST/STM32CubeIDE_1.10.1/STM32CubeIDE/plugins/com.st.stm32cube.ide.mcu.externaltools.gnu-tools-for-stm32.11.3.rel1.win32_1.1.0.202305231506/tools/bin/../lib/gcc/arm-none-eabi/11.3.1/../../../../arm-none-eabi/lib/thumb/v6-m/nofp\libc_nano.a(libc_a-nano-svfprintf.o)
                0x0000000008007f94                __ssputs_r
 .text._svfprintf_r
                0x0000000008008058      0x200 C:/ST/STM32CubeIDE_1.10.1/STM32CubeIDE/plugins/com.st.stm32cube.ide.mcu.externaltools.gnu-tools-for-stm32.11.3.rel1.win32_1.1.0.202305231506/tools/bin/../lib/gcc/arm-none-eabi/11.3.1/../../../../arm-none-eabi/lib/thumb/v6-m/nofp\libc_nano.a(libc_a-nano-svfprintf.o)
                0x0000000008008058                _svfiprintf_r
                0x0000000008008058                _svfprintf_r
 .text._printf_common
                0x0000000008008258       0xde C:/ST/STM32CubeIDE_1.10.1/STM32CubeIDE/plugins/com.st.stm32cube.ide.mcu.externaltools.gnu-tools-for-stm32.11.3.rel1.win32_1.1.0.202305231506/tools/bin/../lib/gcc/arm-none-eabi/11.3.1/../../../../arm-none-eabi/lib/thumb/v6-m/nofp\libc_nano.a(libc_a-nano-vfprintf_i.o)
                0x0000000008008258                _printf_common
 *fill*         0x0000000008008336        0x2 
 .text._printf_i
                0x0000000008008338      0x220 C:/ST/STM32CubeIDE_1.10.1/STM32CubeIDE/plugins/com.st.stm32cube.ide.mcu.externaltools.gnu-tools-for-stm32.11.3.rel1.win32_1.1.0.202305231506/tools/bin/../lib/gcc/arm-none-eabi/11.3.1/../../../../arm-none-eabi/lib/thumb/v6-m/nofp\libc_nano.a(libc_a-nano-vfprintf_i.o)
                0x0000000008008338                _printf_i
 .text._realloc_r
                0x0000000008008558       0x5e C:/ST/STM32CubeIDE_1.10.1/STM32CubeIDE/plugins/com.st.stm32cube.ide.mcu.externaltools.gnu-tools-for-stm32.11.3.rel1.win32_1.1.0.202305231506/tools/bin/../lib/gcc/arm-none-eabi/11.3.1/../../../../arm-none-eabi/lib/thumb/v6-m/nofp\libc_nano.a(libc_a-reallocr.o)
                0x0000000008008558                _realloc_r
 .text._malloc_usable_size_r
                0x00000000080085b6       0x10 C:/ST/STM32CubeIDE_1.10.1/STM32CubeIDE/plugins/com.st.stm32cube.ide.mcu.externaltools.gnu-tools-for-stm32.11.3.rel1.win32_1.1.0.202305231506/tools/bin/../lib/gcc/arm-none-eabi/11.3.1/../../../../arm-none-eabi/lib/thumb/v6-m/nofp\libc_nano.a(libc_a-msizer.o)
                0x00000000080085b6                _malloc_usable_size_r
 *(.glue_7)
 .glue_7        0x00000000080085c6        0x0 linker stubs
 *(.glue_7t)
 .glue_7t       0x00000000080085c6        0x0 linker stubs
 *(.eh_frame)
 *fill*         0x00000000080085c6        0x2 
 .eh_frame      0x00000000080085c8        0x0 C:/ST/STM32CubeIDE_1.10.1/STM32CubeIDE/plugins/com.st.stm32cube.ide.mcu.externaltools.gnu-tools-for-stm32.11.3.rel1.win32_1.1.0.202305231506/tools/bin/../lib/gcc/arm-none-eabi/11.3.1/thumb/v6-m/nofp/crtbegin.o
 *(.init)
 .init          0x00000000080085c8        0x4 C:/ST/STM32CubeIDE_1.10.1/STM32CubeIDE/plugins/com.st.stm32cube.ide.mcu.externaltools.gnu-tools-for-stm32.11.3.rel1.win32_1.1.0.202305231506/tools/bin/../lib/gcc/arm-none-eabi/11.3.1/thumb/v6-m/nofp/crti.o
                0x00000000080085c8                _init
 .init          0x00000000080085cc        0x8 C:/ST/STM32CubeIDE_1.10.1/STM32CubeIDE/plugins/com.st.stm32cube.ide.mcu.externaltools.gnu-tools-for-stm32.11.3.rel1.win32_1.1.0.202305231506/tools/bin/../lib/gcc/arm-none-eabi/11.3.1/thumb/v6-m/nofp/crtn.o
 *(.fini)
 .fini          0x00000000080085d4        0x4 C:/ST/STM32CubeIDE_1.10.1/STM32CubeIDE/plugins/com.st.stm32cube.ide.mcu.externaltools.gnu-tools-for-stm32.11.3.rel1.win32_1.1.0.202305231506/tools/bin/../lib/gcc/arm-none-eabi/11.3.1/thumb/v6-m/nofp/crti.o
                0x00000000080085d4                _fini
 .fini          0x00000000080085d8        0x8 C:/ST/STM32CubeIDE_1.10.1/STM32CubeIDE/plugins/com.st.stm32cube.ide.mcu.externaltools.gnu-tools-for-stm32.11.3.rel1.win32_1.1.0.202305231506/tools/bin/../lib/gcc/arm-none-eabi/11.3.1/thumb/v6-m/nofp/crtn.o
                0x00000000080085e0                . = ALIGN (0x4)
                0x00000000080085e0                _etext = .

.vfp11_veneer   0x00000000080085e0        0x0
 .vfp11_veneer  0x00000000080085e0        0x0 linker stubs

.v4_bx          0x00000000080085e0        0x0
 .v4_bx         0x00000000080085e0        0x0 linker stubs

.iplt           0x00000000080085e0        0x0
 .iplt          0x00000000080085e0        0x0 C:/ST/STM32CubeIDE_1.10.1/STM32CubeIDE/plugins/com.st.stm32cube.ide.mcu.externaltools.gnu-tools-for-stm32.11.3.rel1.win32_1.1.0.202305231506/tools/bin/../lib/gcc/arm-none-eabi/11.3.1/thumb/v6-m/nofp/crtbegin.o

.rodata         0x00000000080085e0      0x390
                0x00000000080085e0                . = ALIGN (0x4)
 *(.rodata)
 .rodata        0x00000000080085e0        0x4 ./Core/Src/Screen.o
 .rodata        0x00000000080085e4      0x134 ./Core/Src/main.o
 .rodata        0x0000000008008718       0x1e ./Core/Src/rtc.o
 *(.rodata*)
 *fill*         0x0000000008008736        0x2 
 .rodata._ZTV16OneColMenuScreen
                0x0000000008008738       0x14 ./Core/Src/OneColMenuScreen.o
                0x0000000008008738                vtable for OneColMenuScreen
 .rodata._ZTV16TwoColMenuScreen
                0x000000000800874c       0x14 ./Core/Src/TwoColMenuScreen.o
                0x000000000800874c                vtable for TwoColMenuScreen
 .rodata._Z9recodeCyrPc
                0x0000000008008760      0x160 ./Core/Src/lcd_i2c_lib.o
 .rodata.AHBPrescTable
                0x00000000080088c0       0x10 ./Core/Src/system_stm32f0xx.o
                0x00000000080088c0                AHBPrescTable
 .rodata.APBPrescTable
                0x00000000080088d0        0x8 ./Core/Src/system_stm32f0xx.o
                0x00000000080088d0                APBPrescTable
 .rodata.aPLLMULFactorTable.1
                0x00000000080088d8       0x10 ./Drivers/STM32F0xx_HAL_Driver/Src/stm32f0xx_hal_rcc.o
 .rodata.aPredivFactorTable.0
                0x00000000080088e8       0x10 ./Drivers/STM32F0xx_HAL_Driver/Src/stm32f0xx_hal_rcc.o
 .rodata._ZNSt7__cxx1112basic_stringIcSt11char_traitsIcESaIcEE9_M_createERjj.str1.1
                0x00000000080088f8       0x18 C:/ST/STM32CubeIDE_1.10.1/STM32CubeIDE/plugins/com.st.stm32cube.ide.mcu.externaltools.gnu-tools-for-stm32.11.3.rel1.win32_1.1.0.202305231506/tools/bin/../lib/gcc/arm-none-eabi/11.3.1/../../../../arm-none-eabi/lib/thumb/v6-m/nofp\libstdc++_nano.a(string-inst.o)
 .rodata._ZNSt7__cxx1112basic_stringIcSt11char_traitsIcESaIcEE12_M_constructIPcEEvT_S7_St20forward_iterator_tag.str1.1
                0x0000000008008910       0x2a C:/ST/STM32CubeIDE_1.10.1/STM32CubeIDE/plugins/com.st.stm32cube.ide.mcu.externaltools.gnu-tools-for-stm32.11.3.rel1.win32_1.1.0.202305231506/tools/bin/../lib/gcc/arm-none-eabi/11.3.1/../../../../arm-none-eabi/lib/thumb/v6-m/nofp\libstdc++_nano.a(string-inst.o)
 .rodata._svfprintf_r.str1.1
                0x000000000800893a       0x11 C:/ST/STM32CubeIDE_1.10.1/STM32CubeIDE/plugins/com.st.stm32cube.ide.mcu.externaltools.gnu-tools-for-stm32.11.3.rel1.win32_1.1.0.202305231506/tools/bin/../lib/gcc/arm-none-eabi/11.3.1/../../../../arm-none-eabi/lib/thumb/v6-m/nofp\libc_nano.a(libc_a-nano-svfprintf.o)
 .rodata._printf_i.str1.1
                0x000000000800894b       0x22 C:/ST/STM32CubeIDE_1.10.1/STM32CubeIDE/plugins/com.st.stm32cube.ide.mcu.externaltools.gnu-tools-for-stm32.11.3.rel1.win32_1.1.0.202305231506/tools/bin/../lib/gcc/arm-none-eabi/11.3.1/../../../../arm-none-eabi/lib/thumb/v6-m/nofp\libc_nano.a(libc_a-nano-vfprintf_i.o)
                0x0000000008008970                . = ALIGN (0x4)
 *fill*         0x000000000800896d        0x3 

.rel.dyn        0x0000000008008970        0x0
 .rel.iplt      0x0000000008008970        0x0 C:/ST/STM32CubeIDE_1.10.1/STM32CubeIDE/plugins/com.st.stm32cube.ide.mcu.externaltools.gnu-tools-for-stm32.11.3.rel1.win32_1.1.0.202305231506/tools/bin/../lib/gcc/arm-none-eabi/11.3.1/thumb/v6-m/nofp/crtbegin.o

.ARM.extab      0x0000000008008970        0x0
                0x0000000008008970                . = ALIGN (0x4)
 *(.ARM.extab* .gnu.linkonce.armextab.*)
                0x0000000008008970                . = ALIGN (0x4)

.ARM            0x0000000008008970        0x0
                0x0000000008008970                . = ALIGN (0x4)
                0x0000000008008970                __exidx_start = .
 *(.ARM.exidx*)
                0x0000000008008970                __exidx_end = .
                0x0000000008008970                . = ALIGN (0x4)

.preinit_array  0x0000000008008970        0x0
                0x0000000008008970                . = ALIGN (0x4)
                0x0000000008008970                PROVIDE (__preinit_array_start = .)
 *(.preinit_array*)
                0x0000000008008970                PROVIDE (__preinit_array_end = .)
                0x0000000008008970                . = ALIGN (0x4)

.init_array     0x0000000008008970        0x8
                0x0000000008008970                . = ALIGN (0x4)
                0x0000000008008970                PROVIDE (__init_array_start = .)
 *(SORT_BY_NAME(.init_array.*))
 *(.init_array*)
 .init_array    0x0000000008008970        0x4 C:/ST/STM32CubeIDE_1.10.1/STM32CubeIDE/plugins/com.st.stm32cube.ide.mcu.externaltools.gnu-tools-for-stm32.11.3.rel1.win32_1.1.0.202305231506/tools/bin/../lib/gcc/arm-none-eabi/11.3.1/thumb/v6-m/nofp/crtbegin.o
 .init_array    0x0000000008008974        0x4 ./Core/Src/main.o
                0x0000000008008978                PROVIDE (__init_array_end = .)
                0x0000000008008978                . = ALIGN (0x4)

.fini_array     0x0000000008008978        0x8
                0x0000000008008978                . = ALIGN (0x4)
                [!provide]                        PROVIDE (__fini_array_start = .)
 *(SORT_BY_NAME(.fini_array.*))
 *(.fini_array*)
 .fini_array    0x0000000008008978        0x4 C:/ST/STM32CubeIDE_1.10.1/STM32CubeIDE/plugins/com.st.stm32cube.ide.mcu.externaltools.gnu-tools-for-stm32.11.3.rel1.win32_1.1.0.202305231506/tools/bin/../lib/gcc/arm-none-eabi/11.3.1/thumb/v6-m/nofp/crtbegin.o
 .fini_array    0x000000000800897c        0x4 ./Core/Src/main.o
                [!provide]                        PROVIDE (__fini_array_end = .)
                0x0000000008008980                . = ALIGN (0x4)
                0x0000000008008980                _sidata = LOADADDR (.data)

.data           0x0000000020000000       0x5c load address 0x0000000008008980
                0x0000000020000000                . = ALIGN (0x4)
                0x0000000020000000                _sdata = .
 *(.data)
 *(.data*)
 .data.SystemCoreClock
                0x0000000020000000        0x4 ./Core/Src/system_stm32f0xx.o
                0x0000000020000000                SystemCoreClock
 .data.uwTickPrio
                0x0000000020000004        0x4 ./Drivers/STM32F0xx_HAL_Driver/Src/stm32f0xx_hal.o
                0x0000000020000004                uwTickPrio
 .data.uwTickFreq
                0x0000000020000008        0x1 ./Drivers/STM32F0xx_HAL_Driver/Src/stm32f0xx_hal.o
                0x0000000020000008                uwTickFreq
 *fill*         0x0000000020000009        0x3 
 .data._impure_data
                0x000000002000000c       0x4c C:/ST/STM32CubeIDE_1.10.1/STM32CubeIDE/plugins/com.st.stm32cube.ide.mcu.externaltools.gnu-tools-for-stm32.11.3.rel1.win32_1.1.0.202305231506/tools/bin/../lib/gcc/arm-none-eabi/11.3.1/../../../../arm-none-eabi/lib/thumb/v6-m/nofp\libc_nano.a(libc_a-impure.o)
                0x000000002000000c                _impure_data
 .data._impure_ptr
                0x0000000020000058        0x4 C:/ST/STM32CubeIDE_1.10.1/STM32CubeIDE/plugins/com.st.stm32cube.ide.mcu.externaltools.gnu-tools-for-stm32.11.3.rel1.win32_1.1.0.202305231506/tools/bin/../lib/gcc/arm-none-eabi/11.3.1/../../../../arm-none-eabi/lib/thumb/v6-m/nofp\libc_nano.a(libc_a-impure.o)
                0x0000000020000058                _impure_ptr
 *(.RamFunc)
 *(.RamFunc*)
                0x000000002000005c                . = ALIGN (0x4)
                0x000000002000005c                _edata = .

.igot.plt       0x000000002000005c        0x0 load address 0x00000000080089dc
 .igot.plt      0x000000002000005c        0x0 C:/ST/STM32CubeIDE_1.10.1/STM32CubeIDE/plugins/com.st.stm32cube.ide.mcu.externaltools.gnu-tools-for-stm32.11.3.rel1.win32_1.1.0.202305231506/tools/bin/../lib/gcc/arm-none-eabi/11.3.1/thumb/v6-m/nofp/crtbegin.o
                0x000000002000005c                . = ALIGN (0x4)

.bss            0x000000002000005c      0x528 load address 0x00000000080089dc
                0x000000002000005c                _sbss = .
                0x000000002000005c                __bss_start__ = _sbss
 *(.bss)
 .bss           0x000000002000005c       0x1c C:/ST/STM32CubeIDE_1.10.1/STM32CubeIDE/plugins/com.st.stm32cube.ide.mcu.externaltools.gnu-tools-for-stm32.11.3.rel1.win32_1.1.0.202305231506/tools/bin/../lib/gcc/arm-none-eabi/11.3.1/thumb/v6-m/nofp/crtbegin.o
 *(.bss*)
 .bss.i2cLcdState
                0x0000000020000078        0x1 ./Core/Src/lcd_i2c_lib.o
                0x0000000020000078                i2cLcdState
 *fill*         0x0000000020000079        0x3 
 .bss.dateTimeScreen
                0x000000002000007c       0x20 ./Core/Src/main.o
                0x000000002000007c                dateTimeScreen
 .bss.mainScreen
                0x000000002000009c       0x20 ./Core/Src/main.o
                0x000000002000009c                mainScreen
 .bss.tsScreen  0x00000000200000bc       0x20 ./Core/Src/main.o
                0x00000000200000bc                tsScreen
 .bss.tyScreen  0x00000000200000dc       0x20 ./Core/Src/main.o
                0x00000000200000dc                tyScreen
 .bss.measurements
                0x00000000200000fc       0x20 ./Core/Src/main.o
                0x00000000200000fc                measurements
 .bss.eventScreen
                0x000000002000011c       0x20 ./Core/Src/main.o
                0x000000002000011c                eventScreen
 .bss.settingsScreen
                0x000000002000013c       0x20 ./Core/Src/main.o
                0x000000002000013c                settingsScreen
 .bss.hi2c1     0x000000002000015c       0x54 ./Core/Src/main.o
                0x000000002000015c                hi2c1
 .bss.hdma_i2c1_rx
                0x00000000200001b0       0x44 ./Core/Src/main.o
                0x00000000200001b0                hdma_i2c1_rx
 .bss.hdma_i2c1_tx
                0x00000000200001f4       0x44 ./Core/Src/main.o
                0x00000000200001f4                hdma_i2c1_tx
 .bss.hrtc      0x0000000020000238       0x20 ./Core/Src/main.o
                0x0000000020000238                hrtc
 .bss.htim6     0x0000000020000258       0x48 ./Core/Src/main.o
                0x0000000020000258                htim6
 .bss.huart2    0x00000000200002a0       0x88 ./Core/Src/main.o
                0x00000000200002a0                huart2
 .bss.hdma_usart2_rx
                0x0000000020000328       0x44 ./Core/Src/main.o
                0x0000000020000328                hdma_usart2_rx
 .bss.hdma_usart2_tx
                0x000000002000036c       0x44 ./Core/Src/main.o
                0x000000002000036c                hdma_usart2_tx
 .bss.time      0x00000000200003b0        0xa ./Core/Src/main.o
                0x00000000200003b0                time
 *fill*         0x00000000200003ba        0x2 
 .bss.date      0x00000000200003bc        0xa ./Core/Src/main.o
                0x00000000200003bc                date
 *fill*         0x00000000200003c6        0x2 
 .bss.downButton
                0x00000000200003c8       0x18 ./Core/Src/main.o
                0x00000000200003c8                downButton
 .bss.upButton  0x00000000200003e0       0x18 ./Core/Src/main.o
                0x00000000200003e0                upButton
 .bss.enterButton
                0x00000000200003f8       0x18 ./Core/Src/main.o
                0x00000000200003f8                enterButton
 .bss.backButton
                0x0000000020000410       0x18 ./Core/Src/main.o
                0x0000000020000410                backButton
 .bss.__sbrk_heap_end
                0x0000000020000428        0x4 ./Core/Src/sysmem.o
 .bss._ZN6CTimer13m_wCountTimerE
                0x000000002000042c        0x4 ./Core/Src/timer.o
                0x000000002000042c                CTimer::m_wCountTimer
 .bss._ZN6CTimer21m_wCountTick_RealmSecE
                0x0000000020000430        0x4 ./Core/Src/timer.o
                0x0000000020000430                CTimer::m_wCountTick_RealmSec
 .bss.uwTick    0x0000000020000434        0x4 ./Drivers/STM32F0xx_HAL_Driver/Src/stm32f0xx_hal.o
                0x0000000020000434                uwTick
 .bss._ZN12_GLOBAL__N_113__new_handlerE
                0x0000000020000438        0x4 C:/ST/STM32CubeIDE_1.10.1/STM32CubeIDE/plugins/com.st.stm32cube.ide.mcu.externaltools.gnu-tools-for-stm32.11.3.rel1.win32_1.1.0.202305231506/tools/bin/../lib/gcc/arm-none-eabi/11.3.1/../../../../arm-none-eabi/lib/thumb/v6-m/nofp\libstdc++_nano.a(new_handler.o)
 .bss.__malloc_free_list
                0x000000002000043c        0x4 C:/ST/STM32CubeIDE_1.10.1/STM32CubeIDE/plugins/com.st.stm32cube.ide.mcu.externaltools.gnu-tools-for-stm32.11.3.rel1.win32_1.1.0.202305231506/tools/bin/../lib/gcc/arm-none-eabi/11.3.1/../../../../arm-none-eabi/lib/thumb/v6-m/nofp\libc_nano.a(libc_a-mallocr.o)
                0x000000002000043c                __malloc_free_list
 .bss.__malloc_sbrk_start
                0x0000000020000440        0x4 C:/ST/STM32CubeIDE_1.10.1/STM32CubeIDE/plugins/com.st.stm32cube.ide.mcu.externaltools.gnu-tools-for-stm32.11.3.rel1.win32_1.1.0.202305231506/tools/bin/../lib/gcc/arm-none-eabi/11.3.1/../../../../arm-none-eabi/lib/thumb/v6-m/nofp\libc_nano.a(libc_a-mallocr.o)
                0x0000000020000440                __malloc_sbrk_start
 .bss.__sf      0x0000000020000444      0x138 C:/ST/STM32CubeIDE_1.10.1/STM32CubeIDE/plugins/com.st.stm32cube.ide.mcu.externaltools.gnu-tools-for-stm32.11.3.rel1.win32_1.1.0.202305231506/tools/bin/../lib/gcc/arm-none-eabi/11.3.1/../../../../arm-none-eabi/lib/thumb/v6-m/nofp\libc_nano.a(libc_a-findfp.o)
                0x0000000020000444                __sf
 .bss.errno     0x000000002000057c        0x4 C:/ST/STM32CubeIDE_1.10.1/STM32CubeIDE/plugins/com.st.stm32cube.ide.mcu.externaltools.gnu-tools-for-stm32.11.3.rel1.win32_1.1.0.202305231506/tools/bin/../lib/gcc/arm-none-eabi/11.3.1/../../../../arm-none-eabi/lib/thumb/v6-m/nofp\libc_nano.a(libc_a-reent.o)
                0x000000002000057c                errno
 .bss.__lock___malloc_recursive_mutex
                0x0000000020000580        0x1 C:/ST/STM32CubeIDE_1.10.1/STM32CubeIDE/plugins/com.st.stm32cube.ide.mcu.externaltools.gnu-tools-for-stm32.11.3.rel1.win32_1.1.0.202305231506/tools/bin/../lib/gcc/arm-none-eabi/11.3.1/../../../../arm-none-eabi/lib/thumb/v6-m/nofp\libc_nano.a(libc_a-lock.o)
                0x0000000020000580                __lock___malloc_recursive_mutex
 *(COMMON)
                0x0000000020000584                . = ALIGN (0x4)
 *fill*         0x0000000020000581        0x3 
                0x0000000020000584                _ebss = .
                0x0000000020000584                __bss_end__ = _ebss

._user_heap_stack
                0x0000000020000584      0x604 load address 0x00000000080089dc
                0x0000000020000588                . = ALIGN (0x8)
 *fill*         0x0000000020000584        0x4 
                [!provide]                        PROVIDE (end = .)
                0x0000000020000588                PROVIDE (_end = .)
                0x0000000020000788                . = (. + _Min_Heap_Size)
 *fill*         0x0000000020000588      0x200 
                0x0000000020000b88                . = (. + _Min_Stack_Size)
 *fill*         0x0000000020000788      0x400 
                0x0000000020000b88                . = ALIGN (0x8)

/DISCARD/
 libc.a(*)
 libm.a(*)
 libgcc.a(*)

.ARM.attributes
                0x0000000000000000       0x28
 *(.ARM.attributes)
 .ARM.attributes
                0x0000000000000000       0x1e C:/ST/STM32CubeIDE_1.10.1/STM32CubeIDE/plugins/com.st.stm32cube.ide.mcu.externaltools.gnu-tools-for-stm32.11.3.rel1.win32_1.1.0.202305231506/tools/bin/../lib/gcc/arm-none-eabi/11.3.1/thumb/v6-m/nofp/crti.o
 .ARM.attributes
                0x000000000000001e       0x2c C:/ST/STM32CubeIDE_1.10.1/STM32CubeIDE/plugins/com.st.stm32cube.ide.mcu.externaltools.gnu-tools-for-stm32.11.3.rel1.win32_1.1.0.202305231506/tools/bin/../lib/gcc/arm-none-eabi/11.3.1/thumb/v6-m/nofp/crtbegin.o
 .ARM.attributes
                0x000000000000004a       0x2c ./Core/Src/Button.o
 .ARM.attributes
                0x0000000000000076       0x2c ./Core/Src/OneColMenuScreen.o
 .ARM.attributes
                0x00000000000000a2       0x2c ./Core/Src/Screen.o
 .ARM.attributes
                0x00000000000000ce       0x2c ./Core/Src/TwoColMenuScreen.o
 .ARM.attributes
                0x00000000000000fa       0x2c ./Core/Src/lcd_i2c_lib.o
 .ARM.attributes
                0x0000000000000126       0x2c ./Core/Src/main.o
 .ARM.attributes
                0x0000000000000152       0x2c ./Core/Src/rtc.o
 .ARM.attributes
                0x000000000000017e       0x2c ./Core/Src/stm32f0xx_hal_msp.o
 .ARM.attributes
                0x00000000000001aa       0x2c ./Core/Src/stm32f0xx_it.o
 .ARM.attributes
                0x00000000000001d6       0x2c ./Core/Src/syscalls.o
 .ARM.attributes
                0x0000000000000202       0x2c ./Core/Src/sysmem.o
 .ARM.attributes
                0x000000000000022e       0x2c ./Core/Src/system_stm32f0xx.o
 .ARM.attributes
                0x000000000000025a       0x2c ./Core/Src/timer.o
 .ARM.attributes
                0x0000000000000286       0x21 ./Core/Startup/startup_stm32f030r8tx.o
 .ARM.attributes
                0x00000000000002a7       0x2c ./Drivers/STM32F0xx_HAL_Driver/Src/stm32f0xx_hal.o
 .ARM.attributes
                0x00000000000002d3       0x2c ./Drivers/STM32F0xx_HAL_Driver/Src/stm32f0xx_hal_cortex.o
 .ARM.attributes
                0x00000000000002ff       0x2c ./Drivers/STM32F0xx_HAL_Driver/Src/stm32f0xx_hal_dma.o
 .ARM.attributes
                0x000000000000032b       0x2c ./Drivers/STM32F0xx_HAL_Driver/Src/stm32f0xx_hal_gpio.o
 .ARM.attributes
                0x0000000000000357       0x2c ./Drivers/STM32F0xx_HAL_Driver/Src/stm32f0xx_hal_i2c.o
 .ARM.attributes
                0x0000000000000383       0x2c ./Drivers/STM32F0xx_HAL_Driver/Src/stm32f0xx_hal_i2c_ex.o
 .ARM.attributes
                0x00000000000003af       0x2c ./Drivers/STM32F0xx_HAL_Driver/Src/stm32f0xx_hal_rcc.o
 .ARM.attributes
                0x00000000000003db       0x2c ./Drivers/STM32F0xx_HAL_Driver/Src/stm32f0xx_hal_rcc_ex.o
 .ARM.attributes
                0x0000000000000407       0x2c ./Drivers/STM32F0xx_HAL_Driver/Src/stm32f0xx_hal_rtc.o
 .ARM.attributes
                0x0000000000000433       0x2c ./Drivers/STM32F0xx_HAL_Driver/Src/stm32f0xx_hal_tim.o
 .ARM.attributes
                0x000000000000045f       0x2c ./Drivers/STM32F0xx_HAL_Driver/Src/stm32f0xx_hal_tim_ex.o
 .ARM.attributes
                0x000000000000048b       0x2c ./Drivers/STM32F0xx_HAL_Driver/Src/stm32f0xx_hal_uart.o
 .ARM.attributes
                0x00000000000004b7       0x2c C:/ST/STM32CubeIDE_1.10.1/STM32CubeIDE/plugins/com.st.stm32cube.ide.mcu.externaltools.gnu-tools-for-stm32.11.3.rel1.win32_1.1.0.202305231506/tools/bin/../lib/gcc/arm-none-eabi/11.3.1/../../../../arm-none-eabi/lib/thumb/v6-m/nofp\libstdc++_nano.a(del_ops.o)
 .ARM.attributes
                0x00000000000004e3       0x2c C:/ST/STM32CubeIDE_1.10.1/STM32CubeIDE/plugins/com.st.stm32cube.ide.mcu.externaltools.gnu-tools-for-stm32.11.3.rel1.win32_1.1.0.202305231506/tools/bin/../lib/gcc/arm-none-eabi/11.3.1/../../../../arm-none-eabi/lib/thumb/v6-m/nofp\libstdc++_nano.a(allocator-inst.o)
 .ARM.attributes
                0x000000000000050f       0x2c C:/ST/STM32CubeIDE_1.10.1/STM32CubeIDE/plugins/com.st.stm32cube.ide.mcu.externaltools.gnu-tools-for-stm32.11.3.rel1.win32_1.1.0.202305231506/tools/bin/../lib/gcc/arm-none-eabi/11.3.1/../../../../arm-none-eabi/lib/thumb/v6-m/nofp\libstdc++_nano.a(string-inst.o)
 .ARM.attributes
                0x000000000000053b       0x2c C:/ST/STM32CubeIDE_1.10.1/STM32CubeIDE/plugins/com.st.stm32cube.ide.mcu.externaltools.gnu-tools-for-stm32.11.3.rel1.win32_1.1.0.202305231506/tools/bin/../lib/gcc/arm-none-eabi/11.3.1/../../../../arm-none-eabi/lib/thumb/v6-m/nofp\libstdc++_nano.a(del_op.o)
 .ARM.attributes
                0x0000000000000567       0x2c C:/ST/STM32CubeIDE_1.10.1/STM32CubeIDE/plugins/com.st.stm32cube.ide.mcu.externaltools.gnu-tools-for-stm32.11.3.rel1.win32_1.1.0.202305231506/tools/bin/../lib/gcc/arm-none-eabi/11.3.1/../../../../arm-none-eabi/lib/thumb/v6-m/nofp\libstdc++_nano.a(new_op.o)
 .ARM.attributes
                0x0000000000000593       0x2c C:/ST/STM32CubeIDE_1.10.1/STM32CubeIDE/plugins/com.st.stm32cube.ide.mcu.externaltools.gnu-tools-for-stm32.11.3.rel1.win32_1.1.0.202305231506/tools/bin/../lib/gcc/arm-none-eabi/11.3.1/../../../../arm-none-eabi/lib/thumb/v6-m/nofp\libstdc++_nano.a(functexcept.o)
 .ARM.attributes
                0x00000000000005bf       0x2c C:/ST/STM32CubeIDE_1.10.1/STM32CubeIDE/plugins/com.st.stm32cube.ide.mcu.externaltools.gnu-tools-for-stm32.11.3.rel1.win32_1.1.0.202305231506/tools/bin/../lib/gcc/arm-none-eabi/11.3.1/../../../../arm-none-eabi/lib/thumb/v6-m/nofp\libstdc++_nano.a(new_handler.o)
 .ARM.attributes
                0x00000000000005eb       0x2c C:/ST/STM32CubeIDE_1.10.1/STM32CubeIDE/plugins/com.st.stm32cube.ide.mcu.externaltools.gnu-tools-for-stm32.11.3.rel1.win32_1.1.0.202305231506/tools/bin/../lib/gcc/arm-none-eabi/11.3.1/../../../../arm-none-eabi/lib/thumb/v6-m/nofp\libc_nano.a(libc_a-abort.o)
 .ARM.attributes
                0x0000000000000617       0x2c C:/ST/STM32CubeIDE_1.10.1/STM32CubeIDE/plugins/com.st.stm32cube.ide.mcu.externaltools.gnu-tools-for-stm32.11.3.rel1.win32_1.1.0.202305231506/tools/bin/../lib/gcc/arm-none-eabi/11.3.1/../../../../arm-none-eabi/lib/thumb/v6-m/nofp\libc_nano.a(libc_a-malloc.o)
 .ARM.attributes
                0x0000000000000643       0x2c C:/ST/STM32CubeIDE_1.10.1/STM32CubeIDE/plugins/com.st.stm32cube.ide.mcu.externaltools.gnu-tools-for-stm32.11.3.rel1.win32_1.1.0.202305231506/tools/bin/../lib/gcc/arm-none-eabi/11.3.1/../../../../arm-none-eabi/lib/thumb/v6-m/nofp\libc_nano.a(libc_a-mallocr.o)
 .ARM.attributes
                0x000000000000066f       0x2c C:/ST/STM32CubeIDE_1.10.1/STM32CubeIDE/plugins/com.st.stm32cube.ide.mcu.externaltools.gnu-tools-for-stm32.11.3.rel1.win32_1.1.0.202305231506/tools/bin/../lib/gcc/arm-none-eabi/11.3.1/../../../../arm-none-eabi/lib/thumb/v6-m/nofp\libc_nano.a(libc_a-mlock.o)
 .ARM.attributes
                0x000000000000069b       0x2c C:/ST/STM32CubeIDE_1.10.1/STM32CubeIDE/plugins/com.st.stm32cube.ide.mcu.externaltools.gnu-tools-for-stm32.11.3.rel1.win32_1.1.0.202305231506/tools/bin/../lib/gcc/arm-none-eabi/11.3.1/../../../../arm-none-eabi/lib/thumb/v6-m/nofp\libc_nano.a(libc_a-findfp.o)
 .ARM.attributes
                0x00000000000006c7       0x2c C:/ST/STM32CubeIDE_1.10.1/STM32CubeIDE/plugins/com.st.stm32cube.ide.mcu.externaltools.gnu-tools-for-stm32.11.3.rel1.win32_1.1.0.202305231506/tools/bin/../lib/gcc/arm-none-eabi/11.3.1/../../../../arm-none-eabi/lib/thumb/v6-m/nofp\libc_nano.a(libc_a-sprintf.o)
 .ARM.attributes
                0x00000000000006f3       0x2c C:/ST/STM32CubeIDE_1.10.1/STM32CubeIDE/plugins/com.st.stm32cube.ide.mcu.externaltools.gnu-tools-for-stm32.11.3.rel1.win32_1.1.0.202305231506/tools/bin/../lib/gcc/arm-none-eabi/11.3.1/../../../../arm-none-eabi/lib/thumb/v6-m/nofp\libc_nano.a(libc_a-memmove.o)
 .ARM.attributes
                0x000000000000071f       0x2c C:/ST/STM32CubeIDE_1.10.1/STM32CubeIDE/plugins/com.st.stm32cube.ide.mcu.externaltools.gnu-tools-for-stm32.11.3.rel1.win32_1.1.0.202305231506/tools/bin/../lib/gcc/arm-none-eabi/11.3.1/../../../../arm-none-eabi/lib/thumb/v6-m/nofp\libc_nano.a(libc_a-memset.o)
 .ARM.attributes
                0x000000000000074b       0x2c C:/ST/STM32CubeIDE_1.10.1/STM32CubeIDE/plugins/com.st.stm32cube.ide.mcu.externaltools.gnu-tools-for-stm32.11.3.rel1.win32_1.1.0.202305231506/tools/bin/../lib/gcc/arm-none-eabi/11.3.1/../../../../arm-none-eabi/lib/thumb/v6-m/nofp\libc_nano.a(libc_a-signal.o)
 .ARM.attributes
                0x0000000000000777       0x2c C:/ST/STM32CubeIDE_1.10.1/STM32CubeIDE/plugins/com.st.stm32cube.ide.mcu.externaltools.gnu-tools-for-stm32.11.3.rel1.win32_1.1.0.202305231506/tools/bin/../lib/gcc/arm-none-eabi/11.3.1/../../../../arm-none-eabi/lib/thumb/v6-m/nofp\libc_nano.a(libc_a-reent.o)
 .ARM.attributes
                0x00000000000007a3       0x2c C:/ST/STM32CubeIDE_1.10.1/STM32CubeIDE/plugins/com.st.stm32cube.ide.mcu.externaltools.gnu-tools-for-stm32.11.3.rel1.win32_1.1.0.202305231506/tools/bin/../lib/gcc/arm-none-eabi/11.3.1/../../../../arm-none-eabi/lib/thumb/v6-m/nofp\libc_nano.a(libc_a-impure.o)
 .ARM.attributes
                0x00000000000007cf       0x2c C:/ST/STM32CubeIDE_1.10.1/STM32CubeIDE/plugins/com.st.stm32cube.ide.mcu.externaltools.gnu-tools-for-stm32.11.3.rel1.win32_1.1.0.202305231506/tools/bin/../lib/gcc/arm-none-eabi/11.3.1/../../../../arm-none-eabi/lib/thumb/v6-m/nofp\libc_nano.a(libc_a-signalr.o)
 .ARM.attributes
                0x00000000000007fb       0x2c C:/ST/STM32CubeIDE_1.10.1/STM32CubeIDE/plugins/com.st.stm32cube.ide.mcu.externaltools.gnu-tools-for-stm32.11.3.rel1.win32_1.1.0.202305231506/tools/bin/../lib/gcc/arm-none-eabi/11.3.1/../../../../arm-none-eabi/lib/thumb/v6-m/nofp\libc_nano.a(libc_a-sbrkr.o)
 .ARM.attributes
                0x0000000000000827       0x2c C:/ST/STM32CubeIDE_1.10.1/STM32CubeIDE/plugins/com.st.stm32cube.ide.mcu.externaltools.gnu-tools-for-stm32.11.3.rel1.win32_1.1.0.202305231506/tools/bin/../lib/gcc/arm-none-eabi/11.3.1/../../../../arm-none-eabi/lib/thumb/v6-m/nofp\libc_nano.a(libc_a-errno.o)
 .ARM.attributes
                0x0000000000000853       0x2c C:/ST/STM32CubeIDE_1.10.1/STM32CubeIDE/plugins/com.st.stm32cube.ide.mcu.externaltools.gnu-tools-for-stm32.11.3.rel1.win32_1.1.0.202305231506/tools/bin/../lib/gcc/arm-none-eabi/11.3.1/../../../../arm-none-eabi/lib/thumb/v6-m/nofp\libc_nano.a(libc_a-init.o)
 .ARM.attributes