../Core/Src/main.cpp:84:6:void button_click(GPIO_TypeDef*, uint8_t, uint8_t)	16	static
../Core/Src/main.cpp:96:6:void button_interrupt(uint8_t)	16	static
../Core/Src/main.cpp:132:5:int main()	16	static
../Core/Src/main.cpp:225:6:void SystemClock_Config()	96	static
../Core/Src/main.cpp:272:13:void MX_I2C1_Init()	8	static
../Core/Src/main.cpp:320:13:void MX_TIM6_Init()	8	static
../Core/Src/main.cpp:350:13:void MX_USART1_UART_Init()	8	static
../Core/Src/main.cpp:383:13:void MX_DMA_Init()	16	static
../Core/Src/main.cpp:401:13:void MX_GPIO_Init()	48	static
../Core/Src/main.cpp:429:6:void HAL_I2C_MasterTxCpltCallback(I2C_HandleTypeDef*)	16	static
../Core/Src/main.cpp:433:6:void HAL_I2C_ErrorCallback(I2C_HandleTypeDef*)	16	static
../Core/Src/main.cpp:437:6:void HAL_UART_TxCpltCallback(UART_HandleTypeDef*)	16	static
../Core/Src/main.cpp:443:6:void HAL_TIM_PeriodElapsedCallback(TIM_HandleTypeDef*)	16	static
../Core/Src/main.cpp:454:6:void Error_Handler()	8	static,ignoring_inline_asm
