c:\st\stm32cubeide_1.10.1\stm32cubeide\plugins\com.st.stm32cube.ide.mcu.externaltools.gnu-tools-for-stm32.10.3-2021.10.win32_1.0.200.202301161003\tools\bin\../lib/gcc/arm-none-eabi/10.3.1/../../../../arm-none-eabi/include/c++/10.3.1/arm-none-eabi/thumb/v6-m/nofp/bits/gthr-default.h:229:1:int __gthread_key_delete(__gthread_key_t)	16	static
../Core/Src/main.cpp:90:6:void setTime()	32	static
../Core/Src/main.cpp:117:6:void get_time()	48	static
../Core/Src/main.cpp:140:6:void HAL_I2C_MasterTxCpltCallback(I2C_HandleTypeDef*)	16	static
../Core/Src/main.cpp:144:6:void HAL_I2C_ErrorCallback(I2C_HandleTypeDef*)	16	static
../Core/Src/main.cpp:148:6:void HAL_UART_TxCpltCallback(UART_HandleTypeDef*)	16	static
../Core/Src/main.cpp:152:6:void HAL_TIM_PeriodElapsedCallback(TIM_HandleTypeDef*)	16	static
../Core/Src/main.cpp:165:5:int main()	1128	static
../Core/Src/main.cpp:383:6:void SystemClock_Config()	96	static
../Core/Src/main.cpp:431:13:void MX_I2C1_Init()	8	static
../Core/Src/main.cpp:479:13:void MX_RTC_Init()	8	static
../Core/Src/main.cpp:517:13:void MX_TIM6_Init()	8	static
../Core/Src/main.cpp:547:13:void MX_USART2_UART_Init()	8	static
../Core/Src/main.cpp:580:13:void MX_DMA_Init()	16	static
../Core/Src/main.cpp:601:13:void MX_GPIO_Init()	48	static
../Core/Src/main.cpp:656:6:void Error_Handler()	8	static,ignoring_inline_asm
../Core/Src/main.cpp:665:1:void __static_initialization_and_destruction_0(int, int)	16	static
../Core/Src/main.cpp:665:1:cpp)	8	static
