../Core/Src/main.cpp:82:6:void i2c_addr_scan()	16	static
../Core/Src/main.cpp:92:6:void lcd_send_bite(uint8_t, uint8_t)	32	static
../Core/Src/main.cpp:110:6:void lcd_send_string(char*)	16	static
../Core/Src/main.cpp:121:6:void button_click(GPIO_TypeDef*, uint8_t, uint8_t)	16	static
../Core/Src/main.cpp:133:6:void button_interrupt(uint8_t)	16	static
../Core/Src/main.cpp:166:5:int main()	8	static
../Core/Src/main.cpp:314:6:void SystemClock_Config()	96	static
../Core/Src/main.cpp:361:13:void MX_I2C1_Init()	8	static
../Core/Src/main.cpp:409:13:void MX_TIM6_Init()	8	static
../Core/Src/main.cpp:439:13:void MX_USART1_UART_Init()	8	static
../Core/Src/main.cpp:472:13:void MX_DMA_Init()	16	static
../Core/Src/main.cpp:490:13:void MX_GPIO_Init()	48	static
../Core/Src/main.cpp:518:6:void HAL_I2C_MasterTxCpltCallback(I2C_HandleTypeDef*)	16	static
../Core/Src/main.cpp:522:6:void HAL_I2C_ErrorCallback(I2C_HandleTypeDef*)	16	static
../Core/Src/main.cpp:526:6:void HAL_UART_TxCpltCallback(UART_HandleTypeDef*)	16	static
../Core/Src/main.cpp:532:6:void HAL_TIM_PeriodElapsedCallback(TIM_HandleTypeDef*)	16	static
../Core/Src/main.cpp:543:6:void Error_Handler()	8	static,ignoring_inline_asm
