../Core/Src/main.cpp:77:5:int main()	72	static
../Core/Src/main.cpp:194:6:void SystemClock_Config()	96	static
../Core/Src/main.cpp:240:13:void MX_I2C1_Init()	8	static
../Core/Src/main.cpp:288:13:void MX_TIM6_Init()	8	static
../Core/Src/main.cpp:318:13:void MX_USART2_UART_Init()	8	static
../Core/Src/main.cpp:351:13:void MX_DMA_Init()	16	static
../Core/Src/main.cpp:372:13:void MX_GPIO_Init()	48	static
../Core/Src/main.cpp:420:6:void HAL_I2C_MasterTxCpltCallback(I2C_HandleTypeDef*)	16	static
../Core/Src/main.cpp:424:6:void HAL_I2C_ErrorCallback(I2C_HandleTypeDef*)	16	static
../Core/Src/main.cpp:428:6:void HAL_UART_TxCpltCallback(UART_HandleTypeDef*)	16	static
../Core/Src/main.cpp:432:6:void HAL_TIM_PeriodElapsedCallback(TIM_HandleTypeDef*)	16	static
../Core/Src/main.cpp:441:6:void Error_Handler()	8	static,ignoring_inline_asm
../Core/Src/main.cpp:450:1:void __static_initialization_and_destruction_0(int, int)	16	static
../Core/Src/main.cpp:450:1:cpp)	8	static
