../Core/Src/stm32f0xx_it.c:75:6:NMI_Handler	8	static
../Core/Src/stm32f0xx_it.c:90:6:HardFault_Handler	8	static
../Core/Src/stm32f0xx_it.c:105:6:SVC_Handler	8	static
../Core/Src/stm32f0xx_it.c:118:6:PendSV_Handler	8	static
../Core/Src/stm32f0xx_it.c:131:6:SysTick_Handler	8	static
../Core/Src/stm32f0xx_it.c:152:6:DMA1_Channel2_3_IRQHandler	8	static
../Core/Src/stm32f0xx_it.c:167:6:DMA1_Channel4_5_IRQHandler	8	static
../Core/Src/stm32f0xx_it.c:182:6:TIM6_IRQHandler	8	static
../Core/Src/stm32f0xx_it.c:196:6:I2C1_IRQHandler	8	static
../Core/Src/stm32f0xx_it.c:214:6:USART2_IRQHandler	8	static
